Component: ARM Compiler 5.06 update 6 (build 750) Tool: armlink [4d35ed]

==============================================================================

Section Cross References

    kbd.o(i.get_button) refers to kbd.o(i.KBD_get) for KBD_get
    glcd_spi_lpc1700.o(i.GLCD_Bargraph) refers to glcd_spi_lpc1700.o(i.GLCD_SetWindow) for GLCD_SetWindow
    glcd_spi_lpc1700.o(i.GLCD_Bargraph) refers to glcd_spi_lpc1700.o(i.wr_cmd) for wr_cmd
    glcd_spi_lpc1700.o(i.GLCD_Bargraph) refers to glcd_spi_lpc1700.o(i.wr_dat_start) for wr_dat_start
    glcd_spi_lpc1700.o(i.GLCD_Bargraph) refers to glcd_spi_lpc1700.o(i.wr_dat_only) for wr_dat_only
    glcd_spi_lpc1700.o(i.GLCD_Bargraph) refers to glcd_spi_lpc1700.o(i.wr_dat_stop) for wr_dat_stop
    glcd_spi_lpc1700.o(i.GLCD_Bargraph) refers to glcd_spi_lpc1700.o(.data) for Color
    glcd_spi_lpc1700.o(i.GLCD_Bitmap) refers to glcd_spi_lpc1700.o(i.GLCD_SetWindow) for GLCD_SetWindow
    glcd_spi_lpc1700.o(i.GLCD_Bitmap) refers to glcd_spi_lpc1700.o(i.wr_cmd) for wr_cmd
    glcd_spi_lpc1700.o(i.GLCD_Bitmap) refers to glcd_spi_lpc1700.o(i.wr_dat_start) for wr_dat_start
    glcd_spi_lpc1700.o(i.GLCD_Bitmap) refers to glcd_spi_lpc1700.o(i.wr_dat_only) for wr_dat_only
    glcd_spi_lpc1700.o(i.GLCD_Bitmap) refers to glcd_spi_lpc1700.o(i.wr_dat_stop) for wr_dat_stop
    glcd_spi_lpc1700.o(i.GLCD_Clear) refers to glcd_spi_lpc1700.o(i.GLCD_WindowMax) for GLCD_WindowMax
    glcd_spi_lpc1700.o(i.GLCD_Clear) refers to glcd_spi_lpc1700.o(i.wr_cmd) for wr_cmd
    glcd_spi_lpc1700.o(i.GLCD_Clear) refers to glcd_spi_lpc1700.o(i.wr_dat_start) for wr_dat_start
    glcd_spi_lpc1700.o(i.GLCD_Clear) refers to glcd_spi_lpc1700.o(i.wr_dat_only) for wr_dat_only
    glcd_spi_lpc1700.o(i.GLCD_Clear) refers to glcd_spi_lpc1700.o(i.wr_dat_stop) for wr_dat_stop
    glcd_spi_lpc1700.o(i.GLCD_ClearLn) refers to glcd_spi_lpc1700.o(i.GLCD_WindowMax) for GLCD_WindowMax
    glcd_spi_lpc1700.o(i.GLCD_ClearLn) refers to glcd_spi_lpc1700.o(i.GLCD_DisplayString) for GLCD_DisplayString
    glcd_spi_lpc1700.o(i.GLCD_DisplayChar) refers to glcd_spi_lpc1700.o(i.GLCD_DrawChar) for GLCD_DrawChar
    glcd_spi_lpc1700.o(i.GLCD_DisplayChar) refers to glcd_spi_lpc1700.o(.constdata) for Font_6x8_h
    glcd_spi_lpc1700.o(i.GLCD_DisplayString) refers to glcd_spi_lpc1700.o(i.GLCD_DisplayChar) for GLCD_DisplayChar
    glcd_spi_lpc1700.o(i.GLCD_DrawChar) refers to glcd_spi_lpc1700.o(i.GLCD_SetWindow) for GLCD_SetWindow
    glcd_spi_lpc1700.o(i.GLCD_DrawChar) refers to glcd_spi_lpc1700.o(i.wr_cmd) for wr_cmd
    glcd_spi_lpc1700.o(i.GLCD_DrawChar) refers to glcd_spi_lpc1700.o(i.wr_dat_start) for wr_dat_start
    glcd_spi_lpc1700.o(i.GLCD_DrawChar) refers to glcd_spi_lpc1700.o(i.wr_dat_only) for wr_dat_only
    glcd_spi_lpc1700.o(i.GLCD_DrawChar) refers to glcd_spi_lpc1700.o(i.wr_dat_stop) for wr_dat_stop
    glcd_spi_lpc1700.o(i.GLCD_DrawChar) refers to glcd_spi_lpc1700.o(.data) for Color
    glcd_spi_lpc1700.o(i.GLCD_Init) refers to glcd_spi_lpc1700.o(i.rd_id_man) for rd_id_man
    glcd_spi_lpc1700.o(i.GLCD_Init) refers to glcd_spi_lpc1700.o(i.rd_reg) for rd_reg
    glcd_spi_lpc1700.o(i.GLCD_Init) refers to glcd_spi_lpc1700.o(i.wr_reg) for wr_reg
    glcd_spi_lpc1700.o(i.GLCD_Init) refers to glcd_spi_lpc1700.o(i.delay) for delay
    glcd_spi_lpc1700.o(i.GLCD_Init) refers to glcd_spi_lpc1700.o(.data) for Himax
    glcd_spi_lpc1700.o(i.GLCD_PutPixel) refers to glcd_spi_lpc1700.o(i.wr_reg) for wr_reg
    glcd_spi_lpc1700.o(i.GLCD_PutPixel) refers to glcd_spi_lpc1700.o(i.wr_cmd) for wr_cmd
    glcd_spi_lpc1700.o(i.GLCD_PutPixel) refers to glcd_spi_lpc1700.o(i.wr_dat) for wr_dat
    glcd_spi_lpc1700.o(i.GLCD_PutPixel) refers to glcd_spi_lpc1700.o(.data) for Himax
    glcd_spi_lpc1700.o(i.GLCD_SetBackColor) refers to glcd_spi_lpc1700.o(.data) for Color
    glcd_spi_lpc1700.o(i.GLCD_SetTextColor) refers to glcd_spi_lpc1700.o(.data) for Color
    glcd_spi_lpc1700.o(i.GLCD_SetWindow) refers to glcd_spi_lpc1700.o(i.wr_reg) for wr_reg
    glcd_spi_lpc1700.o(i.GLCD_SetWindow) refers to glcd_spi_lpc1700.o(.data) for Himax
    glcd_spi_lpc1700.o(i.GLCD_WindowMax) refers to glcd_spi_lpc1700.o(i.GLCD_SetWindow) for GLCD_SetWindow
    glcd_spi_lpc1700.o(i.GLCD_WrCmd) refers to glcd_spi_lpc1700.o(i.wr_cmd) for wr_cmd
    glcd_spi_lpc1700.o(i.GLCD_WrReg) refers to glcd_spi_lpc1700.o(i.wr_reg) for wr_reg
    glcd_spi_lpc1700.o(i.rd_id_man) refers to glcd_spi_lpc1700.o(i.spi_tran_man) for spi_tran_man
    glcd_spi_lpc1700.o(i.rd_reg) refers to glcd_spi_lpc1700.o(i.wr_cmd) for wr_cmd
    glcd_spi_lpc1700.o(i.rd_reg) refers to glcd_spi_lpc1700.o(i.spi_tran) for spi_tran
    glcd_spi_lpc1700.o(i.spi_tran_man) refers to glcd_spi_lpc1700.o(i.delay) for delay
    glcd_spi_lpc1700.o(i.wr_cmd) refers to glcd_spi_lpc1700.o(i.spi_tran) for spi_tran
    glcd_spi_lpc1700.o(i.wr_dat) refers to glcd_spi_lpc1700.o(i.spi_tran) for spi_tran
[...]
    printf3.o(i.__0vfprintf$3) refers to printf3.o(i._printf_core) for _printf_core
    printf3.o(i.__0vfprintf$3) refers to fputc.o(i.fputc) for fputc
    printf3.o(i.__0vprintf$3) refers to printf3.o(i._printf_core) for _printf_core
    printf3.o(i.__0vprintf$3) refers to fputc.o(i.fputc) for fputc
    printf3.o(i.__0vprintf$3) refers to stdout.o(.data) for __stdout
    printf3.o(i.__0vsnprintf$3) refers to printf3.o(i._printf_core) for _printf_core
    printf3.o(i.__0vsnprintf$3) refers to printf3.o(i._snputc) for _snputc
    printf3.o(i.__0vsprintf$3) refers to printf3.o(i._printf_core) for _printf_core
    printf3.o(i.__0vsprintf$3) refers to printf3.o(i._sputc) for _sputc
    printf3.o(i._printf_core) refers to uidiv.o(.text) for __aeabi_uidivmod
    printf4.o(i.__0fprintf$4) refers to printf4.o(i._printf_core) for _printf_core
    printf4.o(i.__0fprintf$4) refers to fputc.o(i.fputc) for fputc
    printf4.o(i.__0printf$4) refers to printf4.o(i._printf_core) for _printf_core
    printf4.o(i.__0printf$4) refers to fputc.o(i.fputc) for fputc
    printf4.o(i.__0printf$4) refers to stdout.o(.data) for __stdout
    printf4.o(i.__0snprintf$4) refers to printf4.o(i._printf_core) for _printf_core
    printf4.o(i.__0snprintf$4) refers to printf4.o(i._snputc) for _snputc
    printf4.o(i.__0sprintf$4) refers to printf4.o(i._printf_core) for _printf_core
    printf4.o(i.__0sprintf$4) refers to printf4.o(i._sputc) for _sputc
    printf4.o(i.__0vfprintf$4) refers to printf4.o(i._printf_core) for _printf_core
    printf4.o(i.__0vfprintf$4) refers to fputc.o(i.fputc) for fputc
    printf4.o(i.__0vprintf$4) refers to printf4.o(i._printf_core) for _printf_core
    printf4.o(i.__0vprintf$4) refers to fputc.o(i.fputc) for fputc
    printf4.o(i.__0vprintf$4) refers to stdout.o(.data) for __stdout
    printf4.o(i.__0vsnprintf$4) refers to printf4.o(i._printf_core) for _printf_core
    printf4.o(i.__0vsnprintf$4) refers to printf4.o(i._snputc) for _snputc
    printf4.o(i.__0vsprintf$4) refers to printf4.o(i._printf_core) for _printf_core
    printf4.o(i.__0vsprintf$4) refers to printf4.o(i._sputc) for _sputc
    printf4.o(i._printf_core) refers to uldiv.o(.text) for __aeabi_uldivmod
    printf5.o(i.__0fprintf$5) refers to printf5.o(i._printf_core) for _printf_core
    printf5.o(i.__0fprintf$5) refers to fputc.o(i.fputc) for fputc
    printf5.o(i.__0printf$5) refers to printf5.o(i._printf_core) for _printf_core
    printf5.o(i.__0printf$5) refers to fputc.o(i.fputc) for fputc
    printf5.o(i.__0printf$5) refers to stdout.o(.data) for __stdout
    printf5.o(i.__0snprintf$5) refers to printf5.o(i._printf_core) for _printf_core
    printf5.o(i.__0snprintf$5) refers to printf5.o(i._snputc) for _snputc
    printf5.o(i.__0sprintf$5) refers to printf5.o(i._printf_core) for _printf_core
    printf5.o(i.__0sprintf$5) refers to printf5.o(i._sputc) for _sputc
    printf5.o(i.__0vfprintf$5) refers to printf5.o(i._printf_core) for _printf_core
    printf5.o(i.__0vfprintf$5) refers to fputc.o(i.fputc) for fputc
    printf5.o(i.__0vprintf$5) refers to printf5.o(i._printf_core) for _printf_core
    printf5.o(i.__0vprintf$5) refers to fputc.o(i.fputc) for fputc
    printf5.o(i.__0vprintf$5) refers to stdout.o(.data) for __stdout
    printf5.o(i.__0vsnprintf$5) refers to printf5.o(i._printf_core) for _printf_core
    printf5.o(i.__0vsnprintf$5) refers to printf5.o(i._snputc) for _snputc
    printf5.o(i.__0vsprintf$5) refers to printf5.o(i._printf_core) for _printf_core
    printf5.o(i.__0vsprintf$5) refers to printf5.o(i._sputc) for _sputc
    printf5.o(i._printf_core) refers to uldiv.o(.text) for __aeabi_uldivmod
    printf6.o(i.__0fprintf$6) refers to printf6.o(i._printf_core) for _printf_core
    printf6.o(i.__0fprintf$6) refers to fputc.o(i.fputc) for fputc
    printf6.o(i.__0printf$6) refers to printf6.o(i._printf_core) for _printf_core
    printf6.o(i.__0printf$6) refers to fputc.o(i.fputc) for fputc
    printf6.o(i.__0printf$6) refers to stdout.o(.data) for __stdout
    printf6.o(i.__0snprintf$6) refers to printf6.o(i._printf_core) for _printf_core
    printf6.o(i.__0snprintf$6) refers to printf6.o(i._snputc) for _snputc
    printf6.o(i.__0sprintf$6) refers to printf6.o(i._printf_core) for _printf_core
    printf6.o(i.__0sprintf$6) refers to printf6.o(i._sputc) for _sputc
    printf6.o(i.__0vfprintf$6) refers to printf6.o(i._printf_core) for _printf_core
    printf6.o(i.__0vfprintf$6) refers to fputc.o(i.fputc) for fputc
    printf6.o(i.__0vprintf$6) refers to printf6.o(i._printf_core) for _printf_core
    printf6.o(i.__0vprintf$6) refers to fputc.o(i.fputc) for fputc
    printf6.o(i.__0vprintf$6) refers to stdout.o(.data) for __stdout
    printf6.o(i.__0vsnprintf$6) refers to printf6.o(i._printf_core) for _printf_core
    printf6.o(i.__0vsnprintf$6) refers to printf6.o(i._snputc) for _snputc
    printf6.o(i.__0vsprintf$6) refers to printf6.o(i._printf_core) for _printf_core
    printf6.o(i.__0vsprintf$6) refers to printf6.o(i._sputc) for _sputc
    printf6.o(i._printf_core) refers to printf6.o(i._printf_pre_padding) for _printf_pre_padding
    printf6.o(i._printf_core) refers to uidiv.o(.text) for __aeabi_uidivmod
    printf6.o(i._printf_core) refers to printf6.o(i._printf_post_padding) for _printf_post_padding
    printf7.o(i.__0fprintf$7) refers to printf7.o(i._printf_core) for _printf_core
    printf7.o(i.__0fprintf$7) refers to fputc.o(i.fputc) for fputc
    printf7.o(i.__0printf$7) refers to printf7.o(i._printf_core) for _printf_core
    printf7.o(i.__0printf$7) refers to fputc.o(i.fputc) for fputc
    printf7.o(i.__0printf$7) refers to stdout.o(.data) for __stdout
    printf7.o(i.__0snprintf$7) refers to printf7.o(i._printf_core) for _printf_core
    printf7.o(i.__0snprintf$7) refers to printf7.o(i._snputc) for _snputc
    printf7.o(i.__0sprintf$7) refers to printf7.o(i._printf_core) for _printf_core
    printf7.o(i.__0sprintf$7) refers to printf7.o(i._sputc) for _sputc
    printf7.o(i.__0vfprintf$7) refers to printf7.o(i._printf_core) for _printf_core
    printf7.o(i.__0vfprintf$7) refers to fputc.o(i.fputc) for fputc
    printf7.o(i.__0vprintf$7) refers to printf7.o(i._printf_core) for _printf_core
    printf7.o(i.__0vprintf$7) refers to fputc.o(i.fputc) for fputc
    printf7.o(i.__0vprintf$7) refers to stdout.o(.data) for __stdout
    printf7.o(i.__0vsnprintf$7) refers to printf7.o(i._printf_core) for _printf_core
    printf7.o(i.__0vsnprintf$7) refers to printf7.o(i._snputc) for _snputc
    printf7.o(i.__0vsprintf$7) refers to printf7.o(i._printf_core) for _printf_core
    printf7.o(i.__0vsprintf$7) refers to printf7.o(i._sputc) for _sputc
    printf7.o(i._printf_core) refers to printf7.o(i._printf_pre_padding) for _printf_pre_padding
    printf7.o(i._printf_core) refers to uldiv.o(.text) for __aeabi_uldivmod
    printf7.o(i._printf_core) refers to printf7.o(i._printf_post_padding) for _printf_post_padding
    printf8.o(i.__0fprintf$8) refers to printf8.o(i._printf_core) for _printf_core
    printf8.o(i.__0fprintf$8) refers to fputc.o(i.fputc) for fputc
    printf8.o(i.__0printf$8) refers to printf8.o(i._printf_core) for _printf_core
    printf8.o(i.__0printf$8) refers to fputc.o(i.fputc) for fputc
    printf8.o(i.__0printf$8) refers to stdout.o(.data) for __stdout
    printf8.o(i.__0snprintf$8) refers to printf8.o(i._printf_core) for _printf_core
    printf8.o(i.__0snprintf$8) refers to printf8.o(i._snputc) for _snputc
    printf8.o(i.__0sprintf$8) refers to printf8.o(i._printf_core) for _printf_core
    printf8.o(i.__0sprintf$8) refers to printf8.o(i._sputc) for _sputc
    printf8.o(i.__0vfprintf$8) refers to printf8.o(i._printf_core) for _printf_core
    printf8.o(i.__0vfprintf$8) refers to fputc.o(i.fputc) for fputc
    printf8.o(i.__0vprintf$8) refers to printf8.o(i._printf_core) for _printf_core
    printf8.o(i.__0vprintf$8) refers to fputc.o(i.fputc) for fputc
    printf8.o(i.__0vprintf$8) refers to stdout.o(.data) for __stdout
    printf8.o(i.__0vsnprintf$8) refers to printf8.o(i._printf_core) for _printf_core
    printf8.o(i.__0vsnprintf$8) refers to printf8.o(i._snputc) for _snputc
    printf8.o(i.__0vsprintf$8) refers to printf8.o(i._printf_core) for _printf_core
    printf8.o(i.__0vsprintf$8) refers to printf8.o(i._sputc) for _sputc
    printf8.o(i._printf_core) refers to printf8.o(i._printf_pre_padding) for _printf_pre_padding
    printf8.o(i._printf_core) refers to uldiv.o(.text) for __aeabi_uldivmod
    printf8.o(i._printf_core) refers to printf8.o(i._printf_post_padding) for _printf_post_padding
    printfa.o(i.__0fprintf) refers (Special) to iusefp.o(.text) for __I$use$fp
    printfa.o(i.__0fprintf) refers to printfa.o(i._printf_core) for _printf_core
    printfa.o(i.__0fprintf) refers to fputc.o(i.fputc) for fputc
    printfa.o(i.__0printf) refers (Special) to iusefp.o(.text) for __I$use$fp
    printfa.o(i.__0printf) refers to printfa.o(i._printf_core) for _printf_core
    printfa.o(i.__0printf) refers to fputc.o(i.fputc) for fputc
    printfa.o(i.__0printf) refers to stdout.o(.data) for __stdout
    printfa.o(i.__0snprintf) refers (Special) to iusefp.o(.text) for __I$use$fp
    printfa.o(i.__0snprintf) refers to printfa.o(i._printf_core) for _printf_core
    printfa.o(i.__0snprintf) refers to printfa.o(i._snputc) for _snputc
    printfa.o(i.__0sprintf) refers (Special) to iusefp.o(.text) for __I$use$fp
    printfa.o(i.__0sprintf) refers to printfa.o(i._printf_core) for _printf_core
    printfa.o(i.__0sprintf) refers to printfa.o(i._sputc) for _sputc
    printfa.o(i.__0vfprintf) refers (Special) to iusefp.o(.text) for __I$use$fp
    printfa.o(i.__0vfprintf) refers to printfa.o(i._printf_core) for _printf_core
    printfa.o(i.__0vfprintf) refers to fputc.o(i.fputc) for fputc
    printfa.o(i.__0vprintf) refers (Special) to iusefp.o(.text) for __I$use$fp
    printfa.o(i.__0vprintf) refers to printfa.o(i._printf_core) for _printf_core
    printfa.o(i.__0vprintf) refers to fputc.o(i.fputc) for fputc
    printfa.o(i.__0vprintf) refers to stdout.o(.data) for __stdout
    printfa.o(i.__0vsnprintf) refers (Special) to iusefp.o(.text) for __I$use$fp
    printfa.o(i.__0vsnprintf) refers to printfa.o(i._printf_core) for _printf_core
    printfa.o(i.__0vsnprintf) refers to printfa.o(i._snputc) for _snputc
    printfa.o(i.__0vsprintf) refers (Special) to iusefp.o(.text) for __I$use$fp
    printfa.o(i.__0vsprintf) refers to printfa.o(i._printf_core) for _printf_core
    printfa.o(i.__0vsprintf) refers to printfa.o(i._sputc) for _sputc
    printfa.o(i._fp_digits) refers (Special) to iusefp.o(.text) for __I$use$fp
    printfa.o(i._fp_digits) refers to dmul.o(.text) for __aeabi_dmul
    printfa.o(i._fp_digits) refers to ddiv.o(.text) for __aeabi_ddiv
    printfa.o(i._fp_digits) refers to cdrcmple.o(.text) for __aeabi_cdrcmple
    printfa.o(i._fp_digits) refers to dadd.o(.text) for __aeabi_dadd
    printfa.o(i._fp_digits) refers to dfixul.o(.text) for __aeabi_d2ulz
    printfa.o(i._fp_digits) refers to uldiv.o(.text) for __aeabi_uldivmod
    printfa.o(i._printf_core) refers (Special) to iusefp.o(.text) for __I$use$fp
    printfa.o(i._printf_core) refers to printfa.o(i._printf_pre_padding) for _printf_pre_padding
    printfa.o(i._printf_core) refers to uldiv.o(.text) for __aeabi_uldivmod
    printfa.o(i._printf_core) refers to printfa.o(i._printf_post_padding) for _printf_post_padding
    printfa.o(i._printf_core) refers to printfa.o(i._fp_digits) for _fp_digits
    printfa.o(i._printf_core) refers to uidiv.o(.text) for __aeabi_uidivmod
    printfa.o(i._printf_post_padding) refers (Special) to iusefp.o(.text) for __I$use$fp
    printfa.o(i._printf_pre_padding) refers (Special) to iusefp.o(.text) for __I$use$fp
    printfa.o(i._snputc) refers (Special) to iusefp.o(.text) for __I$use$fp
    printfa.o(i._sputc) refers (Special) to iusefp.o(.text) for __I$use$fp
    entry2.o(.ARM.Collect$$$$00000001) refers to entry2.o(.ARM.Collect$$$$00002712) for __lit__00000000
    entry2.o(.ARM.Collect$$$$00002712) refers to startup_lpc17xx.o(STACK) for __initial_sp
    entry2.o(__vectab_stack_and_reset_area) refers to startup_lpc17xx.o(STACK) for __initial_sp
    entry2.o(__vectab_stack_and_reset_area) refers to entry.o(.ARM.Collect$$$$00000000) for __main
    entry5.o(.ARM.Collect$$$$00000004) refers to init.o(.text) for __scatterload
    entry9a.o(.ARM.Collect$$$$0000000B) refers to main.o(i.main) for main
    entry9b.o(.ARM.Collect$$$$0000000C) refers to main.o(i.main) for main
    fputc.o(i.fputc) refers (Special) to iusesemip.o(.text) for __I$use$semihosting$fputc
    fputc.o(i.fputc) refers (Special) to semi.o(.text) for __semihosting_library_function
    dadd.o(.text) refers to llshl.o(.text) for __aeabi_llsl
    dadd.o(.text) refers to llsshr.o(.text) for __aeabi_lasr
    dadd.o(.text) refers to depilogue.o(.text) for _double_epilogue
    dmul.o(.text) refers to depilogue.o(.text) for _double_epilogue
    ddiv.o(.text) refers to depilogue.o(.text) for _double_round
    dfixul.o(.text) refers to llushr.o(.text) for __aeabi_llsr
    dfixul.o(.text) refers to llshl.o(.text) for __aeabi_llsl
    init.o(.text) refers to entry5.o(.ARM.Collect$$$$00000004) for __main_after_scatterload
    depilogue.o(.text) refers to llshl.o(.text) for __aeabi_llsl
    depilogue.o(.text) refers to llushr.o(.text) for __aeabi_llsr


==============================================================================

Removing Unused input sections from the image.

    Removing kbd.o(.rev16_text), (4 bytes).
    Removing kbd.o(.revsh_text), (4 bytes).
    Removing kbd.o(.rrx_text), (6 bytes).
    Removing kbd.o(i.KBD_GetKeys), (64 bytes).
    Removing kbd.o(.data), (4 bytes).
    Removing glcd_spi_lpc1700.o(.rev16_text), (4 bytes).
    Removing glcd_spi_lpc1700.o(.revsh_text), (4 bytes).
    Removing glcd_spi_lpc1700.o(.rrx_text), (6 bytes).
    Removing glcd_spi_lpc1700.o(i.GLCD_PutPixel), (128 bytes).
    Removing glcd_spi_lpc1700.o(i.GLCD_ScrollVertical), (2 bytes).
    Removing glcd_spi_lpc1700.o(i.GLCD_WrCmd), (12 bytes).
    Removing glcd_spi_lpc1700.o(i.GLCD_WrReg), (16 bytes).
    Removing main.o(.rev16_text), (4 bytes).
    Removing main.o(.revsh_text), (4 bytes).
    Removing main.o(.rrx_text), (6 bytes).
    Removing main.o(.constdata), (307200 bytes).
    Removing menu.o(.rev16_text), (4 bytes).
    Removing menu.o(.revsh_text), (4 bytes).
    Removing menu.o(.rrx_text), (6 bytes).
    Removing player.o(.rev16_text), (4 bytes).
    Removing player.o(.revsh_text), (4 bytes).
    Removing player.o(.rrx_text), (6 bytes).
    Removing gallery.o(.rev16_text), (4 bytes).
    Removing gallery.o(.revsh_text), (4 bytes).
    Removing gallery.o(.rrx_text), (6 bytes).
    Removing flappy.o(.rev16_text), (4 bytes).
    Removing flappy.o(.revsh_text), (4 bytes).
    Removing flappy.o(.rrx_text), (6 bytes).
    Removing leafs.o(.constdata), (96001 bytes).
    Removing usbhw.o(.rev16_text), (4 bytes).
    Removing usbhw.o(.revsh_text), (4 bytes).
    Removing usbhw.o(.rrx_text), (6 bytes).
    Removing usbhw.o(i.USB_ClearEPBuf), (20 bytes).
    Removing usbhw.o(i.USB_DMA_BufCnt), (36 bytes).
    Removing usbhw.o(i.USB_DMA_Disable), (24 bytes).
    Removing usbhw.o(i.USB_DMA_Status), (80 bytes).
    Removing usbhw.o(i.USB_GetFrame), (40 bytes).
    Removing usbhw.o(i.USB_WakeUp), (36 bytes).
    Removing usbuser.o(i.USB_EndPoint1), (2 bytes).
    Removing usbuser.o(i.USB_EndPoint10), (2 bytes).
    Removing usbuser.o(i.USB_EndPoint11), (2 bytes).
    Removing usbuser.o(i.USB_EndPoint12), (2 bytes).
    Removing usbuser.o(i.USB_EndPoint13), (2 bytes).
    Removing usbuser.o(i.USB_EndPoint14), (2 bytes).
    Removing usbuser.o(i.USB_EndPoint15), (2 bytes).
    Removing usbuser.o(i.USB_EndPoint2), (2 bytes).
    Removing usbuser.o(i.USB_EndPoint4), (2 bytes).
    Removing usbuser.o(i.USB_EndPoint5), (2 bytes).
    Removing usbuser.o(i.USB_EndPoint6), (2 bytes).
    Removing usbuser.o(i.USB_EndPoint7), (2 bytes).
    Removing usbuser.o(i.USB_EndPoint8), (2 bytes).
    Removing usbuser.o(i.USB_EndPoint9), (2 bytes).
    Removing adcuser.o(.constdata), (6 bytes).
    Removing adc_mcb1700.o(.rev16_text), (4 bytes).
    Removing adc_mcb1700.o(.revsh_text), (4 bytes).
    Removing adc_mcb1700.o(.rrx_text), (6 bytes).
    Removing adc_mcb1700.o(i.ADC_ConversionDone), (20 bytes).
    Removing adc_mcb1700.o(i.ADC_GetResolution), (4 bytes).
    Removing adc_mcb1700.o(i.ADC_GetValue), (32 bytes).
    Removing adc_mcb1700.o(i.ADC_Initialize), (104 bytes).
    Removing adc_mcb1700.o(i.ADC_StartConversion), (32 bytes).
    Removing adc_mcb1700.o(i.ADC_Uninitialize), (100 bytes).
    Removing adc_mcb1700.o(.constdata), (2 bytes).
    Removing led_mcb1700.o(.rev16_text), (4 bytes).
    Removing led_mcb1700.o(.revsh_text), (4 bytes).
    Removing led_mcb1700.o(.rrx_text), (6 bytes).
    Removing led_mcb1700.o(i.LED_GetCount), (4 bytes).
    Removing led_mcb1700.o(i.LED_Off), (44 bytes).
    Removing led_mcb1700.o(i.LED_On), (44 bytes).
    Removing led_mcb1700.o(i.LED_SetOut), (40 bytes).
    Removing led_mcb1700.o(i.LED_Uninitialize), (48 bytes).
    Removing eventrecorder.o(.rev16_text), (4 bytes).
    Removing eventrecorder.o(.revsh_text), (4 bytes).
    Removing eventrecorder.o(.rrx_text), (6 bytes).
    Removing eventrecorder.o(.emb_text), (116 bytes).
    Removing eventrecorder.o(i.EventCheckFilter), (40 bytes).
    Removing eventrecorder.o(i.EventGetTS), (60 bytes).
    Removing eventrecorder.o(i.EventRecord2), (70 bytes).
    Removing eventrecorder.o(i.EventRecord4), (118 bytes).
    Removing eventrecorder.o(i.EventRecordData), (278 bytes).
    Removing eventrecorder.o(i.EventRecordItem), (216 bytes).
    Removing eventrecorder.o(i.EventRecorderClockUpdate), (44 bytes).
    Removing eventrecorder.o(i.EventRecorderDisable), (92 bytes).
    Removing eventrecorder.o(i.EventRecorderEnable), (92 bytes).
    Removing eventrecorder.o(i.EventRecorderInitialize), (296 bytes).
    Removing eventrecorder.o(i.EventRecorderStart), (48 bytes).
    Removing eventrecorder.o(i.EventRecorderStop), (48 bytes).
    Removing eventrecorder.o(i.EventRecorderTimerGetCount), (12 bytes).
    Removing eventrecorder.o(i.EventRecorderTimerGetFreq), (12 bytes).
    Removing eventrecorder.o(i.EventRecorderTimerSetup), (36 bytes).
    Removing eventrecorder.o(i.GetContext), (16 bytes).
    Removing eventrecorder.o(i.crc16_ccitt), (66 bytes).
    Removing gpio_lpc17xx.o(.rev16_text), (4 bytes).
    Removing gpio_lpc17xx.o(.revsh_text), (4 bytes).
    Removing gpio_lpc17xx.o(.rrx_text), (6 bytes).
    Removing gpio_lpc17xx.o(i.GPIO_PinRead), (32 bytes).
    Removing gpio_lpc17xx.o(i.GPIO_PortRead), (20 bytes).
    Removing gpio_lpc17xx.o(i.GPIO_PortWrite), (32 bytes).
    Removing pin_lpc17xx.o(.rev16_text), (4 bytes).
    Removing pin_lpc17xx.o(.revsh_text), (4 bytes).
    Removing pin_lpc17xx.o(.rrx_text), (6 bytes).
    Removing pin_lpc17xx.o(i.PIN_ConfigureI2C0Pins), (32 bytes).
    Removing pin_lpc17xx.o(i.PIN_ConfigureTPIU), (40 bytes).
    Removing startup_lpc17xx.o(HEAP), (0 bytes).
    Removing system_lpc17xx.o(.rev16_text), (4 bytes).
    Removing system_lpc17xx.o(.revsh_text), (4 bytes).
    Removing system_lpc17xx.o(.rrx_text), (6 bytes).
    Removing system_lpc17xx.o(i.SystemCoreClockUpdate), (424 bytes).
    Removing dadd.o(.text), (334 bytes).
    Removing dmul.o(.text), (228 bytes).
    Removing ddiv.o(.text), (222 bytes).
    Removing dfixul.o(.text), (48 bytes).
    Removing cdrcmple.o(.text), (48 bytes).
    Removing depilogue.o(.text), (186 bytes).

114 unused section(s) (total 407673 bytes) removed from the image.

==============================================================================

Image Symbol Table

    Local Symbols

    Symbol Name                              Value     Ov Type        Size  Object(Section)

    RESET                                    0x00000000   Section      204  startup_lpc17xx.o(RESET)
    ../clib/microlib/division.c              0x00000000   Number         0  uidiv.o ABSOLUTE
    ../clib/microlib/division.c              0x00000000   Number         0  uldiv.o ABSOLUTE
    ../clib/microlib/init/entry.s            0x00000000   Number         0  entry11b.o ABSOLUTE
    ../clib/microlib/init/entry.s            0x00000000   Number         0  entry11a.o ABSOLUTE
    ../clib/microlib/init/entry.s            0x00000000   Number         0  entry2.o ABSOLUTE
    ../clib/microlib/init/entry.s            0x00000000   Number         0  entry5.o ABSOLUTE
    ../clib/microlib/init/entry.s            0x00000000   Number         0  entry7a.o ABSOLUTE
    ../clib/microlib/init/entry.s            0x00000000   Number         0  entry7b.o ABSOLUTE
    ../clib/microlib/init/entry.s            0x00000000   Number         0  entry8a.o ABSOLUTE
    ../clib/microlib/init/entry.s            0x00000000   Number         0  entry8b.o ABSOLUTE
    ../clib/microlib/init/entry.s            0x00000000   Number         0  entry9a.o ABSOLUTE
    ../clib/microlib/init/entry.s            0x00000000   Number         0  entry.o ABSOLUTE
    ../clib/microlib/init/entry.s            0x00000000   Number         0  entry9b.o ABSOLUTE
    ../clib/microlib/init/entry.s            0x00000000   Number         0  entry10a.o ABSOLUTE
    ../clib/microlib/init/entry.s            0x00000000   Number         0  entry10b.o ABSOLUTE
    ../clib/microlib/longlong.c              0x00000000   Number         0  llsshr.o ABSOLUTE
    ../clib/microlib/longlong.c              0x00000000   Number         0  llushr.o ABSOLUTE
    ../clib/microlib/longlong.c              0x00000000   Number         0  llshl.o ABSOLUTE
    ../clib/microlib/printf/printf.c         0x00000000   Number         0  printf4.o ABSOLUTE
    ../clib/microlib/printf/printf.c         0x00000000   Number         0  printf3.o ABSOLUTE
    ../clib/microlib/printf/printf.c         0x00000000   Number         0  printf5.o ABSOLUTE
    ../clib/microlib/printf/printf.c         0x00000000   Number         0  printf6.o ABSOLUTE
    ../clib/microlib/printf/printf.c         0x00000000   Number         0  printf1.o ABSOLUTE
    ../clib/microlib/printf/printf.c         0x00000000   Number         0  printf7.o ABSOLUTE
    ../clib/microlib/printf/printf.c         0x00000000   Number         0  printf8.o ABSOLUTE
    ../clib/microlib/printf/printf.c         0x00000000   Number         0  printfa.o ABSOLUTE
    ../clib/microlib/printf/printf.c         0x00000000   Number         0  printf2.o ABSOLUTE
    ../clib/microlib/printf/printf.c         0x00000000   Number         0  printf0.o ABSOLUTE
    ../clib/microlib/printf/printf.c         0x00000000   Number         0  printfb.o ABSOLUTE
    ../clib/microlib/printf/stubs.s          0x00000000   Number         0  stubs.o ABSOLUTE
    ../clib/microlib/stdio/fputc.c           0x00000000   Number         0  fputc.o ABSOLUTE
    ../clib/microlib/stdio/semi.s            0x00000000   Number         0  semi.o ABSOLUTE
    ../clib/microlib/stdio/streams.c         0x00000000   Number         0  stdout.o ABSOLUTE
    ../clib/microlib/stdlib/rand.c           0x00000000   Number         0  rand.o ABSOLUTE
    ../clib/microlib/string/memcpy.c         0x00000000   Number         0  memcpyb.o ABSOLUTE
    ../clib/microlib/string/memcpy.c         0x00000000   Number         0  memcpya.o ABSOLUTE
    ../clib/microlib/string/memset.c         0x00000000   Number         0  memseta.o ABSOLUTE
    ../clib/microlib/stubs.s                 0x00000000   Number         0  iusesemip.o ABSOLUTE
    ../clib/microlib/stubs.s                 0x00000000   Number         0  iusefp.o ABSOLUTE
    ../fplib/microlib/fpadd.c                0x00000000   Number         0  dadd.o ABSOLUTE
    ../fplib/microlib/fpdiv.c                0x00000000   Number         0  ddiv.o ABSOLUTE
    ../fplib/microlib/fpepilogue.c           0x00000000   Number         0  depilogue.o ABSOLUTE
    ../fplib/microlib/fpfix.c                0x00000000   Number         0  dfixul.o ABSOLUTE
    ../fplib/microlib/fpmul.c                0x00000000   Number         0  dmul.o ABSOLUTE
    C:\Users\ECBME\AppData\Local\Arm\Packs\Keil\ARM_Compiler\1.6.3\Source\EventRecorder.c 0x00000000   Number         0  eventrecorder.o ABSOLUTE
    C:\Users\ECBME\AppData\Local\Arm\Packs\Keil\LPC1700_DFP\2.6.0\Boards\Keil\MCB1700\Common\ADC_MCB1700.c 0x00000000   Number         0  adc_mcb1700.o ABSOLUTE
    C:\Users\ECBME\AppData\Local\Arm\Packs\Keil\LPC1700_DFP\2.6.0\Boards\Keil\MCB1700\Common\LED_MCB1700.c 0x00000000   Number         0  led_mcb1700.o ABSOLUTE
    C:\Users\ECBME\AppData\Local\Arm\Packs\Keil\LPC1700_DFP\2.6.0\RTE_Driver\GPIO_LPC17xx.c 0x00000000   Number         0  gpio_lpc17xx.o ABSOLUTE
    C:\Users\ECBME\AppData\Local\Arm\Packs\Keil\LPC1700_DFP\2.6.0\RTE_Driver\PIN_LPC17xx.c 0x00000000   Number         0  pin_lpc17xx.o ABSOLUTE
    C:\\Users\\ECBME\\AppData\\Local\\Arm\\Packs\\Keil\\ARM_Compiler\\1.6.3\\Source\\EventRecorder.c 0x00000000   Number         0  eventrecorder.o ABSOLUTE
    C:\\Users\\ECBME\\AppData\\Local\\Arm\\Packs\\Keil\\LPC1700_DFP\\2.6.0\\Boards\\Keil\\MCB1700\\Common\\ADC_MCB1700.c 0x00000000   Number         0  adc_mcb1700.o ABSOLUTE
    C:\\Users\\ECBME\\AppData\\Local\\Arm\\Packs\\Keil\\LPC1700_DFP\\2.6.0\\Boards\\Keil\\MCB1700\\Common\\LED_MCB1700.c 0x00000000   Number         0  led_mcb1700.o ABSOLUTE
    C:\\Users\\ECBME\\AppData\\Local\\Arm\\Packs\\Keil\\LPC1700_DFP\\2.6.0\\RTE_Driver\\GPIO_LPC17xx.c 0x00000000   Number         0  gpio_lpc17xx.o ABSOLUTE
    C:\\Users\\ECBME\\AppData\\Local\\Arm\\Packs\\Keil\\LPC1700_DFP\\2.6.0\\RTE_Driver\\PIN_LPC17xx.c 0x00000000   Number         0  pin_lpc17xx.o ABSOLUTE
    GLCD_SPI_LPC1700.c                       0x00000000   Number         0  glcd_spi_lpc1700.o ABSOLUTE
    GLCD_SPI_LPC1700.c                       0x00000000   Number         0  glcd_spi_lpc1700.o ABSOLUTE
    KBD.c                                    0x00000000   Number         0  kbd.o ABSOLUTE
    KBD.c                                    0x00000000   Number         0  kbd.o ABSOLUTE
    RTE\Device\LPC1768\startup_LPC17xx.s     0x00000000   Number         0  startup_lpc17xx.o ABSOLUTE
    RTE\Device\LPC1768\system_LPC17xx.c      0x00000000   Number         0  system_lpc17xx.o ABSOLUTE
    RTE\\Device\\LPC1768\\system_LPC17xx.c   0x00000000   Number         0  system_lpc17xx.o ABSOLUTE
    adcuser.c                                0x00000000   Number         0  adcuser.o ABSOLUTE
    cdrcmple.s                               0x00000000   Number         0  cdrcmple.o ABSOLUTE
    dc.s                                     0x00000000   Number         0  dc.o ABSOLUTE
    flappy.c                                 0x00000000   Number         0  flappy.o ABSOLUTE
    flappy.c                                 0x00000000   Number         0  flappy.o ABSOLUTE
    gallery.c                                0x00000000   Number         0  gallery.o ABSOLUTE
    gallery.c                                0x00000000   Number         0  gallery.o ABSOLUTE
    handlers.s                               0x00000000   Number         0  handlers.o ABSOLUTE
    init.s                                   0x00000000   Number         0  init.o ABSOLUTE
    leafs.c                                  0x00000000   Number         0  leafs.o ABSOLUTE
    main.c                                   0x00000000   Number         0  main.o ABSOLUTE
    main.c                                   0x00000000   Number         0  main.o ABSOLUTE
    menu.c                                   0x00000000   Number         0  menu.o ABSOLUTE
    menu.c                                   0x00000000   Number         0  menu.o ABSOLUTE
    player.c                                 0x00000000   Number         0  player.o ABSOLUTE
    player.c                                 0x00000000   Number         0  player.o ABSOLUTE
    usbcore.c                                0x00000000   Number         0  usbcore.o ABSOLUTE
    usbdesc.c                                0x00000000   Number         0  usbdesc.o ABSOLUTE
    usbhw.c                                  0x00000000   Number         0  usbhw.o ABSOLUTE
    usbhw.c                                  0x00000000   Number         0  usbhw.o ABSOLUTE
    usbuser.c                                0x00000000   Number         0  usbuser.o ABSOLUTE
    .ARM.Collect$$$$00000000                 0x000000cc   Section        0  entry.o(.ARM.Collect$$$$00000000)
    .ARM.Collect$$$$00000001                 0x000000cc   Section        4  entry2.o(.ARM.Collect$$$$00000001)
    .ARM.Collect$$$$00000004                 0x000000d0   Section        4  entry5.o(.ARM.Collect$$$$00000004)
    .ARM.Collect$$$$00000008                 0x000000d4   Section        0  entry7b.o(.ARM.Collect$$$$00000008)
    .ARM.Collect$$$$0000000A                 0x000000d4   Section        0  entry8b.o(.ARM.Collect$$$$0000000A)
    .ARM.Collect$$$$0000000B                 0x000000d4   Section        8  entry9a.o(.ARM.Collect$$$$0000000B)
    .ARM.Collect$$$$0000000D                 0x000000dc   Section        0  entry10a.o(.ARM.Collect$$$$0000000D)
    .ARM.Collect$$$$0000000F                 0x000000dc   Section        0  entry11a.o(.ARM.Collect$$$$0000000F)
    .ARM.Collect$$$$00002712                 0x000000dc   Section        4  entry2.o(.ARM.Collect$$$$00002712)
    __lit__00000000                          0x000000dc   Data           4  entry2.o(.ARM.Collect$$$$00002712)
    .text                                    0x000000e0   Section       36  startup_lpc17xx.o(.text)
    .text                                    0x00000104   Section        0  rand.o(.text)
    .text                                    0x00000128   Section        0  uidiv.o(.text)
    .text                                    0x00000154   Section       36  init.o(.text)
    i.ADC_EP_GetRequest                      0x00000178   Section        0  adcuser.o(i.ADC_EP_GetRequest)
    i.ADC_EP_SetRequest                      0x0000017c   Section        0  adcuser.o(i.ADC_EP_SetRequest)
    i.ADC_IF_GetRequest                      0x00000180   Section        0  adcuser.o(i.ADC_IF_GetRequest)
    i.ADC_IF_SetRequest                      0x00000210   Section        0  adcuser.o(i.ADC_IF_SetRequest)
    i.ADC_IRQHandler                         0x00000270   Section        0  adc_mcb1700.o(i.ADC_IRQHandler)
    i.EPAdr                                  0x00000298   Section        0  usbhw.o(i.EPAdr)
    i.GLCD_Bitmap                            0x000002a8   Section        0  glcd_spi_lpc1700.o(i.GLCD_Bitmap)
    i.USB_DirCtrlEP                          0x000002fa   Section        0  usbhw.o(i.USB_DirCtrlEP)
    .ARM.__at_0x02FC                         0x000002fc   Section        4  startup_lpc17xx.o(.ARM.__at_0x02FC)
    i.Flappy_Run                             0x00000300   Section        0  flappy.o(i.Flappy_Run)
    i.GLCD_Bargraph                          0x000004f0   Section        0  glcd_spi_lpc1700.o(i.GLCD_Bargraph)
    i.GLCD_Clear                             0x00000558   Section        0  glcd_spi_lpc1700.o(i.GLCD_Clear)
    i.GLCD_ClearLn                           0x00000582   Section        0  glcd_spi_lpc1700.o(i.GLCD_ClearLn)
    i.GLCD_DisplayChar                       0x000005e0   Section        0  glcd_spi_lpc1700.o(i.GLCD_DisplayChar)
    i.GLCD_DisplayString                     0x0000063c   Section        0  glcd_spi_lpc1700.o(i.GLCD_DisplayString)
    i.GLCD_DrawChar                          0x00000664   Section        0  glcd_spi_lpc1700.o(i.GLCD_DrawChar)
    i.GLCD_Init                              0x00000700   Section        0  glcd_spi_lpc1700.o(i.GLCD_Init)
    i.GLCD_SetBackColor                      0x00000ce8   Section        0  glcd_spi_lpc1700.o(i.GLCD_SetBackColor)
    i.GLCD_SetTextColor                      0x00000cf4   Section        0  glcd_spi_lpc1700.o(i.GLCD_SetTextColor)
    i.GLCD_SetWindow                         0x00000d00   Section        0  glcd_spi_lpc1700.o(i.GLCD_SetWindow)
    i.GLCD_WindowMax                         0x00000dac   Section        0  glcd_spi_lpc1700.o(i.GLCD_WindowMax)
    i.GPIO_PinWrite                          0x00000dc0   Section        0  gpio_lpc17xx.o(i.GPIO_PinWrite)
    i.GPIO_PortClock                         0x00000de8   Section        0  gpio_lpc17xx.o(i.GPIO_PortClock)
    i.GPIO_SetDir                            0x00000e14   Section        0  gpio_lpc17xx.o(i.GPIO_SetDir)
    i.Gallery                                0x00000e4c   Section        0  gallery.o(i.Gallery)
    i.KBD_Init                               0x00000ee4   Section        0  kbd.o(i.KBD_Init)
    i.KBD_get                                0x00000f20   Section        0  kbd.o(i.KBD_get)
    i.LED_Initialize                         0x00000f30   Section        0  led_mcb1700.o(i.LED_Initialize)
    i.PIN_Configure                          0x00000f8c   Section        0  pin_lpc17xx.o(i.PIN_Configure)
    i.RdCmdDat                               0x00001088   Section        0  usbhw.o(i.RdCmdDat)
    i.SystemClockUpdate                      0x000010b8   Section        0  system_lpc17xx.o(i.SystemClockUpdate)
    i.SystemInit                             0x000011f8   Section        0  system_lpc17xx.o(i.SystemInit)
    i.TIMER0_IRQHandler                      0x00001338   Section        0  player.o(i.TIMER0_IRQHandler)
    i.USB_ClrStallEP                         0x00001468   Section        0  usbhw.o(i.USB_ClrStallEP)
    i.USB_ConfigEP                           0x00001488   Section        0  usbhw.o(i.USB_ConfigEP)
    i.USB_Configure                          0x000014d4   Section        0  usbhw.o(i.USB_Configure)
    i.USB_Connect                            0x00001518   Section        0  usbhw.o(i.USB_Connect)
    i.USB_DMA_BufAdr                         0x00001538   Section        0  usbhw.o(i.USB_DMA_BufAdr)
    i.USB_DMA_Enable                         0x0000155c   Section        0  usbhw.o(i.USB_DMA_Enable)
    i.USB_DMA_Setup                          0x00001574   Section        0  usbhw.o(i.USB_DMA_Setup)
    i.USB_DataInStage                        0x00001680   Section        0  usbcore.o(i.USB_DataInStage)
    i.USB_DataOutStage                       0x000016b8   Section        0  usbcore.o(i.USB_DataOutStage)
    i.USB_DisableEP                          0x000016e0   Section        0  usbhw.o(i.USB_DisableEP)
    i.USB_EnableEP                           0x00001704   Section        0  usbhw.o(i.USB_EnableEP)
    i.USB_EndPoint0                          0x00001724   Section        0  usbcore.o(i.USB_EndPoint0)
    i.USB_EndPoint3                          0x00001a54   Section        0  usbuser.o(i.USB_EndPoint3)
    i.USB_IRQHandler                         0x00001b0c   Section        0  usbhw.o(i.USB_IRQHandler)
    i.USB_Init                               0x00001d28   Section        0  usbhw.o(i.USB_Init)
    i.USB_ReadEP                             0x00001dd8   Section        0  usbhw.o(i.USB_ReadEP)
    i.USB_ReqGetDescriptor                   0x00001e44   Section        0  usbcore.o(i.USB_ReqGetDescriptor)
    i.USB_ReqGetStatus                       0x00001efc   Section        0  usbcore.o(i.USB_ReqGetStatus)
    i.USB_ReqSetClrFeature                   0x00001fbc   Section        0  usbcore.o(i.USB_ReqSetClrFeature)
    i.USB_ReqSetConfiguration                0x000020a8   Section        0  usbcore.o(i.USB_ReqSetConfiguration)
    i.USB_ReqSetInterface                    0x00002260   Section        0  usbcore.o(i.USB_ReqSetInterface)
    i.USB_Reset                              0x00002390   Section        0  usbhw.o(i.USB_Reset)
    i.USB_ResetCore                          0x00002454   Section        0  usbcore.o(i.USB_ResetCore)
    i.USB_ResetEP                            0x00002490   Section        0  usbhw.o(i.USB_ResetEP)
    i.USB_Reset_Event                        0x000024b0   Section        0  usbuser.o(i.USB_Reset_Event)
    i.USB_Resume                             0x000024b8   Section        0  usbhw.o(i.USB_Resume)
    i.USB_SOF_Event                          0x000024ba   Section        0  usbuser.o(i.USB_SOF_Event)
    i.USB_SetAddress                         0x000024bc   Section        0  usbhw.o(i.USB_SetAddress)
    i.USB_SetStallEP                         0x000024ec   Section        0  usbhw.o(i.USB_SetStallEP)
    i.USB_SetupStage                         0x00002510   Section        0  usbcore.o(i.USB_SetupStage)
    i.USB_StatusInStage                      0x00002520   Section        0  usbcore.o(i.USB_StatusInStage)
    i.USB_StatusOutStage                     0x00002530   Section        0  usbcore.o(i.USB_StatusOutStage)
    i.USB_Suspend                            0x00002540   Section        0  usbhw.o(i.USB_Suspend)
    i.USB_WakeUpCfg                          0x00002542   Section        0  usbhw.o(i.USB_WakeUpCfg)
    i.USB_WriteEP                            0x00002544   Section        0  usbhw.o(i.USB_WriteEP)
    i.WrCmd                                  0x00002598   Section        0  usbhw.o(i.WrCmd)
    i.WrCmdDat                               0x000025c0   Section        0  usbhw.o(i.WrCmdDat)
    i.WrCmdEP                                0x00002604   Section        0  usbhw.o(i.WrCmdEP)
    i.__0snprintf$6                          0x0000265c   Section        0  printf6.o(i.__0snprintf$6)
    i.__0sprintf$6                           0x0000268c   Section        0  printf6.o(i.__0sprintf$6)
    i.__NVIC_DisableIRQ                      0x000026b4   Section        0  player.o(i.__NVIC_DisableIRQ)
    __NVIC_DisableIRQ                        0x000026b5   Thumb Code    30  player.o(i.__NVIC_DisableIRQ)
    i.__scatterload_copy                     0x000026d8   Section       14  handlers.o(i.__scatterload_copy)
    i.__scatterload_null                     0x000026e6   Section        2  handlers.o(i.__scatterload_null)
    i.__scatterload_zeroinit                 0x000026e8   Section       14  handlers.o(i.__scatterload_zeroinit)
    i._printf_core                           0x000026f8   Section        0  printf6.o(i._printf_core)
    _printf_core                             0x000026f9   Thumb Code   748  printf6.o(i._printf_core)
    i._printf_post_padding                   0x000029e8   Section        0  printf6.o(i._printf_post_padding)
    _printf_post_padding                     0x000029e9   Thumb Code    36  printf6.o(i._printf_post_padding)
    i._printf_pre_padding                    0x00002a0c   Section        0  printf6.o(i._printf_pre_padding)
    _printf_pre_padding                      0x00002a0d   Thumb Code    46  printf6.o(i._printf_pre_padding)
    i._snputc                                0x00002a3a   Section        0  printf6.o(i._snputc)
    _snputc                                  0x00002a3b   Thumb Code    22  printf6.o(i._snputc)
    i._sputc                                 0x00002a50   Section        0  printf6.o(i._sputc)
    _sputc                                   0x00002a51   Thumb Code    10  printf6.o(i._sputc)
    i.clear_bird                             0x00002a5c   Section        0  flappy.o(i.clear_bird)
    clear_bird                               0x00002a5d   Thumb Code    32  flappy.o(i.clear_bird)
    i.clear_pipe                             0x00002a80   Section        0  flappy.o(i.clear_pipe)
    clear_pipe                               0x00002a81   Thumb Code   118  flappy.o(i.clear_pipe)
    i.collide                                0x00002af8   Section        0  flappy.o(i.collide)
    collide                                  0x00002af9   Thumb Code    76  flappy.o(i.collide)
    i.delay                                  0x00002b48   Section        0  glcd_spi_lpc1700.o(i.delay)
    delay                                    0x00002b49   Thumb Code    14  glcd_spi_lpc1700.o(i.delay)
    i.draw_bird                              0x00002b58   Section        0  flappy.o(i.draw_bird)
    draw_bird                                0x00002b59   Thumb Code    32  flappy.o(i.draw_bird)
    i.draw_pipe                              0x00002b7c   Section        0  flappy.o(i.draw_pipe)
    draw_pipe                                0x00002b7d   Thumb Code   126  flappy.o(i.draw_pipe)
    i.draw_rect                              0x00002bfa   Section        0  flappy.o(i.draw_rect)
    draw_rect                                0x00002bfb   Thumb Code    62  flappy.o(i.draw_rect)
    i.draw_volume_ui                         0x00002c38   Section        0  player.o(i.draw_volume_ui)
    draw_volume_ui                           0x00002c39   Thumb Code   106  player.o(i.draw_volume_ui)
    i.gallery_draw_current                   0x00002d34   Section        0  gallery.o(i.gallery_draw_current)
    gallery_draw_current                     0x00002d35   Thumb Code   126  gallery.o(i.gallery_draw_current)
    i.game_over_screen                       0x00002e10   Section        0  flappy.o(i.game_over_screen)
    game_over_screen                         0x00002e11   Thumb Code    50  flappy.o(i.game_over_screen)
    i.get_button                             0x00002e6c   Section        0  kbd.o(i.get_button)
    i.get_potval                             0x00002e80   Section        0  player.o(i.get_potval)
    get_potval                               0x00002e81   Thumb Code    58  player.o(i.get_potval)
    i.hud_draw                               0x00002ec4   Section        0  flappy.o(i.hud_draw)
    hud_draw                                 0x00002ec5   Thumb Code    70  flappy.o(i.hud_draw)
    i.initMenu                               0x00002f24   Section        0  menu.o(i.initMenu)
    i.main                                   0x00002f70   Section        0  main.o(i.main)
    i.menu_footer                            0x00003010   Section        0  menu.o(i.menu_footer)
    menu_footer                              0x00003011   Thumb Code    58  menu.o(i.menu_footer)
    i.rd_id_man                              0x00003060   Section        0  glcd_spi_lpc1700.o(i.rd_id_man)
    rd_id_man                                0x00003061   Thumb Code   132  glcd_spi_lpc1700.o(i.rd_id_man)
    i.rd_reg                                 0x000030ec   Section        0  glcd_spi_lpc1700.o(i.rd_reg)
    rd_reg                                   0x000030ed   Thumb Code    66  glcd_spi_lpc1700.o(i.rd_reg)
    i.runMenu                                0x00003134   Section        0  menu.o(i.runMenu)
    i.runMusicPlayer                         0x000031fc   Section        0  player.o(i.runMusicPlayer)
    i.selectMenu                             0x000033cc   Section        0  menu.o(i.selectMenu)
    i.spi_tran                               0x00003498   Section        0  glcd_spi_lpc1700.o(i.spi_tran)
    spi_tran                                 0x00003499   Thumb Code    28  glcd_spi_lpc1700.o(i.spi_tran)
    i.spi_tran_man                           0x000034b8   Section        0  glcd_spi_lpc1700.o(i.spi_tran_man)
    spi_tran_man                             0x000034b9   Thumb Code   124  glcd_spi_lpc1700.o(i.spi_tran_man)
    i.ui_header                              0x00003538   Section        0  player.o(i.ui_header)
    ui_header                                0x00003539   Thumb Code    54  player.o(i.ui_header)
    i.ui_header                              0x0000356e   Section        0  gallery.o(i.ui_header)
    ui_header                                0x0000356f   Thumb Code    54  gallery.o(i.ui_header)
    i.wait_short                             0x000035a4   Section        0  flappy.o(i.wait_short)
    wait_short                               0x000035a5   Thumb Code    28  flappy.o(i.wait_short)
    i.wr_cmd                                 0x000035c0   Section        0  glcd_spi_lpc1700.o(i.wr_cmd)
    wr_cmd                                   0x000035c1   Thumb Code    36  glcd_spi_lpc1700.o(i.wr_cmd)
    i.wr_dat                                 0x000035e8   Section        0  glcd_spi_lpc1700.o(i.wr_dat)
    wr_dat                                   0x000035e9   Thumb Code    36  glcd_spi_lpc1700.o(i.wr_dat)
    i.wr_dat_only                            0x00003610   Section        0  glcd_spi_lpc1700.o(i.wr_dat_only)
    wr_dat_only                              0x00003611   Thumb Code    18  glcd_spi_lpc1700.o(i.wr_dat_only)
    i.wr_dat_start                           0x00003624   Section        0  glcd_spi_lpc1700.o(i.wr_dat_start)
    wr_dat_start                             0x00003625   Thumb Code    16  glcd_spi_lpc1700.o(i.wr_dat_start)
    i.wr_dat_stop                            0x00003638   Section        0  glcd_spi_lpc1700.o(i.wr_dat_stop)
    wr_dat_stop                              0x00003639   Thumb Code     8  glcd_spi_lpc1700.o(i.wr_dat_stop)
    i.wr_reg                                 0x00003644   Section        0  glcd_spi_lpc1700.o(i.wr_reg)
    wr_reg                                   0x00003645   Thumb Code    20  glcd_spi_lpc1700.o(i.wr_reg)
    .constdata                               0x00003658   Section     6272  glcd_spi_lpc1700.o(.constdata)
    .constdata                               0x00004ed8   Section    403201  gallery.o(.constdata)
    CAT_PIXEL_DATA                           0x00004ed8   Data       153600  gallery.o(.constdata)
    TREE_PIXEL_DATA                          0x0002a6d8   Data       153600  gallery.o(.constdata)
    LEAFS_pixel_data                         0x0004fed8   Data       96001  gallery.o(.constdata)
    .constdata                               0x000675d9   Section      228  usbdesc.o(.constdata)
    .constdata                               0x000676c0   Section       16  usbhw.o(.constdata)
    .constdata                               0x000676d0   Section       64  usbuser.o(.constdata)
    .constdata                               0x00067710   Section       16  led_mcb1700.o(.constdata)
    LED_PIN                                  0x00067710   Data          16  led_mcb1700.o(.constdata)
    .constdata                               0x00067720   Section       24  eventrecorder.o(.constdata)
    __tagsym$$used                           0x00067720   Number         0  eventrecorder.o(.constdata)
    .data                                    0x10000000   Section        5  glcd_spi_lpc1700.o(.data)
    Color                                    0x10000000   Data           4  glcd_spi_lpc1700.o(.data)
    Himax                                    0x10000004   Data           1  glcd_spi_lpc1700.o(.data)
    .data                                    0x10000008   Section       34  player.o(.data)
    ui_vol_pct                               0x10000028   Data           1  player.o(.data)
    last_vol_pct                             0x10000029   Data           1  player.o(.data)
    .data                                    0x1000002c   Section       40  usbcore.o(.data)
    .data                                    0x10000054   Section        8  usbhw.o(.data)
    .data                                    0x1000005c   Section        3  adc_mcb1700.o(.data)
    AD_last                                  0x1000005c   Data           2  adc_mcb1700.o(.data)
    AD_done                                  0x1000005e   Data           1  adc_mcb1700.o(.data)
    .bss.noinit                              0x10000080   Section     1188  eventrecorder.o(.bss.noinit)
    EventBuffer                              0x10000080   Data        1024  eventrecorder.o(.bss.noinit)
    EventFilter                              0x10000480   Data         128  eventrecorder.o(.bss.noinit)
    EventStatus                              0x10000500   Data          36  eventrecorder.o(.bss.noinit)
    .data                                    0x2007c000   Section        8  gallery.o(.data)
    gallery_index                            0x2007c000   Data           4  gallery.o(.data)
    gallery_count                            0x2007c004   Data           4  gallery.o(.data)
    .data                                    0x2007c008   Section        8  flappy.o(.data)
    bird_y                                   0x2007c008   Data           2  flappy.o(.data)
    bird_v                                   0x2007c00a   Data           2  flappy.o(.data)
    score                                    0x2007c00c   Data           4  flappy.o(.data)
    .data                                    0x2007c010   Section        2  adcuser.o(.data)
    .data                                    0x2007c014   Section        8  system_lpc17xx.o(.data)
    .data                                    0x2007c01c   Section        4  rand.o(.data)
    _rand_state                              0x2007c01c   Data           4  rand.o(.data)
    .bss                                     0x2007c020   Section       64  usbcore.o(.bss)
    .bss                                     0x2007c060   Section      128  usbhw.o(.bss)
    STACK                                    0x2007c0e0   Section      512  startup_lpc17xx.o(STACK)
    USB_RAM                                  0x2007c2e0   Section      544  usbhw.o(USB_RAM)

    Global Symbols

    Symbol Name                              Value     Ov Type        Size  Object(Section)

    BuildAttributes$$THM_ISAv4$P$D$K$B$S$PE$A:L22UL41UL21$X:L11$S22US41US21$IEEE1$IW$USESV6$~STKCKD$USESV7$~SHL$OSPACE$ROPI$EBA8$MICROLIB$REQ8$PRES8$EABIv2 0x00000000   Number         0  anon$$obj.o ABSOLUTE
    __ARM_use_no_argv                        0x00000000   Number         0  main.o ABSOLUTE
    __Vectors                                0x00000000   Data           4  startup_lpc17xx.o(RESET)
    _printf_a                                0x00000000   Number         0  stubs.o ABSOLUTE
    _printf_c                                0x00000000   Number         0  stubs.o ABSOLUTE
    _printf_charcount                        0x00000000   Number         0  stubs.o ABSOLUTE
    _printf_d                                0x00000000   Number         0  stubs.o ABSOLUTE
    _printf_e                                0x00000000   Number         0  stubs.o ABSOLUTE
    _printf_f                                0x00000000   Number         0  stubs.o ABSOLUTE
    _printf_flags                            0x00000000   Number         0  stubs.o ABSOLUTE
    _printf_fp_dec                           0x00000000   Number         0  stubs.o ABSOLUTE
    _printf_fp_hex                           0x00000000   Number         0  stubs.o ABSOLUTE
    _printf_g                                0x00000000   Number         0  stubs.o ABSOLUTE
    _printf_i                                0x00000000   Number         0  stubs.o ABSOLUTE
    _printf_int_dec                          0x00000000   Number         0  stubs.o ABSOLUTE
    _printf_l                                0x00000000   Number         0  stubs.o ABSOLUTE
    _printf_lc                               0x00000000   Number         0  stubs.o ABSOLUTE
    _printf_ll                               0x00000000   Number         0  stubs.o ABSOLUTE
    _printf_lld                              0x00000000   Number         0  stubs.o ABSOLUTE
    _printf_lli                              0x00000000   Number         0  stubs.o ABSOLUTE
    _printf_llo                              0x00000000   Number         0  stubs.o ABSOLUTE
    _printf_llu                              0x00000000   Number         0  stubs.o ABSOLUTE
    _printf_llx                              0x00000000   Number         0  stubs.o ABSOLUTE
    _printf_longlong_dec                     0x00000000   Number         0  stubs.o ABSOLUTE
    _printf_longlong_hex                     0x00000000   Number         0  stubs.o ABSOLUTE
    _printf_longlong_oct                     0x00000000   Number         0  stubs.o ABSOLUTE
    _printf_ls                               0x00000000   Number         0  stubs.o ABSOLUTE
    _printf_mbtowc                           0x00000000   Number         0  stubs.o ABSOLUTE
    _printf_n                                0x00000000   Number         0  stubs.o ABSOLUTE
    _printf_o                                0x00000000   Number         0  stubs.o ABSOLUTE
    _printf_p                                0x00000000   Number         0  stubs.o ABSOLUTE
    _printf_percent                          0x00000000   Number         0  stubs.o ABSOLUTE
    _printf_pre_padding                      0x00000000   Number         0  stubs.o ABSOLUTE
    _printf_return_value                     0x00000000   Number         0  stubs.o ABSOLUTE
    _printf_s                                0x00000000   Number         0  stubs.o ABSOLUTE
    _printf_sizespec                         0x00000000   Number         0  stubs.o ABSOLUTE
    _printf_str                              0x00000000   Number         0  stubs.o ABSOLUTE
    _printf_truncate_signed                  0x00000000   Number         0  stubs.o ABSOLUTE
    _printf_truncate_unsigned                0x00000000   Number         0  stubs.o ABSOLUTE
    _printf_u                                0x00000000   Number         0  stubs.o ABSOLUTE
    _printf_wc                               0x00000000   Number         0  stubs.o ABSOLUTE
    _printf_wctomb                           0x00000000   Number         0  stubs.o ABSOLUTE
    _printf_widthprec                        0x00000000   Number         0  stubs.o ABSOLUTE
    _printf_x                                0x00000000   Number         0  stubs.o ABSOLUTE
    __cpp_initialize__aeabi_                  - Undefined Weak Reference
    __cxa_finalize                            - Undefined Weak Reference
    __decompress                              - Undefined Weak Reference
    _clock_init                               - Undefined Weak Reference
    _microlib_exit                            - Undefined Weak Reference
    __main                                   0x000000cd   Thumb Code     0  entry.o(.ARM.Collect$$$$00000000)
    _main_stk                                0x000000cd   Thumb Code     0  entry2.o(.ARM.Collect$$$$00000001)
    _main_scatterload                        0x000000d1   Thumb Code     0  entry5.o(.ARM.Collect$$$$00000004)
    __main_after_scatterload                 0x000000d5   Thumb Code     0  entry5.o(.ARM.Collect$$$$00000004)
    _main_clock                              0x000000d5   Thumb Code     0  entry7b.o(.ARM.Collect$$$$00000008)
    _main_cpp_init                           0x000000d5   Thumb Code     0  entry8b.o(.ARM.Collect$$$$0000000A)
    _main_init                               0x000000d5   Thumb Code     0  entry9a.o(.ARM.Collect$$$$0000000B)
    __rt_final_cpp                           0x000000dd   Thumb Code     0  entry10a.o(.ARM.Collect$$$$0000000D)
    __rt_final_exit                          0x000000dd   Thumb Code     0  entry11a.o(.ARM.Collect$$$$0000000F)
    Reset_Handler                            0x000000e1   Thumb Code     8  startup_lpc17xx.o(.text)
    NMI_Handler                              0x000000e9   Thumb Code     2  startup_lpc17xx.o(.text)
    HardFault_Handler                        0x000000eb   Thumb Code     2  startup_lpc17xx.o(.text)
    MemManage_Handler                        0x000000ed   Thumb Code     2  startup_lpc17xx.o(.text)
    BusFault_Handler                         0x000000ef   Thumb Code     2  startup_lpc17xx.o(.text)
    UsageFault_Handler                       0x000000f1   Thumb Code     2  startup_lpc17xx.o(.text)
    SVC_Handler                              0x000000f3   Thumb Code     2  startup_lpc17xx.o(.text)
    DebugMon_Handler                         0x000000f5   Thumb Code     2  startup_lpc17xx.o(.text)
    PendSV_Handler                           0x000000f7   Thumb Code     2  startup_lpc17xx.o(.text)
    SysTick_Handler                          0x000000f9   Thumb Code     2  startup_lpc17xx.o(.text)
    BOD_IRQHandler                           0x000000fb   Thumb Code     0  startup_lpc17xx.o(.text)
    CANActivity_IRQHandler                   0x000000fb   Thumb Code     0  startup_lpc17xx.o(.text)
    CAN_IRQHandler                           0x000000fb   Thumb Code     0  startup_lpc17xx.o(.text)
    DMA_IRQHandler                           0x000000fb   Thumb Code     0  startup_lpc17xx.o(.text)
    EINT0_IRQHandler                         0x000000fb   Thumb Code     0  startup_lpc17xx.o(.text)
    EINT1_IRQHandler                         0x000000fb   Thumb Code     0  startup_lpc17xx.o(.text)
    EINT2_IRQHandler                         0x000000fb   Thumb Code     0  startup_lpc17xx.o(.text)
    EINT3_IRQHandler                         0x000000fb   Thumb Code     0  startup_lpc17xx.o(.text)
    ENET_IRQHandler                          0x000000fb   Thumb Code     0  startup_lpc17xx.o(.text)
    I2C0_IRQHandler                          0x000000fb   Thumb Code     0  startup_lpc17xx.o(.text)
    I2C1_IRQHandler                          0x000000fb   Thumb Code     0  startup_lpc17xx.o(.text)
    I2C2_IRQHandler                          0x000000fb   Thumb Code     0  startup_lpc17xx.o(.text)
    I2S_IRQHandler                           0x000000fb   Thumb Code     0  startup_lpc17xx.o(.text)
    MCPWM_IRQHandler                         0x000000fb   Thumb Code     0  startup_lpc17xx.o(.text)
    PLL0_IRQHandler                          0x000000fb   Thumb Code     0  startup_lpc17xx.o(.text)
    PLL1_IRQHandler                          0x000000fb   Thumb Code     0  startup_lpc17xx.o(.text)
    PWM1_IRQHandler                          0x000000fb   Thumb Code     0  startup_lpc17xx.o(.text)
    QEI_IRQHandler                           0x000000fb   Thumb Code     0  startup_lpc17xx.o(.text)
    RIT_IRQHandler                           0x000000fb   Thumb Code     0  startup_lpc17xx.o(.text)
    RTC_IRQHandler                           0x000000fb   Thumb Code     0  startup_lpc17xx.o(.text)
    SPI_IRQHandler                           0x000000fb   Thumb Code     0  startup_lpc17xx.o(.text)
    SSP0_IRQHandler                          0x000000fb   Thumb Code     0  startup_lpc17xx.o(.text)
    SSP1_IRQHandler                          0x000000fb   Thumb Code     0  startup_lpc17xx.o(.text)
    TIMER1_IRQHandler                        0x000000fb   Thumb Code     0  startup_lpc17xx.o(.text)
    TIMER2_IRQHandler                        0x000000fb   Thumb Code     0  startup_lpc17xx.o(.text)
    TIMER3_IRQHandler                        0x000000fb   Thumb Code     0  startup_lpc17xx.o(.text)
    UART0_IRQHandler                         0x000000fb   Thumb Code     0  startup_lpc17xx.o(.text)
    UART1_IRQHandler                         0x000000fb   Thumb Code     0  startup_lpc17xx.o(.text)
    UART2_IRQHandler                         0x000000fb   Thumb Code     0  startup_lpc17xx.o(.text)
    UART3_IRQHandler                         0x000000fb   Thumb Code     0  startup_lpc17xx.o(.text)
    USBActivity_IRQHandler                   0x000000fb   Thumb Code     0  startup_lpc17xx.o(.text)
    WDT_IRQHandler                           0x000000fb   Thumb Code     0  startup_lpc17xx.o(.text)
    rand                                     0x00000105   Thumb Code    20  rand.o(.text)
    srand                                    0x00000119   Thumb Code     6  rand.o(.text)
    __aeabi_uidiv                            0x00000129   Thumb Code     0  uidiv.o(.text)
    __aeabi_uidivmod                         0x00000129   Thumb Code    44  uidiv.o(.text)
    __scatterload                            0x00000155   Thumb Code    28  init.o(.text)
    __scatterload_rt2                        0x00000155   Thumb Code     0  init.o(.text)
    ADC_EP_GetRequest                        0x00000179   Thumb Code     4  adcuser.o(i.ADC_EP_GetRequest)
    ADC_EP_SetRequest                        0x0000017d   Thumb Code     4  adcuser.o(i.ADC_EP_SetRequest)
    ADC_IF_GetRequest                        0x00000181   Thumb Code   128  adcuser.o(i.ADC_IF_GetRequest)
    ADC_IF_SetRequest                        0x00000211   Thumb Code    80  adcuser.o(i.ADC_IF_SetRequest)
    ADC_IRQHandler                           0x00000271   Thumb Code    28  adc_mcb1700.o(i.ADC_IRQHandler)
    EPAdr                                    0x00000299   Thumb Code    16  usbhw.o(i.EPAdr)
    GLCD_Bitmap                              0x000002a9   Thumb Code    82  glcd_spi_lpc1700.o(i.GLCD_Bitmap)
    USB_DirCtrlEP                            0x000002fb   Thumb Code     2  usbhw.o(i.USB_DirCtrlEP)
    Flappy_Run                               0x00000301   Thumb Code   484  flappy.o(i.Flappy_Run)
    GLCD_Bargraph                            0x000004f1   Thumb Code    98  glcd_spi_lpc1700.o(i.GLCD_Bargraph)
    GLCD_Clear                               0x00000559   Thumb Code    42  glcd_spi_lpc1700.o(i.GLCD_Clear)
    GLCD_ClearLn                             0x00000583   Thumb Code    94  glcd_spi_lpc1700.o(i.GLCD_ClearLn)
    GLCD_DisplayChar                         0x000005e1   Thumb Code    84  glcd_spi_lpc1700.o(i.GLCD_DisplayChar)
    GLCD_DisplayString                       0x0000063d   Thumb Code    40  glcd_spi_lpc1700.o(i.GLCD_DisplayString)
    GLCD_DrawChar                            0x00000665   Thumb Code   150  glcd_spi_lpc1700.o(i.GLCD_DrawChar)
    GLCD_Init                                0x00000701   Thumb Code  1506  glcd_spi_lpc1700.o(i.GLCD_Init)
    GLCD_SetBackColor                        0x00000ce9   Thumb Code     6  glcd_spi_lpc1700.o(i.GLCD_SetBackColor)
    GLCD_SetTextColor                        0x00000cf5   Thumb Code     6  glcd_spi_lpc1700.o(i.GLCD_SetTextColor)
    GLCD_SetWindow                           0x00000d01   Thumb Code   168  glcd_spi_lpc1700.o(i.GLCD_SetWindow)
    GLCD_WindowMax                           0x00000dad   Thumb Code    18  glcd_spi_lpc1700.o(i.GLCD_WindowMax)
    GPIO_PinWrite                            0x00000dc1   Thumb Code    36  gpio_lpc17xx.o(i.GPIO_PinWrite)
    GPIO_PortClock                           0x00000de9   Thumb Code    38  gpio_lpc17xx.o(i.GPIO_PortClock)
    GPIO_SetDir                              0x00000e15   Thumb Code    52  gpio_lpc17xx.o(i.GPIO_SetDir)
    Gallery                                  0x00000e4d   Thumb Code   142  gallery.o(i.Gallery)
    KBD_Init                                 0x00000ee5   Thumb Code    42  kbd.o(i.KBD_Init)
    KBD_get                                  0x00000f21   Thumb Code    12  kbd.o(i.KBD_get)
    LED_Initialize                           0x00000f31   Thumb Code    88  led_mcb1700.o(i.LED_Initialize)
    PIN_Configure                            0x00000f8d   Thumb Code   246  pin_lpc17xx.o(i.PIN_Configure)
    RdCmdDat                                 0x00001089   Thumb Code    38  usbhw.o(i.RdCmdDat)
    SystemClockUpdate                        0x000010b9   Thumb Code   302  system_lpc17xx.o(i.SystemClockUpdate)
    SystemInit                               0x000011f9   Thumb Code   302  system_lpc17xx.o(i.SystemInit)
    TIMER0_IRQHandler                        0x00001339   Thumb Code   256  player.o(i.TIMER0_IRQHandler)
    USB_ClrStallEP                           0x00001469   Thumb Code    26  usbhw.o(i.USB_ClrStallEP)
    USB_ConfigEP                             0x00001489   Thumb Code    68  usbhw.o(i.USB_ConfigEP)
    USB_Configure                            0x000014d5   Thumb Code    60  usbhw.o(i.USB_Configure)
    USB_Connect                              0x00001519   Thumb Code    28  usbhw.o(i.USB_Connect)
    USB_DMA_BufAdr                           0x00001539   Thumb Code    30  usbhw.o(i.USB_DMA_BufAdr)
    USB_DMA_Enable                           0x0000155d   Thumb Code    20  usbhw.o(i.USB_DMA_Enable)
    USB_DMA_Setup                            0x00001575   Thumb Code   248  usbhw.o(i.USB_DMA_Setup)
    USB_DataInStage                          0x00001681   Thumb Code    52  usbcore.o(i.USB_DataInStage)
    USB_DataOutStage                         0x000016b9   Thumb Code    34  usbcore.o(i.USB_DataOutStage)
    USB_DisableEP                            0x000016e1   Thumb Code    26  usbhw.o(i.USB_DisableEP)
    USB_EnableEP                             0x00001705   Thumb Code    26  usbhw.o(i.USB_EnableEP)
    USB_EndPoint0                            0x00001725   Thumb Code   786  usbcore.o(i.USB_EndPoint0)
    USB_EndPoint3                            0x00001a55   Thumb Code   164  usbuser.o(i.USB_EndPoint3)
    USB_IRQHandler                           0x00001b0d   Thumb Code   518  usbhw.o(i.USB_IRQHandler)
    USB_Init                                 0x00001d29   Thumb Code   154  usbhw.o(i.USB_Init)
    USB_ReadEP                               0x00001dd9   Thumb Code    94  usbhw.o(i.USB_ReadEP)
    USB_ReqGetDescriptor                     0x00001e45   Thumb Code   164  usbcore.o(i.USB_ReqGetDescriptor)
    USB_ReqGetStatus                         0x00001efd   Thumb Code   160  usbcore.o(i.USB_ReqGetStatus)
    USB_ReqSetClrFeature                     0x00001fbd   Thumb Code   210  usbcore.o(i.USB_ReqSetClrFeature)
    USB_ReqSetConfiguration                  0x000020a9   Thumb Code   402  usbcore.o(i.USB_ReqSetConfiguration)
    USB_ReqSetInterface                      0x00002261   Thumb Code   278  usbcore.o(i.USB_ReqSetInterface)
    USB_Reset                                0x00002391   Thumb Code   172  usbhw.o(i.USB_Reset)
    USB_ResetCore                            0x00002455   Thumb Code    34  usbcore.o(i.USB_ResetCore)
    USB_ResetEP                              0x00002491   Thumb Code    26  usbhw.o(i.USB_ResetEP)
    USB_Reset_Event                          0x000024b1   Thumb Code     8  usbuser.o(i.USB_Reset_Event)
    USB_Resume                               0x000024b9   Thumb Code     2  usbhw.o(i.USB_Resume)
    USB_SOF_Event                            0x000024bb   Thumb Code     2  usbuser.o(i.USB_SOF_Event)
    USB_SetAddress                           0x000024bd   Thumb Code    42  usbhw.o(i.USB_SetAddress)
    USB_SetStallEP                           0x000024ed   Thumb Code    26  usbhw.o(i.USB_SetStallEP)
    USB_SetupStage                           0x00002511   Thumb Code    12  usbcore.o(i.USB_SetupStage)
    USB_StatusInStage                        0x00002521   Thumb Code    14  usbcore.o(i.USB_StatusInStage)
    USB_StatusOutStage                       0x00002531   Thumb Code    12  usbcore.o(i.USB_StatusOutStage)
    USB_Suspend                              0x00002541   Thumb Code     2  usbhw.o(i.USB_Suspend)
    USB_WakeUpCfg                            0x00002543   Thumb Code     2  usbhw.o(i.USB_WakeUpCfg)
    USB_WriteEP                              0x00002545   Thumb Code    70  usbhw.o(i.USB_WriteEP)
    WrCmd                                    0x00002599   Thumb Code    30  usbhw.o(i.WrCmd)
    WrCmdDat                                 0x000025c1   Thumb Code    58  usbhw.o(i.WrCmdDat)
    WrCmdEP                                  0x00002605   Thumb Code    78  usbhw.o(i.WrCmdEP)
    __0snprintf$6                            0x0000265d   Thumb Code    44  printf6.o(i.__0snprintf$6)
    __1snprintf$6                            0x0000265d   Thumb Code     0  printf6.o(i.__0snprintf$6)
    __2snprintf                              0x0000265d   Thumb Code     0  printf6.o(i.__0snprintf$6)
    __0sprintf$6                             0x0000268d   Thumb Code    34  printf6.o(i.__0sprintf$6)
    __1sprintf$6                             0x0000268d   Thumb Code     0  printf6.o(i.__0sprintf$6)
    __2sprintf                               0x0000268d   Thumb Code     0  printf6.o(i.__0sprintf$6)
    __scatterload_copy                       0x000026d9   Thumb Code    14  handlers.o(i.__scatterload_copy)
    __scatterload_null                       0x000026e7   Thumb Code     2  handlers.o(i.__scatterload_null)
    __scatterload_zeroinit                   0x000026e9   Thumb Code    14  handlers.o(i.__scatterload_zeroinit)
    get_button                               0x00002e6d   Thumb Code    20  kbd.o(i.get_button)
    initMenu                                 0x00002f25   Thumb Code    52  menu.o(i.initMenu)
    main                                     0x00002f71   Thumb Code   102  main.o(i.main)
    runMenu                                  0x00003135   Thumb Code   180  menu.o(i.runMenu)
    runMusicPlayer                           0x000031fd   Thumb Code   336  player.o(i.runMusicPlayer)
    selectMenu                               0x000033cd   Thumb Code   154  menu.o(i.selectMenu)
    Font_6x8_h                               0x00003658   Data         896  glcd_spi_lpc1700.o(.constdata)
    Font_16x24_h                             0x000039d8   Data        5376  glcd_spi_lpc1700.o(.constdata)
    USB_DeviceDescriptor                     0x000675d9   Data          18  usbdesc.o(.constdata)
    USB_ConfigDescriptor                     0x000675eb   Data         110  usbdesc.o(.constdata)
    USB_StringDescriptor                     0x00067659   Data         100  usbdesc.o(.constdata)
    DDAdr                                    0x000676c0   Data           8  usbhw.o(.constdata)
    DDSz                                     0x000676c8   Data           8  usbhw.o(.constdata)
    USB_P_EP                                 0x000676d0   Data          64  usbuser.o(.constdata)
    EventRecorderInfo                        0x00067720   Data          24  eventrecorder.o(.constdata)
    Region$$Table$$Base                      0x00067738   Number         0  anon$$obj.o(Region$$Table)
    Region$$Table$$Limit                     0x00067758   Number         0  anon$$obj.o(Region$$Table)
    Mute                                     0x10000008   Data           1  player.o(.data)
    Volume                                   0x1000000c   Data           4  player.o(.data)
    InfoBuf                                  0x10000010   Data           4  player.o(.data)
    DataBuf                                  0x10000014   Data           4  player.o(.data)
    DataOut                                  0x10000018   Data           2  player.o(.data)
    DataIn                                   0x1000001a   Data           2  player.o(.data)
    DataRun                                  0x1000001c   Data           1  player.o(.data)
    PotVal                                   0x1000001e   Data           2  player.o(.data)
    VUM                                      0x10000020   Data           4  player.o(.data)
    Tick                                     0x10000024   Data           4  player.o(.data)
    USB_DeviceStatus                         0x1000002c   Data           2  usbcore.o(.data)
    USB_DeviceAddress                        0x1000002e   Data           1  usbcore.o(.data)
    USB_Configuration                        0x1000002f   Data           1  usbcore.o(.data)
    USB_EndPointMask                         0x10000030   Data           4  usbcore.o(.data)
    USB_EndPointHalt                         0x10000034   Data           4  usbcore.o(.data)
    USB_EndPointStall                        0x10000038   Data           4  usbcore.o(.data)
    USB_NumInterfaces                        0x1000003c   Data           1  usbcore.o(.data)
    USB_AltSetting                           0x1000003d   Data           4  usbcore.o(.data)
    EP0Data                                  0x10000044   Data           8  usbcore.o(.data)
    SetupPacket                              0x1000004c   Data           8  usbcore.o(.data)
    DDMemMap                                 0x10000054   Data           8  usbhw.o(.data)
    VolCur                                   0x2007c010   Data           2  adcuser.o(.data)
    SystemCoreClock                          0x2007c014   Data           4  system_lpc17xx.o(.data)
    SystemFrequency                          0x2007c018   Data           4  system_lpc17xx.o(.data)
    EP0Buf                                   0x2007c020   Data          64  usbcore.o(.bss)
    udca                                     0x2007c060   Data         128  usbhw.o(.bss)
    UDCA                                     0x2007c2e0   Data         128  usbhw.o(USB_RAM)
    __initial_sp                             0x2007c2e0   Data           0  startup_lpc17xx.o(STACK)
    DD_NISO_Mem                              0x2007c360   Data         256  usbhw.o(USB_RAM)
    DD_ISO_Mem                               0x2007c460   Data         160  usbhw.o(USB_RAM)



==============================================================================

Memory Map of the image

  Image Entry point : 0x000000cd

  Load Region LR_IROM1 (Base: 0x00000000, Size: 0x000677d8, Max: 0x00080000, ABSOLUTE)

    Execution Region ER_IROM1 (Exec base: 0x00000000, Load base: 0x00000000, Size: 0x00067758, Max: 0x00080000, ABSOLUTE)

    Exec Addr    Load Addr    Size         Type   Attr      Idx    E Section Name        Object

    0x00000000   0x00000000   0x000000cc   Data   RO         1439    RESET               startup_lpc17xx.o
    0x000000cc   0x000000cc   0x00000000   Code   RO         1489  * .ARM.Collect$$$$00000000  mc_w.l(entry.o)
    0x000000cc   0x000000cc   0x00000004   Code   RO         1764    .ARM.Collect$$$$00000001  mc_w.l(entry2.o)
    0x000000d0   0x000000d0   0x00000004   Code   RO         1767    .ARM.Collect$$$$00000004  mc_w.l(entry5.o)
    0x000000d4   0x000000d4   0x00000000   Code   RO         1769    .ARM.Collect$$$$00000008  mc_w.l(entry7b.o)
    0x000000d4   0x000000d4   0x00000000   Code   RO         1771    .ARM.Collect$$$$0000000A  mc_w.l(entry8b.o)
    0x000000d4   0x000000d4   0x00000008   Code   RO         1772    .ARM.Collect$$$$0000000B  mc_w.l(entry9a.o)
    0x000000dc   0x000000dc   0x00000000   Code   RO         1774    .ARM.Collect$$$$0000000D  mc_w.l(entry10a.o)
    0x000000dc   0x000000dc   0x00000000   Code   RO         1776    .ARM.Collect$$$$0000000F  mc_w.l(entry11a.o)
    0x000000dc   0x000000dc   0x00000004   Code   RO         1765    .ARM.Collect$$$$00002712  mc_w.l(entry2.o)
    0x000000e0   0x000000e0   0x00000024   Code   RO         1441    .text               startup_lpc17xx.o
    0x00000104   0x00000104   0x00000024   Code   RO         1494    .text               mc_w.l(rand.o)
    0x00000128   0x00000128   0x0000002c   Code   RO         1781    .text               mc_w.l(uidiv.o)
    0x00000154   0x00000154   0x00000024   Code   RO         1798    .text               mc_w.l(init.o)
    0x00000178   0x00000178   0x00000004   Code   RO         1038    i.ADC_EP_GetRequest  adcuser.o
    0x0000017c   0x0000017c   0x00000004   Code   RO         1039    i.ADC_EP_SetRequest  adcuser.o
    0x00000180   0x00000180   0x00000090   Code   RO         1040    i.ADC_IF_GetRequest  adcuser.o
    0x00000210   0x00000210   0x00000060   Code   RO         1041    i.ADC_IF_SetRequest  adcuser.o
    0x00000270   0x00000270   0x00000028   Code   RO         1082    i.ADC_IRQHandler    adc_mcb1700.o
    0x00000298   0x00000298   0x00000010   Code   RO          704    i.EPAdr             usbhw.o
    0x000002a8   0x000002a8   0x00000052   Code   RO           89    i.GLCD_Bitmap       glcd_spi_lpc1700.o
    0x000002fa   0x000002fa   0x00000002   Code   RO          717    i.USB_DirCtrlEP     usbhw.o
    0x000002fc   0x000002fc   0x00000004   Code   RO         1440    .ARM.__at_0x02FC    startup_lpc17xx.o
    0x00000300   0x00000300   0x000001f0   Code   RO          498    i.Flappy_Run        flappy.o
    0x000004f0   0x000004f0   0x00000068   Code   RO           88    i.GLCD_Bargraph     glcd_spi_lpc1700.o
    0x00000558   0x00000558   0x0000002a   Code   RO           90    i.GLCD_Clear        glcd_spi_lpc1700.o
    0x00000582   0x00000582   0x0000005e   Code   RO           91    i.GLCD_ClearLn      glcd_spi_lpc1700.o
    0x000005e0   0x000005e0   0x0000005c   Code   RO           92    i.GLCD_DisplayChar  glcd_spi_lpc1700.o
    0x0000063c   0x0000063c   0x00000028   Code   RO           93    i.GLCD_DisplayString  glcd_spi_lpc1700.o
    0x00000664   0x00000664   0x0000009c   Code   RO           94    i.GLCD_DrawChar     glcd_spi_lpc1700.o
    0x00000700   0x00000700   0x000005e8   Code   RO           95    i.GLCD_Init         glcd_spi_lpc1700.o
    0x00000ce8   0x00000ce8   0x0000000c   Code   RO           98    i.GLCD_SetBackColor  glcd_spi_lpc1700.o
    0x00000cf4   0x00000cf4   0x0000000c   Code   RO           99    i.GLCD_SetTextColor  glcd_spi_lpc1700.o
    0x00000d00   0x00000d00   0x000000ac   Code   RO          100    i.GLCD_SetWindow    glcd_spi_lpc1700.o
    0x00000dac   0x00000dac   0x00000012   Code   RO          101    i.GLCD_WindowMax    glcd_spi_lpc1700.o
    0x00000dbe   0x00000dbe   0x00000002   PAD
    0x00000dc0   0x00000dc0   0x00000028   Code   RO         1351    i.GPIO_PinWrite     gpio_lpc17xx.o
    0x00000de8   0x00000de8   0x0000002c   Code   RO         1352    i.GPIO_PortClock    gpio_lpc17xx.o
    0x00000e14   0x00000e14   0x00000038   Code   RO         1355    i.GPIO_SetDir       gpio_lpc17xx.o
    0x00000e4c   0x00000e4c   0x00000098   Code   RO          458    i.Gallery           gallery.o
    0x00000ee4   0x00000ee4   0x0000003c   Code   RO            5    i.KBD_Init          kbd.o
    0x00000f20   0x00000f20   0x00000010   Code   RO            6    i.KBD_get           kbd.o
    0x00000f30   0x00000f30   0x0000005c   Code   RO         1154    i.LED_Initialize    led_mcb1700.o
    0x00000f8c   0x00000f8c   0x000000fc   Code   RO         1404    i.PIN_Configure     pin_lpc17xx.o
    0x00001088   0x00001088   0x00000030   Code   RO          705    i.RdCmdDat          usbhw.o
    0x000010b8   0x000010b8   0x00000140   Code   RO         1450    i.SystemClockUpdate  system_lpc17xx.o
    0x000011f8   0x000011f8   0x00000140   Code   RO         1452    i.SystemInit        system_lpc17xx.o
    0x00001338   0x00001338   0x00000130   Code   RO          396    i.TIMER0_IRQHandler  player.o
    0x00001468   0x00001468   0x00000020   Code   RO          707    i.USB_ClrStallEP    usbhw.o
    0x00001488   0x00001488   0x0000004c   Code   RO          708    i.USB_ConfigEP      usbhw.o
    0x000014d4   0x000014d4   0x00000044   Code   RO          709    i.USB_Configure     usbhw.o
    0x00001518   0x00001518   0x00000020   Code   RO          710    i.USB_Connect       usbhw.o
    0x00001538   0x00001538   0x00000024   Code   RO          711    i.USB_DMA_BufAdr    usbhw.o
    0x0000155c   0x0000155c   0x00000018   Code   RO          714    i.USB_DMA_Enable    usbhw.o
    0x00001574   0x00001574   0x0000010c   Code   RO          715    i.USB_DMA_Setup     usbhw.o
    0x00001680   0x00001680   0x00000038   Code   RO          578    i.USB_DataInStage   usbcore.o
    0x000016b8   0x000016b8   0x00000028   Code   RO          579    i.USB_DataOutStage  usbcore.o
    0x000016e0   0x000016e0   0x00000024   Code   RO          718    i.USB_DisableEP     usbhw.o
    0x00001704   0x00001704   0x00000020   Code   RO          719    i.USB_EnableEP      usbhw.o
    0x00001724   0x00001724   0x00000330   Code   RO          580    i.USB_EndPoint0     usbcore.o
    0x00001a54   0x00001a54   0x000000b8   Code   RO          932    i.USB_EndPoint3     usbuser.o
    0x00001b0c   0x00001b0c   0x0000021c   Code   RO          721    i.USB_IRQHandler    usbhw.o
    0x00001d28   0x00001d28   0x000000b0   Code   RO          722    i.USB_Init          usbhw.o
    0x00001dd8   0x00001dd8   0x0000006c   Code   RO          723    i.USB_ReadEP        usbhw.o
    0x00001e44   0x00001e44   0x000000b8   Code   RO          581    i.USB_ReqGetDescriptor  usbcore.o
    0x00001efc   0x00001efc   0x000000c0   Code   RO          582    i.USB_ReqGetStatus  usbcore.o
    0x00001fbc   0x00001fbc   0x000000ec   Code   RO          583    i.USB_ReqSetClrFeature  usbcore.o
    0x000020a8   0x000020a8   0x000001b8   Code   RO          584    i.USB_ReqSetConfiguration  usbcore.o
    0x00002260   0x00002260   0x00000130   Code   RO          585    i.USB_ReqSetInterface  usbcore.o
    0x00002390   0x00002390   0x000000c4   Code   RO          724    i.USB_Reset         usbhw.o
    0x00002454   0x00002454   0x0000003c   Code   RO          586    i.USB_ResetCore     usbcore.o
    0x00002490   0x00002490   0x00000020   Code   RO          725    i.USB_ResetEP       usbhw.o
    0x000024b0   0x000024b0   0x00000008   Code   RO          939    i.USB_Reset_Event   usbuser.o
    0x000024b8   0x000024b8   0x00000002   Code   RO          726    i.USB_Resume        usbhw.o
    0x000024ba   0x000024ba   0x00000002   Code   RO          940    i.USB_SOF_Event     usbuser.o
    0x000024bc   0x000024bc   0x00000030   Code   RO          727    i.USB_SetAddress    usbhw.o
    0x000024ec   0x000024ec   0x00000024   Code   RO          728    i.USB_SetStallEP    usbhw.o
    0x00002510   0x00002510   0x00000010   Code   RO          587    i.USB_SetupStage    usbcore.o
    0x00002520   0x00002520   0x0000000e   Code   RO          588    i.USB_StatusInStage  usbcore.o
    0x0000252e   0x0000252e   0x00000002   PAD
    0x00002530   0x00002530   0x00000010   Code   RO          589    i.USB_StatusOutStage  usbcore.o
    0x00002540   0x00002540   0x00000002   Code   RO          729    i.USB_Suspend       usbhw.o
    0x00002542   0x00002542   0x00000002   Code   RO          731    i.USB_WakeUpCfg     usbhw.o
    0x00002544   0x00002544   0x00000054   Code   RO          732    i.USB_WriteEP       usbhw.o
    0x00002598   0x00002598   0x00000028   Code   RO          733    i.WrCmd             usbhw.o
    0x000025c0   0x000025c0   0x00000044   Code   RO          734    i.WrCmdDat          usbhw.o
    0x00002604   0x00002604   0x00000058   Code   RO          735    i.WrCmdEP           usbhw.o
    0x0000265c   0x0000265c   0x00000030   Code   RO         1659    i.__0snprintf$6     mc_w.l(printf6.o)
    0x0000268c   0x0000268c   0x00000028   Code   RO         1660    i.__0sprintf$6      mc_w.l(printf6.o)
    0x000026b4   0x000026b4   0x00000024   Code   RO          397    i.__NVIC_DisableIRQ  player.o
    0x000026d8   0x000026d8   0x0000000e   Code   RO         1808    i.__scatterload_copy  mc_w.l(handlers.o)
    0x000026e6   0x000026e6   0x00000002   Code   RO         1809    i.__scatterload_null  mc_w.l(handlers.o)
    0x000026e8   0x000026e8   0x0000000e   Code   RO         1810    i.__scatterload_zeroinit  mc_w.l(handlers.o)
    0x000026f6   0x000026f6   0x00000002   PAD
    0x000026f8   0x000026f8   0x000002f0   Code   RO         1665    i._printf_core      mc_w.l(printf6.o)
    0x000029e8   0x000029e8   0x00000024   Code   RO         1666    i._printf_post_padding  mc_w.l(printf6.o)
    0x00002a0c   0x00002a0c   0x0000002e   Code   RO         1667    i._printf_pre_padding  mc_w.l(printf6.o)
    0x00002a3a   0x00002a3a   0x00000016   Code   RO         1668    i._snputc           mc_w.l(printf6.o)
    0x00002a50   0x00002a50   0x0000000a   Code   RO         1669    i._sputc            mc_w.l(printf6.o)
    0x00002a5a   0x00002a5a   0x00000002   PAD
    0x00002a5c   0x00002a5c   0x00000024   Code   RO          499    i.clear_bird        flappy.o
    0x00002a80   0x00002a80   0x00000076   Code   RO          500    i.clear_pipe        flappy.o
    0x00002af6   0x00002af6   0x00000002   PAD
    0x00002af8   0x00002af8   0x00000050   Code   RO          501    i.collide           flappy.o
    0x00002b48   0x00002b48   0x0000000e   Code   RO          104    i.delay             glcd_spi_lpc1700.o
    0x00002b56   0x00002b56   0x00000002   PAD
    0x00002b58   0x00002b58   0x00000024   Code   RO          502    i.draw_bird         flappy.o
    0x00002b7c   0x00002b7c   0x0000007e   Code   RO          503    i.draw_pipe         flappy.o
    0x00002bfa   0x00002bfa   0x0000003e   Code   RO          504    i.draw_rect         flappy.o
    0x00002c38   0x00002c38   0x000000fc   Code   RO          398    i.draw_volume_ui    player.o
    0x00002d34   0x00002d34   0x000000dc   Code   RO          459    i.gallery_draw_current  gallery.o
    0x00002e10   0x00002e10   0x0000005c   Code   RO          505    i.game_over_screen  flappy.o
    0x00002e6c   0x00002e6c   0x00000014   Code   RO            7    i.get_button        kbd.o
    0x00002e80   0x00002e80   0x00000044   Code   RO          399    i.get_potval        player.o
    0x00002ec4   0x00002ec4   0x00000060   Code   RO          506    i.hud_draw          flappy.o
    0x00002f24   0x00002f24   0x0000004c   Code   RO          346    i.initMenu          menu.o
    0x00002f70   0x00002f70   0x000000a0   Code   RO          277    i.main              main.o
    0x00003010   0x00003010   0x00000050   Code   RO          347    i.menu_footer       menu.o
    0x00003060   0x00003060   0x0000008c   Code   RO          105    i.rd_id_man         glcd_spi_lpc1700.o
    0x000030ec   0x000030ec   0x00000048   Code   RO          106    i.rd_reg            glcd_spi_lpc1700.o
    0x00003134   0x00003134   0x000000c8   Code   RO          348    i.runMenu           menu.o
    0x000031fc   0x000031fc   0x000001d0   Code   RO          400    i.runMusicPlayer    player.o
    0x000033cc   0x000033cc   0x000000cc   Code   RO          349    i.selectMenu        menu.o
    0x00003498   0x00003498   0x00000020   Code   RO          107    i.spi_tran          glcd_spi_lpc1700.o
    0x000034b8   0x000034b8   0x00000080   Code   RO          108    i.spi_tran_man      glcd_spi_lpc1700.o
    0x00003538   0x00003538   0x00000036   Code   RO          401    i.ui_header         player.o
    0x0000356e   0x0000356e   0x00000036   Code   RO          460    i.ui_header         gallery.o
    0x000035a4   0x000035a4   0x0000001c   Code   RO          507    i.wait_short        flappy.o
    0x000035c0   0x000035c0   0x00000028   Code   RO          109    i.wr_cmd            glcd_spi_lpc1700.o
    0x000035e8   0x000035e8   0x00000028   Code   RO          110    i.wr_dat            glcd_spi_lpc1700.o
    0x00003610   0x00003610   0x00000012   Code   RO          111    i.wr_dat_only       glcd_spi_lpc1700.o
    0x00003622   0x00003622   0x00000002   PAD
    0x00003624   0x00003624   0x00000014   Code   RO          112    i.wr_dat_start      glcd_spi_lpc1700.o
    0x00003638   0x00003638   0x0000000c   Code   RO          113    i.wr_dat_stop       glcd_spi_lpc1700.o
    0x00003644   0x00003644   0x00000014   Code   RO          114    i.wr_reg            glcd_spi_lpc1700.o
    0x00003658   0x00003658   0x00001880   Data   RO          115    .constdata          glcd_spi_lpc1700.o
    0x00004ed8   0x00004ed8   0x00062701   Data   RO          461    .constdata          gallery.o
    0x000675d9   0x000675d9   0x000000e4   Data   RO          689    .constdata          usbdesc.o
    0x000676bd   0x000676bd   0x00000003   PAD
    0x000676c0   0x000676c0   0x00000010   Data   RO          737    .constdata          usbhw.o
    0x000676d0   0x000676d0   0x00000040   Data   RO          941    .constdata          usbuser.o
    0x00067710   0x00067710   0x00000010   Data   RO         1159    .constdata          led_mcb1700.o
    0x00067720   0x00067720   0x00000018   Data   RO         1231    .constdata          eventrecorder.o
    0x00067738   0x00067738   0x00000020   Data   RO         1806    Region$$Table       anon$$obj.o


    Execution Region RW_IRAM1 (Exec base: 0x10000000, Load base: 0x00067758, Size: 0x00000524, Max: 0x00009000, ABSOLUTE, UNINIT)

    Exec Addr    Load Addr    Size         Type   Attr      Idx    E Section Name        Object

    0x10000000   0x00067758   0x00000005   Data   RW          116    .data               glcd_spi_lpc1700.o
    0x10000005   0x0006775d   0x00000003   PAD
    0x10000008   0x00067760   0x00000022   Data   RW          402    .data               player.o
    0x1000002a   0x00067782   0x00000002   PAD
    0x1000002c   0x00067784   0x00000028   Data   RW          591    .data               usbcore.o
    0x10000054   0x000677ac   0x00000008   Data   RW          738    .data               usbhw.o
    0x1000005c   0x000677b4   0x00000003   Data   RW         1087    .data               adc_mcb1700.o
    0x1000005f   0x000677b7   0x00000021   PAD
    0x10000080        -       0x000004a4   Zero   RW         1230    .bss.noinit         eventrecorder.o


    Execution Region RW_IRAM2 (Exec base: 0x2007c000, Load base: 0x000677b8, Size: 0x00000500, Max: 0x00009000, ABSOLUTE, UNINIT)

    Exec Addr    Load Addr    Size         Type   Attr      Idx    E Section Name        Object

    0x2007c000   0x000677b8   0x00000008   Data   RW          462    .data               gallery.o
    0x2007c008   0x000677c0   0x00000008   Data   RW          508    .data               flappy.o
    0x2007c010   0x000677c8   0x00000002   Data   RW         1043    .data               adcuser.o
    0x2007c012   0x000677ca   0x00000002   PAD
    0x2007c014   0x000677cc   0x00000008   Data   RW         1453    .data               system_lpc17xx.o
    0x2007c01c   0x000677d4   0x00000004   Data   RW         1495    .data               mc_w.l(rand.o)
    0x2007c020        -       0x00000040   Zero   RW          590    .bss                usbcore.o
    0x2007c060        -       0x00000080   Zero   RW          736    .bss                usbhw.o
    0x2007c0e0        -       0x00000200   Zero   RW         1437    STACK               startup_lpc17xx.o
    0x2007c2e0        -       0x00000220   Zero   RW          739    USB_RAM             usbhw.o


==============================================================================

Image component sizes


      Code (inc. data)   RO Data    RW Data    ZI Data      Debug   Object Name

        40         12          0          3          0       2455   adc_mcb1700.o
       248         32          0          2          0       2522   adcuser.o
         0          0         24          0       1188       3924   eventrecorder.o
      1170         92          0          8          0       6617   flappy.o
       426        104     403201          8          0       2842   gallery.o
      2872        100       6272          5          0      15826   glcd_spi_lpc1700.o
       140         14          0          0          0       1807   gpio_lpc17xx.o
        96         22          0          0          0       5774   kbd.o
        92          4         16          0          0       1421   led_mcb1700.o
       160         58          0          0          0      23583   main.o
       560        116          0          0          0       2806   menu.o
       252          6          0          0          0        844   pin_lpc17xx.o
      1178        338          0         34          0      31215   player.o
        40         12        204          0        512       1028   startup_lpc17xx.o
       640         36          0          8          0       1407   system_lpc17xx.o
      2374        236          0         40         64      10199   usbcore.o
         0          0        228          0          0        677   usbdesc.o
      2092        230         16          8        672      41103   usbhw.o
       194         20         64          0          0       2009   usbuser.o

    ----------------------------------------------------------------------
     12584       1432     410060        124       2468     158059   Object Totals
         0          0         32          0          0          0   (incl. Generated)
        10          0          3          8         32          0   (incl. Padding)

    ----------------------------------------------------------------------

      Code (inc. data)   RO Data    RW Data    ZI Data      Debug   Library Member Name

         0          0          0          0          0          0   entry.o
         0          0          0          0          0          0   entry10a.o
         0          0          0          0          0          0   entry11a.o
         8          4          0          0          0          0   entry2.o
         4          0          0          0          0          0   entry5.o
         0          0          0          0          0          0   entry7b.o
         0          0          0          0          0          0   entry8b.o
         8          4          0          0          0          0   entry9a.o
        30          0          0          0          0          0   handlers.o
        36          8          0          0          0         68   init.o
       954         14          0          0          0        572   printf6.o
        36         10          0          4          0        136   rand.o
        44          0          0          0          0         80   uidiv.o

    ----------------------------------------------------------------------
      1124         40          0          4          0        856   Library Totals
         4          0          0          0          0          0   (incl. Padding)

    ----------------------------------------------------------------------

      Code (inc. data)   RO Data    RW Data    ZI Data      Debug   Library Name

      1120         40          0          4          0        856   mc_w.l

    ----------------------------------------------------------------------
      1124         40          0          4          0        856   Library Totals

    ----------------------------------------------------------------------

==============================================================================


      Code (inc. data)   RO Data    RW Data    ZI Data      Debug   

     13708       1472     410060        128       2468     153659   Grand Totals
     13708       1472     410060        128       2468     153659   ELF Image Totals
     13708       1472     410060        128          0          0   ROM Totals

==============================================================================

    Total RO  Size (Code + RO Data)               423768 ( 413.84kB)
    Total RW  Size (RW Data + ZI Data)              2596 (   2.54kB)
    Total ROM Size (Code + RO Data + RW Data)     423896 ( 413.96kB)

==============================================================================

