<!doctype html public "-//w3c//dtd html 4.0 transitional//en">
<html><head>
<title>Static Call Graph - [.\Objects\Bitband.axf]</title></head>
<body><HR>
<H1>Static Call Graph for image .\Objects\Bitband.axf</H1><HR>
<BR><P>#&#060CALLGRAPH&#062# ARM Linker, 5060960: Last Updated: Wed Nov 12 17:11:13 2025
<BR><P>
<H3>Maximum Stack Usage =        360 bytes + Unknown(Cycles, Untraceable Function Pointers)</H3><H3>
Call chain for Maximum Stack Depth:</H3>
main &rArr; runMenu &rArr; selectMenu &rArr; menu_footer &rArr; GLCD_ClearLn &rArr; GLCD_DisplayString &rArr; GLCD_DisplayChar &rArr; GLCD_DrawChar &rArr; GLCD_SetWindow &rArr; wr_reg &rArr; wr_dat
<P>
<H3>
Mutually Recursive functions
</H3> <LI><a href="#[1]">NMI_Handler</a>&nbsp;&nbsp;&nbsp;&rArr;&nbsp;&nbsp;&nbsp;<a href="#[1]">NMI_Handler</a><BR>
 <LI><a href="#[2]">HardFault_Handler</a>&nbsp;&nbsp;&nbsp;&rArr;&nbsp;&nbsp;&nbsp;<a href="#[2]">HardFault_Handler</a><BR>
 <LI><a href="#[3]">MemManage_Handler</a>&nbsp;&nbsp;&nbsp;&rArr;&nbsp;&nbsp;&nbsp;<a href="#[3]">MemManage_Handler</a><BR>
 <LI><a href="#[4]">BusFault_Handler</a>&nbsp;&nbsp;&nbsp;&rArr;&nbsp;&nbsp;&nbsp;<a href="#[4]">BusFault_Handler</a><BR>
 <LI><a href="#[5]">UsageFault_Handler</a>&nbsp;&nbsp;&nbsp;&rArr;&nbsp;&nbsp;&nbsp;<a href="#[5]">UsageFault_Handler</a><BR>
 <LI><a href="#[6]">SVC_Handler</a>&nbsp;&nbsp;&nbsp;&rArr;&nbsp;&nbsp;&nbsp;<a href="#[6]">SVC_Handler</a><BR>
 <LI><a href="#[7]">DebugMon_Handler</a>&nbsp;&nbsp;&nbsp;&rArr;&nbsp;&nbsp;&nbsp;<a href="#[7]">DebugMon_Handler</a><BR>
 <LI><a href="#[8]">PendSV_Handler</a>&nbsp;&nbsp;&nbsp;&rArr;&nbsp;&nbsp;&nbsp;<a href="#[8]">PendSV_Handler</a><BR>
 <LI><a href="#[9]">SysTick_Handler</a>&nbsp;&nbsp;&nbsp;&rArr;&nbsp;&nbsp;&nbsp;<a href="#[9]">SysTick_Handler</a><BR>
 <LI><a href="#[21]">BOD_IRQHandler</a>&nbsp;&nbsp;&nbsp;&rArr;&nbsp;&nbsp;&nbsp;<a href="#[21]">BOD_IRQHandler</a><BR>
</UL>
<P>
<H3>
Function Pointers
</H3><UL>
 <LI><a href="#[20]">ADC_IRQHandler</a> from adc_mcb1700.o(i.ADC_IRQHandler) referenced from startup_lpc17xx.o(RESET)
 <LI><a href="#[21]">BOD_IRQHandler</a> from startup_lpc17xx.o(.text) referenced from startup_lpc17xx.o(RESET)
 <LI><a href="#[4]">BusFault_Handler</a> from startup_lpc17xx.o(.text) referenced from startup_lpc17xx.o(RESET)
 <LI><a href="#[2c]">CANActivity_IRQHandler</a> from startup_lpc17xx.o(.text) referenced from startup_lpc17xx.o(RESET)
 <LI><a href="#[23]">CAN_IRQHandler</a> from startup_lpc17xx.o(.text) referenced from startup_lpc17xx.o(RESET)
 <LI><a href="#[24]">DMA_IRQHandler</a> from startup_lpc17xx.o(.text) referenced from startup_lpc17xx.o(RESET)
 <LI><a href="#[7]">DebugMon_Handler</a> from startup_lpc17xx.o(.text) referenced from startup_lpc17xx.o(RESET)
 <LI><a href="#[1c]">EINT0_IRQHandler</a> from startup_lpc17xx.o(.text) referenced from startup_lpc17xx.o(RESET)
 <LI><a href="#[1d]">EINT1_IRQHandler</a> from startup_lpc17xx.o(.text) referenced from startup_lpc17xx.o(RESET)
 <LI><a href="#[1e]">EINT2_IRQHandler</a> from startup_lpc17xx.o(.text) referenced from startup_lpc17xx.o(RESET)
 <LI><a href="#[1f]">EINT3_IRQHandler</a> from startup_lpc17xx.o(.text) referenced from startup_lpc17xx.o(RESET)
 <LI><a href="#[26]">ENET_IRQHandler</a> from startup_lpc17xx.o(.text) referenced from startup_lpc17xx.o(RESET)
 <LI><a href="#[2]">HardFault_Handler</a> from startup_lpc17xx.o(.text) referenced from startup_lpc17xx.o(RESET)
 <LI><a href="#[14]">I2C0_IRQHandler</a> from startup_lpc17xx.o(.text) referenced from startup_lpc17xx.o(RESET)
 <LI><a href="#[15]">I2C1_IRQHandler</a> from startup_lpc17xx.o(.text) referenced from startup_lpc17xx.o(RESET)
 <LI><a href="#[16]">I2C2_IRQHandler</a> from startup_lpc17xx.o(.text) referenced from startup_lpc17xx.o(RESET)
 <LI><a href="#[25]">I2S_IRQHandler</a> from startup_lpc17xx.o(.text) referenced from startup_lpc17xx.o(RESET)
 <LI><a href="#[28]">MCPWM_IRQHandler</a> from startup_lpc17xx.o(.text) referenced from startup_lpc17xx.o(RESET)
 <LI><a href="#[3]">MemManage_Handler</a> from startup_lpc17xx.o(.text) referenced from startup_lpc17xx.o(RESET)
 <LI><a href="#[1]">NMI_Handler</a> from startup_lpc17xx.o(.text) referenced from startup_lpc17xx.o(RESET)
 <LI><a href="#[1a]">PLL0_IRQHandler</a> from startup_lpc17xx.o(.text) referenced from startup_lpc17xx.o(RESET)
 <LI><a href="#[2a]">PLL1_IRQHandler</a> from startup_lpc17xx.o(.text) referenced from startup_lpc17xx.o(RESET)
 <LI><a href="#[13]">PWM1_IRQHandler</a> from startup_lpc17xx.o(.text) referenced from startup_lpc17xx.o(RESET)
 <LI><a href="#[8]">PendSV_Handler</a> from startup_lpc17xx.o(.text) referenced from startup_lpc17xx.o(RESET)
 <LI><a href="#[29]">QEI_IRQHandler</a> from startup_lpc17xx.o(.text) referenced from startup_lpc17xx.o(RESET)
 <LI><a href="#[27]">RIT_IRQHandler</a> from startup_lpc17xx.o(.text) referenced from startup_lpc17xx.o(RESET)
 <LI><a href="#[1b]">RTC_IRQHandler</a> from startup_lpc17xx.o(.text) referenced from startup_lpc17xx.o(RESET)
 <LI><a href="#[0]">Reset_Handler</a> from startup_lpc17xx.o(.text) referenced from startup_lpc17xx.o(RESET)
 <LI><a href="#[17]">SPI_IRQHandler</a> from startup_lpc17xx.o(.text) referenced from startup_lpc17xx.o(RESET)
 <LI><a href="#[18]">SSP0_IRQHandler</a> from startup_lpc17xx.o(.text) referenced from startup_lpc17xx.o(RESET)
 <LI><a href="#[19]">SSP1_IRQHandler</a> from startup_lpc17xx.o(.text) referenced from startup_lpc17xx.o(RESET)
 <LI><a href="#[6]">SVC_Handler</a> from startup_lpc17xx.o(.text) referenced from startup_lpc17xx.o(RESET)
 <LI><a href="#[9]">SysTick_Handler</a> from startup_lpc17xx.o(.text) referenced from startup_lpc17xx.o(RESET)
 <LI><a href="#[2e]">SystemInit</a> from system_lpc17xx.o(i.SystemInit) referenced from startup_lpc17xx.o(.text)
 <LI><a href="#[b]">TIMER0_IRQHandler</a> from player.o(i.TIMER0_IRQHandler) referenced from startup_lpc17xx.o(RESET)
 <LI><a href="#[c]">TIMER1_IRQHandler</a> from startup_lpc17xx.o(.text) referenced from startup_lpc17xx.o(RESET)
 <LI><a href="#[d]">TIMER2_IRQHandler</a> from startup_lpc17xx.o(.text) referenced from startup_lpc17xx.o(RESET)
 <LI><a href="#[e]">TIMER3_IRQHandler</a> from startup_lpc17xx.o(.text) referenced from startup_lpc17xx.o(RESET)
 <LI><a href="#[f]">UART0_IRQHandler</a> from startup_lpc17xx.o(.text) referenced from startup_lpc17xx.o(RESET)
 <LI><a href="#[10]">UART1_IRQHandler</a> from startup_lpc17xx.o(.text) referenced from startup_lpc17xx.o(RESET)
 <LI><a href="#[11]">UART2_IRQHandler</a> from startup_lpc17xx.o(.text) referenced from startup_lpc17xx.o(RESET)
 <LI><a href="#[12]">UART3_IRQHandler</a> from startup_lpc17xx.o(.text) referenced from startup_lpc17xx.o(RESET)
 <LI><a href="#[2b]">USBActivity_IRQHandler</a> from startup_lpc17xx.o(.text) referenced from startup_lpc17xx.o(RESET)
 <LI><a href="#[32]">USB_EndPoint0</a> from usbcore.o(i.USB_EndPoint0) referenced from usbuser.o(.constdata)
 <LI><a href="#[33]">USB_EndPoint3</a> from usbuser.o(i.USB_EndPoint3) referenced from usbuser.o(.constdata)
 <LI><a href="#[22]">USB_IRQHandler</a> from usbhw.o(i.USB_IRQHandler) referenced from startup_lpc17xx.o(RESET)
 <LI><a href="#[5]">UsageFault_Handler</a> from startup_lpc17xx.o(.text) referenced from startup_lpc17xx.o(RESET)
 <LI><a href="#[a]">WDT_IRQHandler</a> from startup_lpc17xx.o(.text) referenced from startup_lpc17xx.o(RESET)
 <LI><a href="#[2f]">__main</a> from entry.o(.ARM.Collect$$$$00000000) referenced from startup_lpc17xx.o(.text)
 <LI><a href="#[30]">_snputc</a> from printf6.o(i._snputc) referenced from printf6.o(i.__0snprintf$6)
 <LI><a href="#[31]">_sputc</a> from printf6.o(i._sputc) referenced from printf6.o(i.__0sprintf$6)
 <LI><a href="#[2d]">main</a> from main.o(i.main) referenced from entry9a.o(.ARM.Collect$$$$0000000B)
</UL>
<P>
<H3>
Global Symbols
</H3>
<P><STRONG><a name="[2f]"></a>__main</STRONG> (Thumb, 0 bytes, Stack size unknown bytes, entry.o(.ARM.Collect$$$$00000000))
<BR>[Address Reference Count : 1]<UL><LI> startup_lpc17xx.o(.text)
</UL>
<P><STRONG><a name="[9f]"></a>_main_stk</STRONG> (Thumb, 0 bytes, Stack size unknown bytes, entry2.o(.ARM.Collect$$$$00000001))

<P><STRONG><a name="[34]"></a>_main_scatterload</STRONG> (Thumb, 0 bytes, Stack size unknown bytes, entry5.o(.ARM.Collect$$$$00000004))
<BR><BR>[Calls]<UL><LI><a href="#[35]">&gt;&gt;</a>&nbsp;&nbsp;&nbsp;__scatterload
</UL>

<P><STRONG><a name="[36]"></a>__main_after_scatterload</STRONG> (Thumb, 0 bytes, Stack size unknown bytes, entry5.o(.ARM.Collect$$$$00000004))
<BR><BR>[Called By]<UL><LI><a href="#[35]">&gt;&gt;</a>&nbsp;&nbsp;&nbsp;__scatterload
</UL>

<P><STRONG><a name="[a0]"></a>_main_clock</STRONG> (Thumb, 0 bytes, Stack size unknown bytes, entry7b.o(.ARM.Collect$$$$00000008))

<P><STRONG><a name="[a1]"></a>_main_cpp_init</STRONG> (Thumb, 0 bytes, Stack size unknown bytes, entry8b.o(.ARM.Collect$$$$0000000A))

<P><STRONG><a name="[a2]"></a>_main_init</STRONG> (Thumb, 0 bytes, Stack size unknown bytes, entry9a.o(.ARM.Collect$$$$0000000B))

<P><STRONG><a name="[a3]"></a>__rt_lib_shutdown_fini</STRONG> (Thumb, 0 bytes, Stack size unknown bytes, entry12b.o(.ARM.Collect$$$$0000000E))

<P><STRONG><a name="[a4]"></a>__rt_final_cpp</STRONG> (Thumb, 0 bytes, Stack size unknown bytes, entry10a.o(.ARM.Collect$$$$0000000F))

<P><STRONG><a name="[a5]"></a>__rt_final_exit</STRONG> (Thumb, 0 bytes, Stack size unknown bytes, entry11a.o(.ARM.Collect$$$$00000011))

<P><STRONG><a name="[0]"></a>Reset_Handler</STRONG> (Thumb, 8 bytes, Stack size 0 bytes, startup_lpc17xx.o(.text))
<BR>[Address Reference Count : 1]<UL><LI> startup_lpc17xx.o(RESET)
</UL>
<P><STRONG><a name="[1]"></a>NMI_Handler</STRONG> (Thumb, 2 bytes, Stack size 0 bytes, startup_lpc17xx.o(.text))
<BR><BR>[Calls]<UL><LI><a href="#[1]">&gt;&gt;</a>&nbsp;&nbsp;&nbsp;NMI_Handler
</UL>
<BR>[Called By]<UL><LI><a href="#[1]">&gt;&gt;</a>&nbsp;&nbsp;&nbsp;NMI_Handler
</UL>
<BR>[Address Reference Count : 1]<UL><LI> startup_lpc17xx.o(RESET)
</UL>
<P><STRONG><a name="[2]"></a>HardFault_Handler</STRONG> (Thumb, 2 bytes, Stack size 0 bytes, startup_lpc17xx.o(.text))
<BR><BR>[Calls]<UL><LI><a href="#[2]">&gt;&gt;</a>&nbsp;&nbsp;&nbsp;HardFault_Handler
</UL>
<BR>[Called By]<UL><LI><a href="#[2]">&gt;&gt;</a>&nbsp;&nbsp;&nbsp;HardFault_Handler
</UL>
<BR>[Address Reference Count : 1]<UL><LI> startup_lpc17xx.o(RESET)
</UL>
<P><STRONG><a name="[3]"></a>MemManage_Handler</STRONG> (Thumb, 2 bytes, Stack size 0 bytes, startup_lpc17xx.o(.text))
<BR><BR>[Calls]<UL><LI><a href="#[3]">&gt;&gt;</a>&nbsp;&nbsp;&nbsp;MemManage_Handler
</UL>
<BR>[Called By]<UL><LI><a href="#[3]">&gt;&gt;</a>&nbsp;&nbsp;&nbsp;MemManage_Handler
</UL>
<BR>[Address Reference Count : 1]<UL><LI> startup_lpc17xx.o(RESET)
</UL>
<P><STRONG><a name="[4]"></a>BusFault_Handler</STRONG> (Thumb, 2 bytes, Stack size 0 bytes, startup_lpc17xx.o(.text))
<BR><BR>[Calls]<UL><LI><a href="#[4]">&gt;&gt;</a>&nbsp;&nbsp;&nbsp;BusFault_Handler
</UL>
<BR>[Called By]<UL><LI><a href="#[4]">&gt;&gt;</a>&nbsp;&nbsp;&nbsp;BusFault_Handler
</UL>
<BR>[Address Reference Count : 1]<UL><LI> startup_lpc17xx.o(RESET)
</UL>
<P><STRONG><a name="[5]"></a>UsageFault_Handler</STRONG> (Thumb, 2 bytes, Stack size 0 bytes, startup_lpc17xx.o(.text))
<BR><BR>[Calls]<UL><LI><a href="#[5]">&gt;&gt;</a>&nbsp;&nbsp;&nbsp;UsageFault_Handler
</UL>
<BR>[Called By]<UL><LI><a href="#[5]">&gt;&gt;</a>&nbsp;&nbsp;&nbsp;UsageFault_Handler
</UL>
<BR>[Address Reference Count : 1]<UL><LI> startup_lpc17xx.o(RESET)
</UL>
<P><STRONG><a name="[6]"></a>SVC_Handler</STRONG> (Thumb, 2 bytes, Stack size 0 bytes, startup_lpc17xx.o(.text))
<BR><BR>[Calls]<UL><LI><a href="#[6]">&gt;&gt;</a>&nbsp;&nbsp;&nbsp;SVC_Handler
</UL>
<BR>[Called By]<UL><LI><a href="#[6]">&gt;&gt;</a>&nbsp;&nbsp;&nbsp;SVC_Handler
</UL>
<BR>[Address Reference Count : 1]<UL><LI> startup_lpc17xx.o(RESET)
</UL>
<P><STRONG><a name="[7]"></a>DebugMon_Handler</STRONG> (Thumb, 2 bytes, Stack size 0 bytes, startup_lpc17xx.o(.text))
<BR><BR>[Calls]<UL><LI><a href="#[7]">&gt;&gt;</a>&nbsp;&nbsp;&nbsp;DebugMon_Handler
</UL>
<BR>[Called By]<UL><LI><a href="#[7]">&gt;&gt;</a>&nbsp;&nbsp;&nbsp;DebugMon_Handler
</UL>
<BR>[Address Reference Count : 1]<UL><LI> startup_lpc17xx.o(RESET)
</UL>
<P><STRONG><a name="[8]"></a>PendSV_Handler</STRONG> (Thumb, 2 bytes, Stack size 0 bytes, startup_lpc17xx.o(.text))
<BR><BR>[Calls]<UL><LI><a href="#[8]">&gt;&gt;</a>&nbsp;&nbsp;&nbsp;PendSV_Handler
</UL>
<BR>[Called By]<UL><LI><a href="#[8]">&gt;&gt;</a>&nbsp;&nbsp;&nbsp;PendSV_Handler
</UL>
<BR>[Address Reference Count : 1]<UL><LI> startup_lpc17xx.o(RESET)
</UL>
<P><STRONG><a name="[9]"></a>SysTick_Handler</STRONG> (Thumb, 2 bytes, Stack size 0 bytes, startup_lpc17xx.o(.text))
<BR><BR>[Calls]<UL><LI><a href="#[9]">&gt;&gt;</a>&nbsp;&nbsp;&nbsp;SysTick_Handler
</UL>
<BR>[Called By]<UL><LI><a href="#[9]">&gt;&gt;</a>&nbsp;&nbsp;&nbsp;SysTick_Handler
</UL>
<BR>[Address Reference Count : 1]<UL><LI> startup_lpc17xx.o(RESET)
</UL>
<P><STRONG><a name="[21]"></a>BOD_IRQHandler</STRONG> (Thumb, 0 bytes, Stack size 0 bytes, startup_lpc17xx.o(.text))
<BR><BR>[Calls]<UL><LI><a href="#[21]">&gt;&gt;</a>&nbsp;&nbsp;&nbsp;BOD_IRQHandler
</UL>
<BR>[Called By]<UL><LI><a href="#[21]">&gt;&gt;</a>&nbsp;&nbsp;&nbsp;BOD_IRQHandler
</UL>
<BR>[Address Reference Count : 1]<UL><LI> startup_lpc17xx.o(RESET)
</UL>
<P><STRONG><a name="[2c]"></a>CANActivity_IRQHandler</STRONG> (Thumb, 0 bytes, Stack size 0 bytes, startup_lpc17xx.o(.text))
<BR>[Address Reference Count : 1]<UL><LI> startup_lpc17xx.o(RESET)
</UL>
<P><STRONG><a name="[23]"></a>CAN_IRQHandler</STRONG> (Thumb, 0 bytes, Stack size 0 bytes, startup_lpc17xx.o(.text))
<BR>[Address Reference Count : 1]<UL><LI> startup_lpc17xx.o(RESET)
</UL>
<P><STRONG><a name="[24]"></a>DMA_IRQHandler</STRONG> (Thumb, 0 bytes, Stack size 0 bytes, startup_lpc17xx.o(.text))
<BR>[Address Reference Count : 1]<UL><LI> startup_lpc17xx.o(RESET)
</UL>
<P><STRONG><a name="[1c]"></a>EINT0_IRQHandler</STRONG> (Thumb, 0 bytes, Stack size 0 bytes, startup_lpc17xx.o(.text))
<BR>[Address Reference Count : 1]<UL><LI> startup_lpc17xx.o(RESET)
</UL>
<P><STRONG><a name="[1d]"></a>EINT1_IRQHandler</STRONG> (Thumb, 0 bytes, Stack size 0 bytes, startup_lpc17xx.o(.text))
<BR>[Address Reference Count : 1]<UL><LI> startup_lpc17xx.o(RESET)
</UL>
<P><STRONG><a name="[1e]"></a>EINT2_IRQHandler</STRONG> (Thumb, 0 bytes, Stack size 0 bytes, startup_lpc17xx.o(.text))
<BR>[Address Reference Count : 1]<UL><LI> startup_lpc17xx.o(RESET)
</UL>
<P><STRONG><a name="[1f]"></a>EINT3_IRQHandler</STRONG> (Thumb, 0 bytes, Stack size 0 bytes, startup_lpc17xx.o(.text))
<BR>[Address Reference Count : 1]<UL><LI> startup_lpc17xx.o(RESET)
</UL>
<P><STRONG><a name="[26]"></a>ENET_IRQHandler</STRONG> (Thumb, 0 bytes, Stack size 0 bytes, startup_lpc17xx.o(.text))
<BR>[Address Reference Count : 1]<UL><LI> startup_lpc17xx.o(RESET)
</UL>
<P><STRONG><a name="[14]"></a>I2C0_IRQHandler</STRONG> (Thumb, 0 bytes, Stack size 0 bytes, startup_lpc17xx.o(.text))
<BR>[Address Reference Count : 1]<UL><LI> startup_lpc17xx.o(RESET)
</UL>
<P><STRONG><a name="[15]"></a>I2C1_IRQHandler</STRONG> (Thumb, 0 bytes, Stack size 0 bytes, startup_lpc17xx.o(.text))
<BR>[Address Reference Count : 1]<UL><LI> startup_lpc17xx.o(RESET)
</UL>
<P><STRONG><a name="[16]"></a>I2C2_IRQHandler</STRONG> (Thumb, 0 bytes, Stack size 0 bytes, startup_lpc17xx.o(.text))
<BR>[Address Reference Count : 1]<UL><LI> startup_lpc17xx.o(RESET)
</UL>
<P><STRONG><a name="[25]"></a>I2S_IRQHandler</STRONG> (Thumb, 0 bytes, Stack size 0 bytes, startup_lpc17xx.o(.text))
<BR>[Address Reference Count : 1]<UL><LI> startup_lpc17xx.o(RESET)
</UL>
<P><STRONG><a name="[28]"></a>MCPWM_IRQHandler</STRONG> (Thumb, 0 bytes, Stack size 0 bytes, startup_lpc17xx.o(.text))
<BR>[Address Reference Count : 1]<UL><LI> startup_lpc17xx.o(RESET)
</UL>
<P><STRONG><a name="[1a]"></a>PLL0_IRQHandler</STRONG> (Thumb, 0 bytes, Stack size 0 bytes, startup_lpc17xx.o(.text))
<BR>[Address Reference Count : 1]<UL><LI> startup_lpc17xx.o(RESET)
</UL>
<P><STRONG><a name="[2a]"></a>PLL1_IRQHandler</STRONG> (Thumb, 0 bytes, Stack size 0 bytes, startup_lpc17xx.o(.text))
<BR>[Address Reference Count : 1]<UL><LI> startup_lpc17xx.o(RESET)
</UL>
<P><STRONG><a name="[13]"></a>PWM1_IRQHandler</STRONG> (Thumb, 0 bytes, Stack size 0 bytes, startup_lpc17xx.o(.text))
<BR>[Address Reference Count : 1]<UL><LI> startup_lpc17xx.o(RESET)
</UL>
<P><STRONG><a name="[29]"></a>QEI_IRQHandler</STRONG> (Thumb, 0 bytes, Stack size 0 bytes, startup_lpc17xx.o(.text))
<BR>[Address Reference Count : 1]<UL><LI> startup_lpc17xx.o(RESET)
</UL>
<P><STRONG><a name="[27]"></a>RIT_IRQHandler</STRONG> (Thumb, 0 bytes, Stack size 0 bytes, startup_lpc17xx.o(.text))
<BR>[Address Reference Count : 1]<UL><LI> startup_lpc17xx.o(RESET)
</UL>
<P><STRONG><a name="[1b]"></a>RTC_IRQHandler</STRONG> (Thumb, 0 bytes, Stack size 0 bytes, startup_lpc17xx.o(.text))
<BR>[Address Reference Count : 1]<UL><LI> startup_lpc17xx.o(RESET)
</UL>
<P><STRONG><a name="[17]"></a>SPI_IRQHandler</STRONG> (Thumb, 0 bytes, Stack size 0 bytes, startup_lpc17xx.o(.text))
<BR>[Address Reference Count : 1]<UL><LI> startup_lpc17xx.o(RESET)
</UL>
<P><STRONG><a name="[18]"></a>SSP0_IRQHandler</STRONG> (Thumb, 0 bytes, Stack size 0 bytes, startup_lpc17xx.o(.text))
<BR>[Address Reference Count : 1]<UL><LI> startup_lpc17xx.o(RESET)
</UL>
<P><STRONG><a name="[19]"></a>SSP1_IRQHandler</STRONG> (Thumb, 0 bytes, Stack size 0 bytes, startup_lpc17xx.o(.text))
<BR>[Address Reference Count : 1]<UL><LI> startup_lpc17xx.o(RESET)
</UL>
<P><STRONG><a name="[c]"></a>TIMER1_IRQHandler</STRONG> (Thumb, 0 bytes, Stack size 0 bytes, startup_lpc17xx.o(.text))
<BR>[Address Reference Count : 1]<UL><LI> startup_lpc17xx.o(RESET)
</UL>
<P><STRONG><a name="[d]"></a>TIMER2_IRQHandler</STRONG> (Thumb, 0 bytes, Stack size 0 bytes, startup_lpc17xx.o(.text))
<BR>[Address Reference Count : 1]<UL><LI> startup_lpc17xx.o(RESET)
</UL>
<P><STRONG><a name="[e]"></a>TIMER3_IRQHandler</STRONG> (Thumb, 0 bytes, Stack size 0 bytes, startup_lpc17xx.o(.text))
<BR>[Address Reference Count : 1]<UL><LI> startup_lpc17xx.o(RESET)
</UL>
<P><STRONG><a name="[f]"></a>UART0_IRQHandler</STRONG> (Thumb, 0 bytes, Stack size 0 bytes, startup_lpc17xx.o(.text))
<BR>[Address Reference Count : 1]<UL><LI> startup_lpc17xx.o(RESET)
</UL>
<P><STRONG><a name="[10]"></a>UART1_IRQHandler</STRONG> (Thumb, 0 bytes, Stack size 0 bytes, startup_lpc17xx.o(.text))
<BR>[Address Reference Count : 1]<UL><LI> startup_lpc17xx.o(RESET)
</UL>
<P><STRONG><a name="[11]"></a>UART2_IRQHandler</STRONG> (Thumb, 0 bytes, Stack size 0 bytes, startup_lpc17xx.o(.text))
<BR>[Address Reference Count : 1]<UL><LI> startup_lpc17xx.o(RESET)
</UL>
<P><STRONG><a name="[12]"></a>UART3_IRQHandler</STRONG> (Thumb, 0 bytes, Stack size 0 bytes, startup_lpc17xx.o(.text))
<BR>[Address Reference Count : 1]<UL><LI> startup_lpc17xx.o(RESET)
</UL>
<P><STRONG><a name="[2b]"></a>USBActivity_IRQHandler</STRONG> (Thumb, 0 bytes, Stack size 0 bytes, startup_lpc17xx.o(.text))
<BR>[Address Reference Count : 1]<UL><LI> startup_lpc17xx.o(RESET)
</UL>
<P><STRONG><a name="[a]"></a>WDT_IRQHandler</STRONG> (Thumb, 0 bytes, Stack size 0 bytes, startup_lpc17xx.o(.text))
<BR>[Address Reference Count : 1]<UL><LI> startup_lpc17xx.o(RESET)
</UL>
<P><STRONG><a name="[40]"></a>rand</STRONG> (Thumb, 20 bytes, Stack size 0 bytes, rand.o(.text))
<BR><BR>[Called By]<UL><LI><a href="#[3f]">&gt;&gt;</a>&nbsp;&nbsp;&nbsp;Flappy_Run
</UL>

<P><STRONG><a name="[a6]"></a>srand</STRONG> (Thumb, 6 bytes, Stack size 0 bytes, rand.o(.text), UNUSED)

<P><STRONG><a name="[a7]"></a>__aeabi_uidiv</STRONG> (Thumb, 0 bytes, Stack size 12 bytes, uidiv.o(.text), UNUSED)

<P><STRONG><a name="[8c]"></a>__aeabi_uidivmod</STRONG> (Thumb, 44 bytes, Stack size 12 bytes, uidiv.o(.text), UNUSED)
<BR><BR>[Called By]<UL><LI><a href="#[89]">&gt;&gt;</a>&nbsp;&nbsp;&nbsp;_printf_core
</UL>

<P><STRONG><a name="[35]"></a>__scatterload</STRONG> (Thumb, 28 bytes, Stack size 0 bytes, init.o(.text))
<BR><BR>[Calls]<UL><LI><a href="#[36]">&gt;&gt;</a>&nbsp;&nbsp;&nbsp;__main_after_scatterload
</UL>
<BR>[Called By]<UL><LI><a href="#[34]">&gt;&gt;</a>&nbsp;&nbsp;&nbsp;_main_scatterload
</UL>

<P><STRONG><a name="[a8]"></a>__scatterload_rt2</STRONG> (Thumb, 0 bytes, Stack size 0 bytes, init.o(.text), UNUSED)

<P><STRONG><a name="[79]"></a>ADC_EP_GetRequest</STRONG> (Thumb, 4 bytes, Stack size 0 bytes, adcuser.o(i.ADC_EP_GetRequest))
<BR><BR>[Called By]<UL><LI><a href="#[32]">&gt;&gt;</a>&nbsp;&nbsp;&nbsp;USB_EndPoint0
</UL>

<P><STRONG><a name="[7b]"></a>ADC_EP_SetRequest</STRONG> (Thumb, 4 bytes, Stack size 0 bytes, adcuser.o(i.ADC_EP_SetRequest))
<BR><BR>[Called By]<UL><LI><a href="#[32]">&gt;&gt;</a>&nbsp;&nbsp;&nbsp;USB_EndPoint0
</UL>

<P><STRONG><a name="[78]"></a>ADC_IF_GetRequest</STRONG> (Thumb, 128 bytes, Stack size 0 bytes, adcuser.o(i.ADC_IF_GetRequest))
<BR><BR>[Called By]<UL><LI><a href="#[32]">&gt;&gt;</a>&nbsp;&nbsp;&nbsp;USB_EndPoint0
</UL>

<P><STRONG><a name="[7a]"></a>ADC_IF_SetRequest</STRONG> (Thumb, 80 bytes, Stack size 0 bytes, adcuser.o(i.ADC_IF_SetRequest))
<BR><BR>[Called By]<UL><LI><a href="#[32]">&gt;&gt;</a>&nbsp;&nbsp;&nbsp;USB_EndPoint0
</UL>

<P><STRONG><a name="[20]"></a>ADC_IRQHandler</STRONG> (Thumb, 28 bytes, Stack size 8 bytes, adc_mcb1700.o(i.ADC_IRQHandler))
<BR><BR>[Stack]<UL><LI>Max Depth = 8<LI>Call Chain = ADC_IRQHandler
</UL>
<BR>[Address Reference Count : 1]<UL><LI> startup_lpc17xx.o(RESET)
</UL>
<P><STRONG><a name="[61]"></a>EPAdr</STRONG> (Thumb, 16 bytes, Stack size 0 bytes, usbhw.o(i.EPAdr))
<BR><BR>[Called By]<UL><LI><a href="#[75]">&gt;&gt;</a>&nbsp;&nbsp;&nbsp;USB_SetStallEP
<LI><a href="#[87]">&gt;&gt;</a>&nbsp;&nbsp;&nbsp;USB_ResetEP
<LI><a href="#[6e]">&gt;&gt;</a>&nbsp;&nbsp;&nbsp;USB_EnableEP
<LI><a href="#[6d]">&gt;&gt;</a>&nbsp;&nbsp;&nbsp;USB_DisableEP
<LI><a href="#[63]">&gt;&gt;</a>&nbsp;&nbsp;&nbsp;USB_ConfigEP
<LI><a href="#[60]">&gt;&gt;</a>&nbsp;&nbsp;&nbsp;USB_ClrStallEP
<LI><a href="#[85]">&gt;&gt;</a>&nbsp;&nbsp;&nbsp;WrCmdEP
<LI><a href="#[68]">&gt;&gt;</a>&nbsp;&nbsp;&nbsp;USB_DMA_Setup
<LI><a href="#[67]">&gt;&gt;</a>&nbsp;&nbsp;&nbsp;USB_DMA_Enable
<LI><a href="#[66]">&gt;&gt;</a>&nbsp;&nbsp;&nbsp;USB_DMA_BufAdr
</UL>

<P><STRONG><a name="[37]"></a>GLCD_Clear</STRONG> (Thumb, 42 bytes, Stack size 16 bytes, glcd_spi_lpc1700.o(i.GLCD_Clear))
<BR><BR>[Stack]<UL><LI>Max Depth = 80<LI>Call Chain = GLCD_Clear &rArr; GLCD_WindowMax &rArr; GLCD_SetWindow &rArr; wr_reg &rArr; wr_dat
</UL>
<BR>[Calls]<UL><LI><a href="#[38]">&gt;&gt;</a>&nbsp;&nbsp;&nbsp;GLCD_WindowMax
<LI><a href="#[3c]">&gt;&gt;</a>&nbsp;&nbsp;&nbsp;wr_dat_stop
<LI><a href="#[3a]">&gt;&gt;</a>&nbsp;&nbsp;&nbsp;wr_dat_start
<LI><a href="#[3b]">&gt;&gt;</a>&nbsp;&nbsp;&nbsp;wr_dat_only
<LI><a href="#[39]">&gt;&gt;</a>&nbsp;&nbsp;&nbsp;wr_cmd
</UL>
<BR>[Called By]<UL><LI><a href="#[57]">&gt;&gt;</a>&nbsp;&nbsp;&nbsp;gallery_draw_current
<LI><a href="#[9c]">&gt;&gt;</a>&nbsp;&nbsp;&nbsp;runMusicPlayer
<LI><a href="#[3f]">&gt;&gt;</a>&nbsp;&nbsp;&nbsp;Flappy_Run
<LI><a href="#[97]">&gt;&gt;</a>&nbsp;&nbsp;&nbsp;runMenu
<LI><a href="#[94]">&gt;&gt;</a>&nbsp;&nbsp;&nbsp;initMenu
<LI><a href="#[2d]">&gt;&gt;</a>&nbsp;&nbsp;&nbsp;main
</UL>

<P><STRONG><a name="[8f]"></a>GLCD_SetBackColor</STRONG> (Thumb, 6 bytes, Stack size 0 bytes, glcd_spi_lpc1700.o(i.GLCD_SetBackColor))
<BR><BR>[Called By]<UL><LI><a href="#[41]">&gt;&gt;</a>&nbsp;&nbsp;&nbsp;hud_draw
<LI><a href="#[49]">&gt;&gt;</a>&nbsp;&nbsp;&nbsp;game_over_screen
<LI><a href="#[8e]">&gt;&gt;</a>&nbsp;&nbsp;&nbsp;draw_rect
<LI><a href="#[91]">&gt;&gt;</a>&nbsp;&nbsp;&nbsp;ui_header
<LI><a href="#[5e]">&gt;&gt;</a>&nbsp;&nbsp;&nbsp;media_update_volume_ui
<LI><a href="#[9c]">&gt;&gt;</a>&nbsp;&nbsp;&nbsp;runMusicPlayer
<LI><a href="#[99]">&gt;&gt;</a>&nbsp;&nbsp;&nbsp;menu_footer
<LI><a href="#[96]">&gt;&gt;</a>&nbsp;&nbsp;&nbsp;selectMenu
<LI><a href="#[94]">&gt;&gt;</a>&nbsp;&nbsp;&nbsp;initMenu
<LI><a href="#[2d]">&gt;&gt;</a>&nbsp;&nbsp;&nbsp;main
</UL>

<P><STRONG><a name="[90]"></a>GLCD_SetTextColor</STRONG> (Thumb, 6 bytes, Stack size 0 bytes, glcd_spi_lpc1700.o(i.GLCD_SetTextColor))
<BR><BR>[Called By]<UL><LI><a href="#[41]">&gt;&gt;</a>&nbsp;&nbsp;&nbsp;hud_draw
<LI><a href="#[49]">&gt;&gt;</a>&nbsp;&nbsp;&nbsp;game_over_screen
<LI><a href="#[8e]">&gt;&gt;</a>&nbsp;&nbsp;&nbsp;draw_rect
<LI><a href="#[91]">&gt;&gt;</a>&nbsp;&nbsp;&nbsp;ui_header
<LI><a href="#[57]">&gt;&gt;</a>&nbsp;&nbsp;&nbsp;gallery_draw_current
<LI><a href="#[5e]">&gt;&gt;</a>&nbsp;&nbsp;&nbsp;media_update_volume_ui
<LI><a href="#[9c]">&gt;&gt;</a>&nbsp;&nbsp;&nbsp;runMusicPlayer
<LI><a href="#[99]">&gt;&gt;</a>&nbsp;&nbsp;&nbsp;menu_footer
<LI><a href="#[96]">&gt;&gt;</a>&nbsp;&nbsp;&nbsp;selectMenu
<LI><a href="#[97]">&gt;&gt;</a>&nbsp;&nbsp;&nbsp;runMenu
<LI><a href="#[94]">&gt;&gt;</a>&nbsp;&nbsp;&nbsp;initMenu
<LI><a href="#[2d]">&gt;&gt;</a>&nbsp;&nbsp;&nbsp;main
</UL>

<P><STRONG><a name="[70]"></a>USB_DirCtrlEP</STRONG> (Thumb, 2 bytes, Stack size 0 bytes, usbhw.o(i.USB_DirCtrlEP))
<BR><BR>[Called By]<UL><LI><a href="#[32]">&gt;&gt;</a>&nbsp;&nbsp;&nbsp;USB_EndPoint0
</UL>

<P><STRONG><a name="[3d]"></a>USB_Reset_Event</STRONG> (Thumb, 8 bytes, Stack size 8 bytes, usbuser.o(i.USB_Reset_Event))
<BR><BR>[Stack]<UL><LI>Max Depth = 8<LI>Call Chain = USB_Reset_Event
</UL>
<BR>[Calls]<UL><LI><a href="#[3e]">&gt;&gt;</a>&nbsp;&nbsp;&nbsp;USB_ResetCore
</UL>
<BR>[Called By]<UL><LI><a href="#[22]">&gt;&gt;</a>&nbsp;&nbsp;&nbsp;USB_IRQHandler
</UL>

<P><STRONG><a name="[82]"></a>USB_Resume</STRONG> (Thumb, 2 bytes, Stack size 0 bytes, usbhw.o(i.USB_Resume))
<BR><BR>[Called By]<UL><LI><a href="#[22]">&gt;&gt;</a>&nbsp;&nbsp;&nbsp;USB_IRQHandler
</UL>

<P><STRONG><a name="[3f]"></a>Flappy_Run</STRONG> (Thumb, 484 bytes, Stack size 32 bytes, flappy.o(i.Flappy_Run))
<BR><BR>[Stack]<UL><LI>Max Depth = 312<LI>Call Chain = Flappy_Run &rArr; hud_draw &rArr; GLCD_ClearLn &rArr; GLCD_DisplayString &rArr; GLCD_DisplayChar &rArr; GLCD_DrawChar &rArr; GLCD_SetWindow &rArr; wr_reg &rArr; wr_dat
</UL>
<BR>[Calls]<UL><LI><a href="#[48]">&gt;&gt;</a>&nbsp;&nbsp;&nbsp;wait_short
<LI><a href="#[41]">&gt;&gt;</a>&nbsp;&nbsp;&nbsp;hud_draw
<LI><a href="#[49]">&gt;&gt;</a>&nbsp;&nbsp;&nbsp;game_over_screen
<LI><a href="#[45]">&gt;&gt;</a>&nbsp;&nbsp;&nbsp;draw_pipe
<LI><a href="#[47]">&gt;&gt;</a>&nbsp;&nbsp;&nbsp;draw_bird
<LI><a href="#[46]">&gt;&gt;</a>&nbsp;&nbsp;&nbsp;collide
<LI><a href="#[44]">&gt;&gt;</a>&nbsp;&nbsp;&nbsp;clear_pipe
<LI><a href="#[43]">&gt;&gt;</a>&nbsp;&nbsp;&nbsp;clear_bird
<LI><a href="#[37]">&gt;&gt;</a>&nbsp;&nbsp;&nbsp;GLCD_Clear
<LI><a href="#[42]">&gt;&gt;</a>&nbsp;&nbsp;&nbsp;get_button
<LI><a href="#[40]">&gt;&gt;</a>&nbsp;&nbsp;&nbsp;rand
</UL>
<BR>[Called By]<UL><LI><a href="#[97]">&gt;&gt;</a>&nbsp;&nbsp;&nbsp;runMenu
</UL>

<P><STRONG><a name="[4a]"></a>GLCD_Bargraph</STRONG> (Thumb, 98 bytes, Stack size 32 bytes, glcd_spi_lpc1700.o(i.GLCD_Bargraph))
<BR><BR>[Stack]<UL><LI>Max Depth = 88<LI>Call Chain = GLCD_Bargraph &rArr; GLCD_SetWindow &rArr; wr_reg &rArr; wr_dat
</UL>
<BR>[Calls]<UL><LI><a href="#[4b]">&gt;&gt;</a>&nbsp;&nbsp;&nbsp;GLCD_SetWindow
<LI><a href="#[3c]">&gt;&gt;</a>&nbsp;&nbsp;&nbsp;wr_dat_stop
<LI><a href="#[3a]">&gt;&gt;</a>&nbsp;&nbsp;&nbsp;wr_dat_start
<LI><a href="#[3b]">&gt;&gt;</a>&nbsp;&nbsp;&nbsp;wr_dat_only
<LI><a href="#[39]">&gt;&gt;</a>&nbsp;&nbsp;&nbsp;wr_cmd
</UL>
<BR>[Called By]<UL><LI><a href="#[8e]">&gt;&gt;</a>&nbsp;&nbsp;&nbsp;draw_rect
<LI><a href="#[5e]">&gt;&gt;</a>&nbsp;&nbsp;&nbsp;media_update_volume_ui
</UL>

<P><STRONG><a name="[4c]"></a>GLCD_Bitmap</STRONG> (Thumb, 82 bytes, Stack size 40 bytes, glcd_spi_lpc1700.o(i.GLCD_Bitmap))
<BR><BR>[Stack]<UL><LI>Max Depth = 96<LI>Call Chain = GLCD_Bitmap &rArr; GLCD_SetWindow &rArr; wr_reg &rArr; wr_dat
</UL>
<BR>[Calls]<UL><LI><a href="#[4b]">&gt;&gt;</a>&nbsp;&nbsp;&nbsp;GLCD_SetWindow
<LI><a href="#[3c]">&gt;&gt;</a>&nbsp;&nbsp;&nbsp;wr_dat_stop
<LI><a href="#[3a]">&gt;&gt;</a>&nbsp;&nbsp;&nbsp;wr_dat_start
<LI><a href="#[3b]">&gt;&gt;</a>&nbsp;&nbsp;&nbsp;wr_dat_only
<LI><a href="#[39]">&gt;&gt;</a>&nbsp;&nbsp;&nbsp;wr_cmd
</UL>
<BR>[Called By]<UL><LI><a href="#[57]">&gt;&gt;</a>&nbsp;&nbsp;&nbsp;gallery_draw_current
</UL>

<P><STRONG><a name="[4d]"></a>GLCD_ClearLn</STRONG> (Thumb, 94 bytes, Stack size 80 bytes, glcd_spi_lpc1700.o(i.GLCD_ClearLn))
<BR><BR>[Stack]<UL><LI>Max Depth = 240<LI>Call Chain = GLCD_ClearLn &rArr; GLCD_DisplayString &rArr; GLCD_DisplayChar &rArr; GLCD_DrawChar &rArr; GLCD_SetWindow &rArr; wr_reg &rArr; wr_dat
</UL>
<BR>[Calls]<UL><LI><a href="#[38]">&gt;&gt;</a>&nbsp;&nbsp;&nbsp;GLCD_WindowMax
<LI><a href="#[4e]">&gt;&gt;</a>&nbsp;&nbsp;&nbsp;GLCD_DisplayString
</UL>
<BR>[Called By]<UL><LI><a href="#[41]">&gt;&gt;</a>&nbsp;&nbsp;&nbsp;hud_draw
<LI><a href="#[91]">&gt;&gt;</a>&nbsp;&nbsp;&nbsp;ui_header
<LI><a href="#[99]">&gt;&gt;</a>&nbsp;&nbsp;&nbsp;menu_footer
<LI><a href="#[96]">&gt;&gt;</a>&nbsp;&nbsp;&nbsp;selectMenu
</UL>

<P><STRONG><a name="[4f]"></a>GLCD_DisplayChar</STRONG> (Thumb, 84 bytes, Stack size 24 bytes, glcd_spi_lpc1700.o(i.GLCD_DisplayChar))
<BR><BR>[Stack]<UL><LI>Max Depth = 136<LI>Call Chain = GLCD_DisplayChar &rArr; GLCD_DrawChar &rArr; GLCD_SetWindow &rArr; wr_reg &rArr; wr_dat
</UL>
<BR>[Calls]<UL><LI><a href="#[50]">&gt;&gt;</a>&nbsp;&nbsp;&nbsp;GLCD_DrawChar
</UL>
<BR>[Called By]<UL><LI><a href="#[4e]">&gt;&gt;</a>&nbsp;&nbsp;&nbsp;GLCD_DisplayString
</UL>

<P><STRONG><a name="[4e]"></a>GLCD_DisplayString</STRONG> (Thumb, 40 bytes, Stack size 24 bytes, glcd_spi_lpc1700.o(i.GLCD_DisplayString))
<BR><BR>[Stack]<UL><LI>Max Depth = 160<LI>Call Chain = GLCD_DisplayString &rArr; GLCD_DisplayChar &rArr; GLCD_DrawChar &rArr; GLCD_SetWindow &rArr; wr_reg &rArr; wr_dat
</UL>
<BR>[Calls]<UL><LI><a href="#[4f]">&gt;&gt;</a>&nbsp;&nbsp;&nbsp;GLCD_DisplayChar
</UL>
<BR>[Called By]<UL><LI><a href="#[41]">&gt;&gt;</a>&nbsp;&nbsp;&nbsp;hud_draw
<LI><a href="#[49]">&gt;&gt;</a>&nbsp;&nbsp;&nbsp;game_over_screen
<LI><a href="#[91]">&gt;&gt;</a>&nbsp;&nbsp;&nbsp;ui_header
<LI><a href="#[57]">&gt;&gt;</a>&nbsp;&nbsp;&nbsp;gallery_draw_current
<LI><a href="#[5e]">&gt;&gt;</a>&nbsp;&nbsp;&nbsp;media_update_volume_ui
<LI><a href="#[9c]">&gt;&gt;</a>&nbsp;&nbsp;&nbsp;runMusicPlayer
<LI><a href="#[99]">&gt;&gt;</a>&nbsp;&nbsp;&nbsp;menu_footer
<LI><a href="#[96]">&gt;&gt;</a>&nbsp;&nbsp;&nbsp;selectMenu
<LI><a href="#[97]">&gt;&gt;</a>&nbsp;&nbsp;&nbsp;runMenu
<LI><a href="#[94]">&gt;&gt;</a>&nbsp;&nbsp;&nbsp;initMenu
<LI><a href="#[2d]">&gt;&gt;</a>&nbsp;&nbsp;&nbsp;main
<LI><a href="#[4d]">&gt;&gt;</a>&nbsp;&nbsp;&nbsp;GLCD_ClearLn
</UL>

<P><STRONG><a name="[50]"></a>GLCD_DrawChar</STRONG> (Thumb, 150 bytes, Stack size 56 bytes, glcd_spi_lpc1700.o(i.GLCD_DrawChar))
<BR><BR>[Stack]<UL><LI>Max Depth = 112<LI>Call Chain = GLCD_DrawChar &rArr; GLCD_SetWindow &rArr; wr_reg &rArr; wr_dat
</UL>
<BR>[Calls]<UL><LI><a href="#[4b]">&gt;&gt;</a>&nbsp;&nbsp;&nbsp;GLCD_SetWindow
<LI><a href="#[3c]">&gt;&gt;</a>&nbsp;&nbsp;&nbsp;wr_dat_stop
<LI><a href="#[3a]">&gt;&gt;</a>&nbsp;&nbsp;&nbsp;wr_dat_start
<LI><a href="#[3b]">&gt;&gt;</a>&nbsp;&nbsp;&nbsp;wr_dat_only
<LI><a href="#[39]">&gt;&gt;</a>&nbsp;&nbsp;&nbsp;wr_cmd
</UL>
<BR>[Called By]<UL><LI><a href="#[4f]">&gt;&gt;</a>&nbsp;&nbsp;&nbsp;GLCD_DisplayChar
</UL>

<P><STRONG><a name="[51]"></a>GLCD_Init</STRONG> (Thumb, 1506 bytes, Stack size 8 bytes, glcd_spi_lpc1700.o(i.GLCD_Init))
<BR><BR>[Stack]<UL><LI>Max Depth = 40<LI>Call Chain = GLCD_Init &rArr; rd_id_man &rArr; spi_tran_man
</UL>
<BR>[Calls]<UL><LI><a href="#[54]">&gt;&gt;</a>&nbsp;&nbsp;&nbsp;wr_reg
<LI><a href="#[53]">&gt;&gt;</a>&nbsp;&nbsp;&nbsp;rd_reg
<LI><a href="#[52]">&gt;&gt;</a>&nbsp;&nbsp;&nbsp;rd_id_man
<LI><a href="#[55]">&gt;&gt;</a>&nbsp;&nbsp;&nbsp;delay
</UL>
<BR>[Called By]<UL><LI><a href="#[2d]">&gt;&gt;</a>&nbsp;&nbsp;&nbsp;main
</UL>

<P><STRONG><a name="[4b]"></a>GLCD_SetWindow</STRONG> (Thumb, 168 bytes, Stack size 32 bytes, glcd_spi_lpc1700.o(i.GLCD_SetWindow))
<BR><BR>[Stack]<UL><LI>Max Depth = 56<LI>Call Chain = GLCD_SetWindow &rArr; wr_reg &rArr; wr_dat
</UL>
<BR>[Calls]<UL><LI><a href="#[54]">&gt;&gt;</a>&nbsp;&nbsp;&nbsp;wr_reg
</UL>
<BR>[Called By]<UL><LI><a href="#[38]">&gt;&gt;</a>&nbsp;&nbsp;&nbsp;GLCD_WindowMax
<LI><a href="#[50]">&gt;&gt;</a>&nbsp;&nbsp;&nbsp;GLCD_DrawChar
<LI><a href="#[4c]">&gt;&gt;</a>&nbsp;&nbsp;&nbsp;GLCD_Bitmap
<LI><a href="#[4a]">&gt;&gt;</a>&nbsp;&nbsp;&nbsp;GLCD_Bargraph
</UL>

<P><STRONG><a name="[38]"></a>GLCD_WindowMax</STRONG> (Thumb, 18 bytes, Stack size 8 bytes, glcd_spi_lpc1700.o(i.GLCD_WindowMax))
<BR><BR>[Stack]<UL><LI>Max Depth = 64<LI>Call Chain = GLCD_WindowMax &rArr; GLCD_SetWindow &rArr; wr_reg &rArr; wr_dat
</UL>
<BR>[Calls]<UL><LI><a href="#[4b]">&gt;&gt;</a>&nbsp;&nbsp;&nbsp;GLCD_SetWindow
</UL>
<BR>[Called By]<UL><LI><a href="#[4d]">&gt;&gt;</a>&nbsp;&nbsp;&nbsp;GLCD_ClearLn
<LI><a href="#[37]">&gt;&gt;</a>&nbsp;&nbsp;&nbsp;GLCD_Clear
</UL>

<P><STRONG><a name="[5c]"></a>GPIO_PinWrite</STRONG> (Thumb, 36 bytes, Stack size 12 bytes, gpio_lpc17xx.o(i.GPIO_PinWrite))
<BR><BR>[Stack]<UL><LI>Max Depth = 12<LI>Call Chain = GPIO_PinWrite
</UL>
<BR>[Called By]<UL><LI><a href="#[58]">&gt;&gt;</a>&nbsp;&nbsp;&nbsp;LED_Initialize
</UL>

<P><STRONG><a name="[59]"></a>GPIO_PortClock</STRONG> (Thumb, 38 bytes, Stack size 0 bytes, gpio_lpc17xx.o(i.GPIO_PortClock))
<BR><BR>[Called By]<UL><LI><a href="#[58]">&gt;&gt;</a>&nbsp;&nbsp;&nbsp;LED_Initialize
</UL>

<P><STRONG><a name="[5b]"></a>GPIO_SetDir</STRONG> (Thumb, 52 bytes, Stack size 12 bytes, gpio_lpc17xx.o(i.GPIO_SetDir))
<BR><BR>[Stack]<UL><LI>Max Depth = 12<LI>Call Chain = GPIO_SetDir
</UL>
<BR>[Called By]<UL><LI><a href="#[58]">&gt;&gt;</a>&nbsp;&nbsp;&nbsp;LED_Initialize
</UL>

<P><STRONG><a name="[56]"></a>Gallery</STRONG> (Thumb, 142 bytes, Stack size 16 bytes, gallery.o(i.Gallery))
<BR><BR>[Stack]<UL><LI>Max Depth = 280<LI>Call Chain = Gallery &rArr; gallery_draw_current &rArr; ui_header &rArr; GLCD_ClearLn &rArr; GLCD_DisplayString &rArr; GLCD_DisplayChar &rArr; GLCD_DrawChar &rArr; GLCD_SetWindow &rArr; wr_reg &rArr; wr_dat
</UL>
<BR>[Calls]<UL><LI><a href="#[57]">&gt;&gt;</a>&nbsp;&nbsp;&nbsp;gallery_draw_current
<LI><a href="#[42]">&gt;&gt;</a>&nbsp;&nbsp;&nbsp;get_button
</UL>
<BR>[Called By]<UL><LI><a href="#[97]">&gt;&gt;</a>&nbsp;&nbsp;&nbsp;runMenu
</UL>

<P><STRONG><a name="[95]"></a>KBD_Init</STRONG> (Thumb, 42 bytes, Stack size 0 bytes, kbd.o(i.KBD_Init))
<BR><BR>[Called By]<UL><LI><a href="#[2d]">&gt;&gt;</a>&nbsp;&nbsp;&nbsp;main
</UL>

<P><STRONG><a name="[92]"></a>KBD_get</STRONG> (Thumb, 12 bytes, Stack size 0 bytes, kbd.o(i.KBD_get))
<BR><BR>[Called By]<UL><LI><a href="#[42]">&gt;&gt;</a>&nbsp;&nbsp;&nbsp;get_button
</UL>

<P><STRONG><a name="[58]"></a>LED_Initialize</STRONG> (Thumb, 88 bytes, Stack size 16 bytes, led_mcb1700.o(i.LED_Initialize))
<BR><BR>[Stack]<UL><LI>Max Depth = 40<LI>Call Chain = LED_Initialize &rArr; PIN_Configure
</UL>
<BR>[Calls]<UL><LI><a href="#[5b]">&gt;&gt;</a>&nbsp;&nbsp;&nbsp;GPIO_SetDir
<LI><a href="#[59]">&gt;&gt;</a>&nbsp;&nbsp;&nbsp;GPIO_PortClock
<LI><a href="#[5c]">&gt;&gt;</a>&nbsp;&nbsp;&nbsp;GPIO_PinWrite
<LI><a href="#[5a]">&gt;&gt;</a>&nbsp;&nbsp;&nbsp;PIN_Configure
</UL>
<BR>[Called By]<UL><LI><a href="#[2d]">&gt;&gt;</a>&nbsp;&nbsp;&nbsp;main
</UL>

<P><STRONG><a name="[5a]"></a>PIN_Configure</STRONG> (Thumb, 246 bytes, Stack size 24 bytes, pin_lpc17xx.o(i.PIN_Configure))
<BR><BR>[Stack]<UL><LI>Max Depth = 24<LI>Call Chain = PIN_Configure
</UL>
<BR>[Called By]<UL><LI><a href="#[58]">&gt;&gt;</a>&nbsp;&nbsp;&nbsp;LED_Initialize
</UL>

<P><STRONG><a name="[7f]"></a>RdCmdDat</STRONG> (Thumb, 38 bytes, Stack size 0 bytes, usbhw.o(i.RdCmdDat))
<BR><BR>[Called By]<UL><LI><a href="#[22]">&gt;&gt;</a>&nbsp;&nbsp;&nbsp;USB_IRQHandler
</UL>

<P><STRONG><a name="[9d]"></a>SystemClockUpdate</STRONG> (Thumb, 302 bytes, Stack size 0 bytes, system_lpc17xx.o(i.SystemClockUpdate))
<BR><BR>[Called By]<UL><LI><a href="#[9c]">&gt;&gt;</a>&nbsp;&nbsp;&nbsp;runMusicPlayer
</UL>

<P><STRONG><a name="[2e]"></a>SystemInit</STRONG> (Thumb, 302 bytes, Stack size 0 bytes, system_lpc17xx.o(i.SystemInit))
<BR>[Address Reference Count : 1]<UL><LI> startup_lpc17xx.o(.text)
</UL>
<P><STRONG><a name="[b]"></a>TIMER0_IRQHandler</STRONG> (Thumb, 290 bytes, Stack size 24 bytes, player.o(i.TIMER0_IRQHandler))
<BR><BR>[Stack]<UL><LI>Max Depth = 216<LI>Call Chain = TIMER0_IRQHandler &rArr; media_update_volume_ui &rArr; GLCD_DisplayString &rArr; GLCD_DisplayChar &rArr; GLCD_DrawChar &rArr; GLCD_SetWindow &rArr; wr_reg &rArr; wr_dat
</UL>
<BR>[Calls]<UL><LI><a href="#[5e]">&gt;&gt;</a>&nbsp;&nbsp;&nbsp;media_update_volume_ui
<LI><a href="#[5d]">&gt;&gt;</a>&nbsp;&nbsp;&nbsp;get_potval
<LI><a href="#[5f]">&gt;&gt;</a>&nbsp;&nbsp;&nbsp;__NVIC_DisableIRQ
<LI><a href="#[42]">&gt;&gt;</a>&nbsp;&nbsp;&nbsp;get_button
</UL>
<BR>[Address Reference Count : 1]<UL><LI> startup_lpc17xx.o(RESET)
</UL>
<P><STRONG><a name="[60]"></a>USB_ClrStallEP</STRONG> (Thumb, 26 bytes, Stack size 12 bytes, usbhw.o(i.USB_ClrStallEP))
<BR><BR>[Stack]<UL><LI>Max Depth = 12<LI>Call Chain = USB_ClrStallEP
</UL>
<BR>[Calls]<UL><LI><a href="#[62]">&gt;&gt;</a>&nbsp;&nbsp;&nbsp;WrCmdDat
<LI><a href="#[61]">&gt;&gt;</a>&nbsp;&nbsp;&nbsp;EPAdr
</UL>
<BR>[Called By]<UL><LI><a href="#[72]">&gt;&gt;</a>&nbsp;&nbsp;&nbsp;USB_ReqSetClrFeature
<LI><a href="#[32]">&gt;&gt;</a>&nbsp;&nbsp;&nbsp;USB_EndPoint0
</UL>

<P><STRONG><a name="[63]"></a>USB_ConfigEP</STRONG> (Thumb, 68 bytes, Stack size 8 bytes, usbhw.o(i.USB_ConfigEP))
<BR><BR>[Stack]<UL><LI>Max Depth = 8<LI>Call Chain = USB_ConfigEP
</UL>
<BR>[Calls]<UL><LI><a href="#[61]">&gt;&gt;</a>&nbsp;&nbsp;&nbsp;EPAdr
</UL>
<BR>[Called By]<UL><LI><a href="#[77]">&gt;&gt;</a>&nbsp;&nbsp;&nbsp;USB_ReqSetInterface
<LI><a href="#[76]">&gt;&gt;</a>&nbsp;&nbsp;&nbsp;USB_ReqSetConfiguration
</UL>

<P><STRONG><a name="[64]"></a>USB_Configure</STRONG> (Thumb, 60 bytes, Stack size 8 bytes, usbhw.o(i.USB_Configure))
<BR><BR>[Stack]<UL><LI>Max Depth = 8<LI>Call Chain = USB_Configure
</UL>
<BR>[Calls]<UL><LI><a href="#[62]">&gt;&gt;</a>&nbsp;&nbsp;&nbsp;WrCmdDat
</UL>
<BR>[Called By]<UL><LI><a href="#[76]">&gt;&gt;</a>&nbsp;&nbsp;&nbsp;USB_ReqSetConfiguration
</UL>

<P><STRONG><a name="[65]"></a>USB_Connect</STRONG> (Thumb, 28 bytes, Stack size 8 bytes, usbhw.o(i.USB_Connect))
<BR><BR>[Stack]<UL><LI>Max Depth = 8<LI>Call Chain = USB_Connect
</UL>
<BR>[Calls]<UL><LI><a href="#[62]">&gt;&gt;</a>&nbsp;&nbsp;&nbsp;WrCmdDat
</UL>
<BR>[Called By]<UL><LI><a href="#[9c]">&gt;&gt;</a>&nbsp;&nbsp;&nbsp;runMusicPlayer
</UL>

<P><STRONG><a name="[66]"></a>USB_DMA_BufAdr</STRONG> (Thumb, 30 bytes, Stack size 12 bytes, usbhw.o(i.USB_DMA_BufAdr))
<BR><BR>[Stack]<UL><LI>Max Depth = 12<LI>Call Chain = USB_DMA_BufAdr
</UL>
<BR>[Calls]<UL><LI><a href="#[61]">&gt;&gt;</a>&nbsp;&nbsp;&nbsp;EPAdr
</UL>
<BR>[Called By]<UL><LI><a href="#[33]">&gt;&gt;</a>&nbsp;&nbsp;&nbsp;USB_EndPoint3
</UL>

<P><STRONG><a name="[67]"></a>USB_DMA_Enable</STRONG> (Thumb, 20 bytes, Stack size 4 bytes, usbhw.o(i.USB_DMA_Enable))
<BR><BR>[Stack]<UL><LI>Max Depth = 4<LI>Call Chain = USB_DMA_Enable
</UL>
<BR>[Calls]<UL><LI><a href="#[61]">&gt;&gt;</a>&nbsp;&nbsp;&nbsp;EPAdr
</UL>
<BR>[Called By]<UL><LI><a href="#[33]">&gt;&gt;</a>&nbsp;&nbsp;&nbsp;USB_EndPoint3
</UL>

<P><STRONG><a name="[68]"></a>USB_DMA_Setup</STRONG> (Thumb, 248 bytes, Stack size 28 bytes, usbhw.o(i.USB_DMA_Setup))
<BR><BR>[Stack]<UL><LI>Max Depth = 28<LI>Call Chain = USB_DMA_Setup
</UL>
<BR>[Calls]<UL><LI><a href="#[61]">&gt;&gt;</a>&nbsp;&nbsp;&nbsp;EPAdr
</UL>
<BR>[Called By]<UL><LI><a href="#[33]">&gt;&gt;</a>&nbsp;&nbsp;&nbsp;USB_EndPoint3
</UL>

<P><STRONG><a name="[69]"></a>USB_DataInStage</STRONG> (Thumb, 52 bytes, Stack size 8 bytes, usbcore.o(i.USB_DataInStage))
<BR><BR>[Stack]<UL><LI>Max Depth = 36<LI>Call Chain = USB_DataInStage &rArr; USB_WriteEP &rArr; WrCmdEP
</UL>
<BR>[Calls]<UL><LI><a href="#[6a]">&gt;&gt;</a>&nbsp;&nbsp;&nbsp;USB_WriteEP
</UL>
<BR>[Called By]<UL><LI><a href="#[32]">&gt;&gt;</a>&nbsp;&nbsp;&nbsp;USB_EndPoint0
</UL>

<P><STRONG><a name="[6b]"></a>USB_DataOutStage</STRONG> (Thumb, 34 bytes, Stack size 8 bytes, usbcore.o(i.USB_DataOutStage))
<BR><BR>[Stack]<UL><LI>Max Depth = 36<LI>Call Chain = USB_DataOutStage &rArr; USB_ReadEP &rArr; WrCmdEP
</UL>
<BR>[Calls]<UL><LI><a href="#[6c]">&gt;&gt;</a>&nbsp;&nbsp;&nbsp;USB_ReadEP
</UL>
<BR>[Called By]<UL><LI><a href="#[32]">&gt;&gt;</a>&nbsp;&nbsp;&nbsp;USB_EndPoint0
</UL>

<P><STRONG><a name="[6d]"></a>USB_DisableEP</STRONG> (Thumb, 26 bytes, Stack size 12 bytes, usbhw.o(i.USB_DisableEP))
<BR><BR>[Stack]<UL><LI>Max Depth = 12<LI>Call Chain = USB_DisableEP
</UL>
<BR>[Calls]<UL><LI><a href="#[62]">&gt;&gt;</a>&nbsp;&nbsp;&nbsp;WrCmdDat
<LI><a href="#[61]">&gt;&gt;</a>&nbsp;&nbsp;&nbsp;EPAdr
</UL>
<BR>[Called By]<UL><LI><a href="#[77]">&gt;&gt;</a>&nbsp;&nbsp;&nbsp;USB_ReqSetInterface
<LI><a href="#[76]">&gt;&gt;</a>&nbsp;&nbsp;&nbsp;USB_ReqSetConfiguration
</UL>

<P><STRONG><a name="[6e]"></a>USB_EnableEP</STRONG> (Thumb, 26 bytes, Stack size 12 bytes, usbhw.o(i.USB_EnableEP))
<BR><BR>[Stack]<UL><LI>Max Depth = 12<LI>Call Chain = USB_EnableEP
</UL>
<BR>[Calls]<UL><LI><a href="#[62]">&gt;&gt;</a>&nbsp;&nbsp;&nbsp;WrCmdDat
<LI><a href="#[61]">&gt;&gt;</a>&nbsp;&nbsp;&nbsp;EPAdr
</UL>
<BR>[Called By]<UL><LI><a href="#[77]">&gt;&gt;</a>&nbsp;&nbsp;&nbsp;USB_ReqSetInterface
<LI><a href="#[76]">&gt;&gt;</a>&nbsp;&nbsp;&nbsp;USB_ReqSetConfiguration
</UL>

<P><STRONG><a name="[32]"></a>USB_EndPoint0</STRONG> (Thumb, 786 bytes, Stack size 8 bytes, usbcore.o(i.USB_EndPoint0))
<BR><BR>[Stack]<UL><LI>Max Depth = 60<LI>Call Chain = USB_EndPoint0 &rArr; USB_ReqSetInterface &rArr; USB_ResetEP
</UL>
<BR>[Calls]<UL><LI><a href="#[75]">&gt;&gt;</a>&nbsp;&nbsp;&nbsp;USB_SetStallEP
<LI><a href="#[7d]">&gt;&gt;</a>&nbsp;&nbsp;&nbsp;USB_SetAddress
<LI><a href="#[70]">&gt;&gt;</a>&nbsp;&nbsp;&nbsp;USB_DirCtrlEP
<LI><a href="#[60]">&gt;&gt;</a>&nbsp;&nbsp;&nbsp;USB_ClrStallEP
<LI><a href="#[7a]">&gt;&gt;</a>&nbsp;&nbsp;&nbsp;ADC_IF_SetRequest
<LI><a href="#[78]">&gt;&gt;</a>&nbsp;&nbsp;&nbsp;ADC_IF_GetRequest
<LI><a href="#[7b]">&gt;&gt;</a>&nbsp;&nbsp;&nbsp;ADC_EP_SetRequest
<LI><a href="#[79]">&gt;&gt;</a>&nbsp;&nbsp;&nbsp;ADC_EP_GetRequest
<LI><a href="#[7c]">&gt;&gt;</a>&nbsp;&nbsp;&nbsp;USB_StatusOutStage
<LI><a href="#[73]">&gt;&gt;</a>&nbsp;&nbsp;&nbsp;USB_StatusInStage
<LI><a href="#[6f]">&gt;&gt;</a>&nbsp;&nbsp;&nbsp;USB_SetupStage
<LI><a href="#[77]">&gt;&gt;</a>&nbsp;&nbsp;&nbsp;USB_ReqSetInterface
<LI><a href="#[76]">&gt;&gt;</a>&nbsp;&nbsp;&nbsp;USB_ReqSetConfiguration
<LI><a href="#[72]">&gt;&gt;</a>&nbsp;&nbsp;&nbsp;USB_ReqSetClrFeature
<LI><a href="#[71]">&gt;&gt;</a>&nbsp;&nbsp;&nbsp;USB_ReqGetStatus
<LI><a href="#[74]">&gt;&gt;</a>&nbsp;&nbsp;&nbsp;USB_ReqGetDescriptor
<LI><a href="#[6b]">&gt;&gt;</a>&nbsp;&nbsp;&nbsp;USB_DataOutStage
<LI><a href="#[69]">&gt;&gt;</a>&nbsp;&nbsp;&nbsp;USB_DataInStage
</UL>
<BR>[Address Reference Count : 1]<UL><LI> usbuser.o(.constdata)
</UL>
<P><STRONG><a name="[33]"></a>USB_EndPoint3</STRONG> (Thumb, 164 bytes, Stack size 24 bytes, usbuser.o(i.USB_EndPoint3))
<BR><BR>[Stack]<UL><LI>Max Depth = 52<LI>Call Chain = USB_EndPoint3 &rArr; USB_DMA_Setup
</UL>
<BR>[Calls]<UL><LI><a href="#[68]">&gt;&gt;</a>&nbsp;&nbsp;&nbsp;USB_DMA_Setup
<LI><a href="#[67]">&gt;&gt;</a>&nbsp;&nbsp;&nbsp;USB_DMA_Enable
<LI><a href="#[66]">&gt;&gt;</a>&nbsp;&nbsp;&nbsp;USB_DMA_BufAdr
</UL>
<BR>[Address Reference Count : 1]<UL><LI> usbuser.o(.constdata)
</UL>
<P><STRONG><a name="[22]"></a>USB_IRQHandler</STRONG> (Thumb, 518 bytes, Stack size 32 bytes, usbhw.o(i.USB_IRQHandler))
<BR><BR>[Stack]<UL><LI>Max Depth = 40<LI>Call Chain = USB_IRQHandler &rArr; USB_Reset_Event
</UL>
<BR>[Calls]<UL><LI><a href="#[83]">&gt;&gt;</a>&nbsp;&nbsp;&nbsp;USB_SOF_Event
<LI><a href="#[3d]">&gt;&gt;</a>&nbsp;&nbsp;&nbsp;USB_Reset_Event
<LI><a href="#[7e]">&gt;&gt;</a>&nbsp;&nbsp;&nbsp;WrCmd
<LI><a href="#[81]">&gt;&gt;</a>&nbsp;&nbsp;&nbsp;USB_Suspend
<LI><a href="#[82]">&gt;&gt;</a>&nbsp;&nbsp;&nbsp;USB_Resume
<LI><a href="#[80]">&gt;&gt;</a>&nbsp;&nbsp;&nbsp;USB_Reset
<LI><a href="#[7f]">&gt;&gt;</a>&nbsp;&nbsp;&nbsp;RdCmdDat
</UL>
<BR>[Address Reference Count : 1]<UL><LI> startup_lpc17xx.o(RESET)
</UL>
<P><STRONG><a name="[84]"></a>USB_Init</STRONG> (Thumb, 154 bytes, Stack size 4 bytes, usbhw.o(i.USB_Init))
<BR><BR>[Stack]<UL><LI>Max Depth = 12<LI>Call Chain = USB_Init &rArr; USB_SetAddress
</UL>
<BR>[Calls]<UL><LI><a href="#[7d]">&gt;&gt;</a>&nbsp;&nbsp;&nbsp;USB_SetAddress
<LI><a href="#[80]">&gt;&gt;</a>&nbsp;&nbsp;&nbsp;USB_Reset
</UL>
<BR>[Called By]<UL><LI><a href="#[9c]">&gt;&gt;</a>&nbsp;&nbsp;&nbsp;runMusicPlayer
</UL>

<P><STRONG><a name="[6c]"></a>USB_ReadEP</STRONG> (Thumb, 94 bytes, Stack size 20 bytes, usbhw.o(i.USB_ReadEP))
<BR><BR>[Stack]<UL><LI>Max Depth = 28<LI>Call Chain = USB_ReadEP &rArr; WrCmdEP
</UL>
<BR>[Calls]<UL><LI><a href="#[85]">&gt;&gt;</a>&nbsp;&nbsp;&nbsp;WrCmdEP
</UL>
<BR>[Called By]<UL><LI><a href="#[7c]">&gt;&gt;</a>&nbsp;&nbsp;&nbsp;USB_StatusOutStage
<LI><a href="#[6f]">&gt;&gt;</a>&nbsp;&nbsp;&nbsp;USB_SetupStage
<LI><a href="#[6b]">&gt;&gt;</a>&nbsp;&nbsp;&nbsp;USB_DataOutStage
</UL>

<P><STRONG><a name="[74]"></a>USB_ReqGetDescriptor</STRONG> (Thumb, 164 bytes, Stack size 8 bytes, usbcore.o(i.USB_ReqGetDescriptor))
<BR><BR>[Stack]<UL><LI>Max Depth = 8<LI>Call Chain = USB_ReqGetDescriptor
</UL>
<BR>[Called By]<UL><LI><a href="#[32]">&gt;&gt;</a>&nbsp;&nbsp;&nbsp;USB_EndPoint0
</UL>

<P><STRONG><a name="[71]"></a>USB_ReqGetStatus</STRONG> (Thumb, 160 bytes, Stack size 0 bytes, usbcore.o(i.USB_ReqGetStatus))
<BR><BR>[Called By]<UL><LI><a href="#[32]">&gt;&gt;</a>&nbsp;&nbsp;&nbsp;USB_EndPoint0
</UL>

<P><STRONG><a name="[72]"></a>USB_ReqSetClrFeature</STRONG> (Thumb, 210 bytes, Stack size 16 bytes, usbcore.o(i.USB_ReqSetClrFeature))
<BR><BR>[Stack]<UL><LI>Max Depth = 28<LI>Call Chain = USB_ReqSetClrFeature &rArr; USB_SetStallEP
</UL>
<BR>[Calls]<UL><LI><a href="#[86]">&gt;&gt;</a>&nbsp;&nbsp;&nbsp;USB_WakeUpCfg
<LI><a href="#[75]">&gt;&gt;</a>&nbsp;&nbsp;&nbsp;USB_SetStallEP
<LI><a href="#[60]">&gt;&gt;</a>&nbsp;&nbsp;&nbsp;USB_ClrStallEP
</UL>
<BR>[Called By]<UL><LI><a href="#[32]">&gt;&gt;</a>&nbsp;&nbsp;&nbsp;USB_EndPoint0
</UL>

<P><STRONG><a name="[76]"></a>USB_ReqSetConfiguration</STRONG> (Thumb, 402 bytes, Stack size 24 bytes, usbcore.o(i.USB_ReqSetConfiguration))
<BR><BR>[Stack]<UL><LI>Max Depth = 36<LI>Call Chain = USB_ReqSetConfiguration &rArr; USB_ResetEP
</UL>
<BR>[Calls]<UL><LI><a href="#[87]">&gt;&gt;</a>&nbsp;&nbsp;&nbsp;USB_ResetEP
<LI><a href="#[6e]">&gt;&gt;</a>&nbsp;&nbsp;&nbsp;USB_EnableEP
<LI><a href="#[6d]">&gt;&gt;</a>&nbsp;&nbsp;&nbsp;USB_DisableEP
<LI><a href="#[64]">&gt;&gt;</a>&nbsp;&nbsp;&nbsp;USB_Configure
<LI><a href="#[63]">&gt;&gt;</a>&nbsp;&nbsp;&nbsp;USB_ConfigEP
</UL>
<BR>[Called By]<UL><LI><a href="#[32]">&gt;&gt;</a>&nbsp;&nbsp;&nbsp;USB_EndPoint0
</UL>

<P><STRONG><a name="[77]"></a>USB_ReqSetInterface</STRONG> (Thumb, 278 bytes, Stack size 40 bytes, usbcore.o(i.USB_ReqSetInterface))
<BR><BR>[Stack]<UL><LI>Max Depth = 52<LI>Call Chain = USB_ReqSetInterface &rArr; USB_ResetEP
</UL>
<BR>[Calls]<UL><LI><a href="#[87]">&gt;&gt;</a>&nbsp;&nbsp;&nbsp;USB_ResetEP
<LI><a href="#[6e]">&gt;&gt;</a>&nbsp;&nbsp;&nbsp;USB_EnableEP
<LI><a href="#[6d]">&gt;&gt;</a>&nbsp;&nbsp;&nbsp;USB_DisableEP
<LI><a href="#[63]">&gt;&gt;</a>&nbsp;&nbsp;&nbsp;USB_ConfigEP
</UL>
<BR>[Called By]<UL><LI><a href="#[32]">&gt;&gt;</a>&nbsp;&nbsp;&nbsp;USB_EndPoint0
</UL>

<P><STRONG><a name="[80]"></a>USB_Reset</STRONG> (Thumb, 172 bytes, Stack size 0 bytes, usbhw.o(i.USB_Reset))
<BR><BR>[Called By]<UL><LI><a href="#[84]">&gt;&gt;</a>&nbsp;&nbsp;&nbsp;USB_Init
<LI><a href="#[22]">&gt;&gt;</a>&nbsp;&nbsp;&nbsp;USB_IRQHandler
</UL>

<P><STRONG><a name="[3e]"></a>USB_ResetCore</STRONG> (Thumb, 34 bytes, Stack size 0 bytes, usbcore.o(i.USB_ResetCore))
<BR><BR>[Called By]<UL><LI><a href="#[3d]">&gt;&gt;</a>&nbsp;&nbsp;&nbsp;USB_Reset_Event
</UL>

<P><STRONG><a name="[87]"></a>USB_ResetEP</STRONG> (Thumb, 26 bytes, Stack size 12 bytes, usbhw.o(i.USB_ResetEP))
<BR><BR>[Stack]<UL><LI>Max Depth = 12<LI>Call Chain = USB_ResetEP
</UL>
<BR>[Calls]<UL><LI><a href="#[62]">&gt;&gt;</a>&nbsp;&nbsp;&nbsp;WrCmdDat
<LI><a href="#[61]">&gt;&gt;</a>&nbsp;&nbsp;&nbsp;EPAdr
</UL>
<BR>[Called By]<UL><LI><a href="#[77]">&gt;&gt;</a>&nbsp;&nbsp;&nbsp;USB_ReqSetInterface
<LI><a href="#[76]">&gt;&gt;</a>&nbsp;&nbsp;&nbsp;USB_ReqSetConfiguration
</UL>

<P><STRONG><a name="[83]"></a>USB_SOF_Event</STRONG> (Thumb, 2 bytes, Stack size 0 bytes, usbuser.o(i.USB_SOF_Event))
<BR><BR>[Called By]<UL><LI><a href="#[22]">&gt;&gt;</a>&nbsp;&nbsp;&nbsp;USB_IRQHandler
</UL>

<P><STRONG><a name="[7d]"></a>USB_SetAddress</STRONG> (Thumb, 42 bytes, Stack size 8 bytes, usbhw.o(i.USB_SetAddress))
<BR><BR>[Stack]<UL><LI>Max Depth = 8<LI>Call Chain = USB_SetAddress
</UL>
<BR>[Calls]<UL><LI><a href="#[62]">&gt;&gt;</a>&nbsp;&nbsp;&nbsp;WrCmdDat
</UL>
<BR>[Called By]<UL><LI><a href="#[32]">&gt;&gt;</a>&nbsp;&nbsp;&nbsp;USB_EndPoint0
<LI><a href="#[84]">&gt;&gt;</a>&nbsp;&nbsp;&nbsp;USB_Init
</UL>

<P><STRONG><a name="[75]"></a>USB_SetStallEP</STRONG> (Thumb, 26 bytes, Stack size 12 bytes, usbhw.o(i.USB_SetStallEP))
<BR><BR>[Stack]<UL><LI>Max Depth = 12<LI>Call Chain = USB_SetStallEP
</UL>
<BR>[Calls]<UL><LI><a href="#[62]">&gt;&gt;</a>&nbsp;&nbsp;&nbsp;WrCmdDat
<LI><a href="#[61]">&gt;&gt;</a>&nbsp;&nbsp;&nbsp;EPAdr
</UL>
<BR>[Called By]<UL><LI><a href="#[72]">&gt;&gt;</a>&nbsp;&nbsp;&nbsp;USB_ReqSetClrFeature
<LI><a href="#[32]">&gt;&gt;</a>&nbsp;&nbsp;&nbsp;USB_EndPoint0
</UL>

<P><STRONG><a name="[6f]"></a>USB_SetupStage</STRONG> (Thumb, 12 bytes, Stack size 8 bytes, usbcore.o(i.USB_SetupStage))
<BR><BR>[Stack]<UL><LI>Max Depth = 36<LI>Call Chain = USB_SetupStage &rArr; USB_ReadEP &rArr; WrCmdEP
</UL>
<BR>[Calls]<UL><LI><a href="#[6c]">&gt;&gt;</a>&nbsp;&nbsp;&nbsp;USB_ReadEP
</UL>
<BR>[Called By]<UL><LI><a href="#[32]">&gt;&gt;</a>&nbsp;&nbsp;&nbsp;USB_EndPoint0
</UL>

<P><STRONG><a name="[73]"></a>USB_StatusInStage</STRONG> (Thumb, 14 bytes, Stack size 8 bytes, usbcore.o(i.USB_StatusInStage))
<BR><BR>[Stack]<UL><LI>Max Depth = 36<LI>Call Chain = USB_StatusInStage &rArr; USB_WriteEP &rArr; WrCmdEP
</UL>
<BR>[Calls]<UL><LI><a href="#[6a]">&gt;&gt;</a>&nbsp;&nbsp;&nbsp;USB_WriteEP
</UL>
<BR>[Called By]<UL><LI><a href="#[32]">&gt;&gt;</a>&nbsp;&nbsp;&nbsp;USB_EndPoint0
</UL>

<P><STRONG><a name="[7c]"></a>USB_StatusOutStage</STRONG> (Thumb, 12 bytes, Stack size 8 bytes, usbcore.o(i.USB_StatusOutStage))
<BR><BR>[Stack]<UL><LI>Max Depth = 36<LI>Call Chain = USB_StatusOutStage &rArr; USB_ReadEP &rArr; WrCmdEP
</UL>
<BR>[Calls]<UL><LI><a href="#[6c]">&gt;&gt;</a>&nbsp;&nbsp;&nbsp;USB_ReadEP
</UL>
<BR>[Called By]<UL><LI><a href="#[32]">&gt;&gt;</a>&nbsp;&nbsp;&nbsp;USB_EndPoint0
</UL>

<P><STRONG><a name="[81]"></a>USB_Suspend</STRONG> (Thumb, 2 bytes, Stack size 0 bytes, usbhw.o(i.USB_Suspend))
<BR><BR>[Called By]<UL><LI><a href="#[22]">&gt;&gt;</a>&nbsp;&nbsp;&nbsp;USB_IRQHandler
</UL>

<P><STRONG><a name="[86]"></a>USB_WakeUpCfg</STRONG> (Thumb, 2 bytes, Stack size 0 bytes, usbhw.o(i.USB_WakeUpCfg))
<BR><BR>[Called By]<UL><LI><a href="#[72]">&gt;&gt;</a>&nbsp;&nbsp;&nbsp;USB_ReqSetClrFeature
</UL>

<P><STRONG><a name="[6a]"></a>USB_WriteEP</STRONG> (Thumb, 70 bytes, Stack size 20 bytes, usbhw.o(i.USB_WriteEP))
<BR><BR>[Stack]<UL><LI>Max Depth = 28<LI>Call Chain = USB_WriteEP &rArr; WrCmdEP
</UL>
<BR>[Calls]<UL><LI><a href="#[85]">&gt;&gt;</a>&nbsp;&nbsp;&nbsp;WrCmdEP
</UL>
<BR>[Called By]<UL><LI><a href="#[73]">&gt;&gt;</a>&nbsp;&nbsp;&nbsp;USB_StatusInStage
<LI><a href="#[69]">&gt;&gt;</a>&nbsp;&nbsp;&nbsp;USB_DataInStage
</UL>

<P><STRONG><a name="[7e]"></a>WrCmd</STRONG> (Thumb, 30 bytes, Stack size 0 bytes, usbhw.o(i.WrCmd))
<BR><BR>[Called By]<UL><LI><a href="#[22]">&gt;&gt;</a>&nbsp;&nbsp;&nbsp;USB_IRQHandler
</UL>

<P><STRONG><a name="[62]"></a>WrCmdDat</STRONG> (Thumb, 58 bytes, Stack size 0 bytes, usbhw.o(i.WrCmdDat))
<BR><BR>[Called By]<UL><LI><a href="#[75]">&gt;&gt;</a>&nbsp;&nbsp;&nbsp;USB_SetStallEP
<LI><a href="#[7d]">&gt;&gt;</a>&nbsp;&nbsp;&nbsp;USB_SetAddress
<LI><a href="#[87]">&gt;&gt;</a>&nbsp;&nbsp;&nbsp;USB_ResetEP
<LI><a href="#[6e]">&gt;&gt;</a>&nbsp;&nbsp;&nbsp;USB_EnableEP
<LI><a href="#[6d]">&gt;&gt;</a>&nbsp;&nbsp;&nbsp;USB_DisableEP
<LI><a href="#[64]">&gt;&gt;</a>&nbsp;&nbsp;&nbsp;USB_Configure
<LI><a href="#[60]">&gt;&gt;</a>&nbsp;&nbsp;&nbsp;USB_ClrStallEP
<LI><a href="#[65]">&gt;&gt;</a>&nbsp;&nbsp;&nbsp;USB_Connect
</UL>

<P><STRONG><a name="[85]"></a>WrCmdEP</STRONG> (Thumb, 78 bytes, Stack size 8 bytes, usbhw.o(i.WrCmdEP))
<BR><BR>[Stack]<UL><LI>Max Depth = 8<LI>Call Chain = WrCmdEP
</UL>
<BR>[Calls]<UL><LI><a href="#[61]">&gt;&gt;</a>&nbsp;&nbsp;&nbsp;EPAdr
</UL>
<BR>[Called By]<UL><LI><a href="#[6a]">&gt;&gt;</a>&nbsp;&nbsp;&nbsp;USB_WriteEP
<LI><a href="#[6c]">&gt;&gt;</a>&nbsp;&nbsp;&nbsp;USB_ReadEP
</UL>

<P><STRONG><a name="[88]"></a>__0snprintf$6</STRONG> (Thumb, 48 bytes, Stack size 40 bytes, printf6.o(i.__0snprintf$6), UNUSED)
<BR><BR>[Calls]<UL><LI><a href="#[89]">&gt;&gt;</a>&nbsp;&nbsp;&nbsp;_printf_core
</UL>

<P><STRONG><a name="[a9]"></a>__1snprintf$6</STRONG> (Thumb, 0 bytes, Stack size 40 bytes, printf6.o(i.__0snprintf$6), UNUSED)

<P><STRONG><a name="[93]"></a>__2snprintf</STRONG> (Thumb, 0 bytes, Stack size 40 bytes, printf6.o(i.__0snprintf$6))
<BR><BR>[Stack]<UL><LI>Max Depth = 40<LI>Call Chain = __2snprintf
</UL>
<BR>[Called By]<UL><LI><a href="#[41]">&gt;&gt;</a>&nbsp;&nbsp;&nbsp;hud_draw
<LI><a href="#[99]">&gt;&gt;</a>&nbsp;&nbsp;&nbsp;menu_footer
<LI><a href="#[96]">&gt;&gt;</a>&nbsp;&nbsp;&nbsp;selectMenu
</UL>

<P><STRONG><a name="[8a]"></a>__0sprintf$6</STRONG> (Thumb, 34 bytes, Stack size 24 bytes, printf6.o(i.__0sprintf$6), UNUSED)
<BR><BR>[Calls]<UL><LI><a href="#[31]">&gt;&gt;</a>&nbsp;&nbsp;&nbsp;_sputc
<LI><a href="#[89]">&gt;&gt;</a>&nbsp;&nbsp;&nbsp;_printf_core
</UL>

<P><STRONG><a name="[aa]"></a>__1sprintf$6</STRONG> (Thumb, 0 bytes, Stack size 24 bytes, printf6.o(i.__0sprintf$6), UNUSED)

<P><STRONG><a name="[98]"></a>__2sprintf</STRONG> (Thumb, 0 bytes, Stack size 24 bytes, printf6.o(i.__0sprintf$6))
<BR><BR>[Stack]<UL><LI>Max Depth = 24<LI>Call Chain = __2sprintf
</UL>
<BR>[Called By]<UL><LI><a href="#[5e]">&gt;&gt;</a>&nbsp;&nbsp;&nbsp;media_update_volume_ui
</UL>

<P><STRONG><a name="[ab]"></a>__scatterload_copy</STRONG> (Thumb, 14 bytes, Stack size unknown bytes, handlers.o(i.__scatterload_copy), UNUSED)

<P><STRONG><a name="[ac]"></a>__scatterload_null</STRONG> (Thumb, 2 bytes, Stack size unknown bytes, handlers.o(i.__scatterload_null), UNUSED)

<P><STRONG><a name="[ad]"></a>__scatterload_zeroinit</STRONG> (Thumb, 14 bytes, Stack size unknown bytes, handlers.o(i.__scatterload_zeroinit), UNUSED)

<P><STRONG><a name="[42]"></a>get_button</STRONG> (Thumb, 20 bytes, Stack size 4 bytes, kbd.o(i.get_button))
<BR><BR>[Stack]<UL><LI>Max Depth = 4<LI>Call Chain = get_button
</UL>
<BR>[Calls]<UL><LI><a href="#[92]">&gt;&gt;</a>&nbsp;&nbsp;&nbsp;KBD_get
</UL>
<BR>[Called By]<UL><LI><a href="#[b]">&gt;&gt;</a>&nbsp;&nbsp;&nbsp;TIMER0_IRQHandler
<LI><a href="#[56]">&gt;&gt;</a>&nbsp;&nbsp;&nbsp;Gallery
<LI><a href="#[3f]">&gt;&gt;</a>&nbsp;&nbsp;&nbsp;Flappy_Run
<LI><a href="#[97]">&gt;&gt;</a>&nbsp;&nbsp;&nbsp;runMenu
</UL>

<P><STRONG><a name="[94]"></a>initMenu</STRONG> (Thumb, 52 bytes, Stack size 8 bytes, menu.o(i.initMenu))
<BR><BR>[Stack]<UL><LI>Max Depth = 168<LI>Call Chain = initMenu &rArr; GLCD_DisplayString &rArr; GLCD_DisplayChar &rArr; GLCD_DrawChar &rArr; GLCD_SetWindow &rArr; wr_reg &rArr; wr_dat
</UL>
<BR>[Calls]<UL><LI><a href="#[90]">&gt;&gt;</a>&nbsp;&nbsp;&nbsp;GLCD_SetTextColor
<LI><a href="#[8f]">&gt;&gt;</a>&nbsp;&nbsp;&nbsp;GLCD_SetBackColor
<LI><a href="#[4e]">&gt;&gt;</a>&nbsp;&nbsp;&nbsp;GLCD_DisplayString
<LI><a href="#[37]">&gt;&gt;</a>&nbsp;&nbsp;&nbsp;GLCD_Clear
</UL>
<BR>[Called By]<UL><LI><a href="#[97]">&gt;&gt;</a>&nbsp;&nbsp;&nbsp;runMenu
<LI><a href="#[2d]">&gt;&gt;</a>&nbsp;&nbsp;&nbsp;main
</UL>

<P><STRONG><a name="[2d]"></a>main</STRONG> (Thumb, 102 bytes, Stack size 8 bytes, main.o(i.main))
<BR><BR>[Stack]<UL><LI>Max Depth = 360<LI>Call Chain = main &rArr; runMenu &rArr; selectMenu &rArr; menu_footer &rArr; GLCD_ClearLn &rArr; GLCD_DisplayString &rArr; GLCD_DisplayChar &rArr; GLCD_DrawChar &rArr; GLCD_SetWindow &rArr; wr_reg &rArr; wr_dat
</UL>
<BR>[Calls]<UL><LI><a href="#[96]">&gt;&gt;</a>&nbsp;&nbsp;&nbsp;selectMenu
<LI><a href="#[97]">&gt;&gt;</a>&nbsp;&nbsp;&nbsp;runMenu
<LI><a href="#[94]">&gt;&gt;</a>&nbsp;&nbsp;&nbsp;initMenu
<LI><a href="#[58]">&gt;&gt;</a>&nbsp;&nbsp;&nbsp;LED_Initialize
<LI><a href="#[90]">&gt;&gt;</a>&nbsp;&nbsp;&nbsp;GLCD_SetTextColor
<LI><a href="#[8f]">&gt;&gt;</a>&nbsp;&nbsp;&nbsp;GLCD_SetBackColor
<LI><a href="#[51]">&gt;&gt;</a>&nbsp;&nbsp;&nbsp;GLCD_Init
<LI><a href="#[4e]">&gt;&gt;</a>&nbsp;&nbsp;&nbsp;GLCD_DisplayString
<LI><a href="#[37]">&gt;&gt;</a>&nbsp;&nbsp;&nbsp;GLCD_Clear
<LI><a href="#[95]">&gt;&gt;</a>&nbsp;&nbsp;&nbsp;KBD_Init
</UL>
<BR>[Address Reference Count : 1]<UL><LI> entry9a.o(.ARM.Collect$$$$0000000B)
</UL>
<P><STRONG><a name="[97]"></a>runMenu</STRONG> (Thumb, 180 bytes, Stack size 8 bytes, menu.o(i.runMenu))
<BR><BR>[Stack]<UL><LI>Max Depth = 352<LI>Call Chain = runMenu &rArr; selectMenu &rArr; menu_footer &rArr; GLCD_ClearLn &rArr; GLCD_DisplayString &rArr; GLCD_DisplayChar &rArr; GLCD_DrawChar &rArr; GLCD_SetWindow &rArr; wr_reg &rArr; wr_dat
</UL>
<BR>[Calls]<UL><LI><a href="#[9c]">&gt;&gt;</a>&nbsp;&nbsp;&nbsp;runMusicPlayer
<LI><a href="#[56]">&gt;&gt;</a>&nbsp;&nbsp;&nbsp;Gallery
<LI><a href="#[3f]">&gt;&gt;</a>&nbsp;&nbsp;&nbsp;Flappy_Run
<LI><a href="#[96]">&gt;&gt;</a>&nbsp;&nbsp;&nbsp;selectMenu
<LI><a href="#[94]">&gt;&gt;</a>&nbsp;&nbsp;&nbsp;initMenu
<LI><a href="#[90]">&gt;&gt;</a>&nbsp;&nbsp;&nbsp;GLCD_SetTextColor
<LI><a href="#[4e]">&gt;&gt;</a>&nbsp;&nbsp;&nbsp;GLCD_DisplayString
<LI><a href="#[37]">&gt;&gt;</a>&nbsp;&nbsp;&nbsp;GLCD_Clear
<LI><a href="#[42]">&gt;&gt;</a>&nbsp;&nbsp;&nbsp;get_button
</UL>
<BR>[Called By]<UL><LI><a href="#[2d]">&gt;&gt;</a>&nbsp;&nbsp;&nbsp;main
</UL>

<P><STRONG><a name="[9c]"></a>runMusicPlayer</STRONG> (Thumb, 286 bytes, Stack size 16 bytes, player.o(i.runMusicPlayer))
<BR><BR>[Stack]<UL><LI>Max Depth = 176<LI>Call Chain = runMusicPlayer &rArr; GLCD_DisplayString &rArr; GLCD_DisplayChar &rArr; GLCD_DrawChar &rArr; GLCD_SetWindow &rArr; wr_reg &rArr; wr_dat
</UL>
<BR>[Calls]<UL><LI><a href="#[84]">&gt;&gt;</a>&nbsp;&nbsp;&nbsp;USB_Init
<LI><a href="#[65]">&gt;&gt;</a>&nbsp;&nbsp;&nbsp;USB_Connect
<LI><a href="#[9d]">&gt;&gt;</a>&nbsp;&nbsp;&nbsp;SystemClockUpdate
<LI><a href="#[90]">&gt;&gt;</a>&nbsp;&nbsp;&nbsp;GLCD_SetTextColor
<LI><a href="#[8f]">&gt;&gt;</a>&nbsp;&nbsp;&nbsp;GLCD_SetBackColor
<LI><a href="#[4e]">&gt;&gt;</a>&nbsp;&nbsp;&nbsp;GLCD_DisplayString
<LI><a href="#[37]">&gt;&gt;</a>&nbsp;&nbsp;&nbsp;GLCD_Clear
</UL>
<BR>[Called By]<UL><LI><a href="#[97]">&gt;&gt;</a>&nbsp;&nbsp;&nbsp;runMenu
</UL>

<P><STRONG><a name="[96]"></a>selectMenu</STRONG> (Thumb, 154 bytes, Stack size 56 bytes, menu.o(i.selectMenu))
<BR><BR>[Stack]<UL><LI>Max Depth = 344<LI>Call Chain = selectMenu &rArr; menu_footer &rArr; GLCD_ClearLn &rArr; GLCD_DisplayString &rArr; GLCD_DisplayChar &rArr; GLCD_DrawChar &rArr; GLCD_SetWindow &rArr; wr_reg &rArr; wr_dat
</UL>
<BR>[Calls]<UL><LI><a href="#[99]">&gt;&gt;</a>&nbsp;&nbsp;&nbsp;menu_footer
<LI><a href="#[90]">&gt;&gt;</a>&nbsp;&nbsp;&nbsp;GLCD_SetTextColor
<LI><a href="#[8f]">&gt;&gt;</a>&nbsp;&nbsp;&nbsp;GLCD_SetBackColor
<LI><a href="#[4e]">&gt;&gt;</a>&nbsp;&nbsp;&nbsp;GLCD_DisplayString
<LI><a href="#[4d]">&gt;&gt;</a>&nbsp;&nbsp;&nbsp;GLCD_ClearLn
<LI><a href="#[93]">&gt;&gt;</a>&nbsp;&nbsp;&nbsp;__2snprintf
</UL>
<BR>[Called By]<UL><LI><a href="#[97]">&gt;&gt;</a>&nbsp;&nbsp;&nbsp;runMenu
<LI><a href="#[2d]">&gt;&gt;</a>&nbsp;&nbsp;&nbsp;main
</UL>
<P>
<H3>
Local Symbols
</H3>
<P><STRONG><a name="[55]"></a>delay</STRONG> (Thumb, 14 bytes, Stack size 0 bytes, glcd_spi_lpc1700.o(i.delay))
<BR><BR>[Called By]<UL><LI><a href="#[51]">&gt;&gt;</a>&nbsp;&nbsp;&nbsp;GLCD_Init
<LI><a href="#[9a]">&gt;&gt;</a>&nbsp;&nbsp;&nbsp;spi_tran_man
</UL>

<P><STRONG><a name="[52]"></a>rd_id_man</STRONG> (Thumb, 132 bytes, Stack size 8 bytes, glcd_spi_lpc1700.o(i.rd_id_man))
<BR><BR>[Stack]<UL><LI>Max Depth = 32<LI>Call Chain = rd_id_man &rArr; spi_tran_man
</UL>
<BR>[Calls]<UL><LI><a href="#[9a]">&gt;&gt;</a>&nbsp;&nbsp;&nbsp;spi_tran_man
</UL>
<BR>[Called By]<UL><LI><a href="#[51]">&gt;&gt;</a>&nbsp;&nbsp;&nbsp;GLCD_Init
</UL>

<P><STRONG><a name="[53]"></a>rd_reg</STRONG> (Thumb, 66 bytes, Stack size 16 bytes, glcd_spi_lpc1700.o(i.rd_reg))
<BR><BR>[Stack]<UL><LI>Max Depth = 24<LI>Call Chain = rd_reg &rArr; wr_cmd
</UL>
<BR>[Calls]<UL><LI><a href="#[39]">&gt;&gt;</a>&nbsp;&nbsp;&nbsp;wr_cmd
<LI><a href="#[9b]">&gt;&gt;</a>&nbsp;&nbsp;&nbsp;spi_tran
</UL>
<BR>[Called By]<UL><LI><a href="#[51]">&gt;&gt;</a>&nbsp;&nbsp;&nbsp;GLCD_Init
</UL>

<P><STRONG><a name="[9b]"></a>spi_tran</STRONG> (Thumb, 28 bytes, Stack size 0 bytes, glcd_spi_lpc1700.o(i.spi_tran))
<BR><BR>[Called By]<UL><LI><a href="#[3a]">&gt;&gt;</a>&nbsp;&nbsp;&nbsp;wr_dat_start
<LI><a href="#[3b]">&gt;&gt;</a>&nbsp;&nbsp;&nbsp;wr_dat_only
<LI><a href="#[9e]">&gt;&gt;</a>&nbsp;&nbsp;&nbsp;wr_dat
<LI><a href="#[39]">&gt;&gt;</a>&nbsp;&nbsp;&nbsp;wr_cmd
<LI><a href="#[53]">&gt;&gt;</a>&nbsp;&nbsp;&nbsp;rd_reg
</UL>

<P><STRONG><a name="[9a]"></a>spi_tran_man</STRONG> (Thumb, 124 bytes, Stack size 24 bytes, glcd_spi_lpc1700.o(i.spi_tran_man))
<BR><BR>[Stack]<UL><LI>Max Depth = 24<LI>Call Chain = spi_tran_man
</UL>
<BR>[Calls]<UL><LI><a href="#[55]">&gt;&gt;</a>&nbsp;&nbsp;&nbsp;delay
</UL>
<BR>[Called By]<UL><LI><a href="#[52]">&gt;&gt;</a>&nbsp;&nbsp;&nbsp;rd_id_man
</UL>

<P><STRONG><a name="[39]"></a>wr_cmd</STRONG> (Thumb, 36 bytes, Stack size 8 bytes, glcd_spi_lpc1700.o(i.wr_cmd))
<BR><BR>[Stack]<UL><LI>Max Depth = 8<LI>Call Chain = wr_cmd
</UL>
<BR>[Calls]<UL><LI><a href="#[9b]">&gt;&gt;</a>&nbsp;&nbsp;&nbsp;spi_tran
</UL>
<BR>[Called By]<UL><LI><a href="#[50]">&gt;&gt;</a>&nbsp;&nbsp;&nbsp;GLCD_DrawChar
<LI><a href="#[37]">&gt;&gt;</a>&nbsp;&nbsp;&nbsp;GLCD_Clear
<LI><a href="#[4c]">&gt;&gt;</a>&nbsp;&nbsp;&nbsp;GLCD_Bitmap
<LI><a href="#[4a]">&gt;&gt;</a>&nbsp;&nbsp;&nbsp;GLCD_Bargraph
<LI><a href="#[54]">&gt;&gt;</a>&nbsp;&nbsp;&nbsp;wr_reg
<LI><a href="#[53]">&gt;&gt;</a>&nbsp;&nbsp;&nbsp;rd_reg
</UL>

<P><STRONG><a name="[9e]"></a>wr_dat</STRONG> (Thumb, 36 bytes, Stack size 8 bytes, glcd_spi_lpc1700.o(i.wr_dat))
<BR><BR>[Stack]<UL><LI>Max Depth = 8<LI>Call Chain = wr_dat
</UL>
<BR>[Calls]<UL><LI><a href="#[9b]">&gt;&gt;</a>&nbsp;&nbsp;&nbsp;spi_tran
</UL>
<BR>[Called By]<UL><LI><a href="#[54]">&gt;&gt;</a>&nbsp;&nbsp;&nbsp;wr_reg
</UL>

<P><STRONG><a name="[3b]"></a>wr_dat_only</STRONG> (Thumb, 18 bytes, Stack size 8 bytes, glcd_spi_lpc1700.o(i.wr_dat_only))
<BR><BR>[Stack]<UL><LI>Max Depth = 8<LI>Call Chain = wr_dat_only
</UL>
<BR>[Calls]<UL><LI><a href="#[9b]">&gt;&gt;</a>&nbsp;&nbsp;&nbsp;spi_tran
</UL>
<BR>[Called By]<UL><LI><a href="#[50]">&gt;&gt;</a>&nbsp;&nbsp;&nbsp;GLCD_DrawChar
<LI><a href="#[37]">&gt;&gt;</a>&nbsp;&nbsp;&nbsp;GLCD_Clear
<LI><a href="#[4c]">&gt;&gt;</a>&nbsp;&nbsp;&nbsp;GLCD_Bitmap
<LI><a href="#[4a]">&gt;&gt;</a>&nbsp;&nbsp;&nbsp;GLCD_Bargraph
</UL>

<P><STRONG><a name="[3a]"></a>wr_dat_start</STRONG> (Thumb, 16 bytes, Stack size 8 bytes, glcd_spi_lpc1700.o(i.wr_dat_start))
<BR><BR>[Stack]<UL><LI>Max Depth = 8<LI>Call Chain = wr_dat_start
</UL>
<BR>[Calls]<UL><LI><a href="#[9b]">&gt;&gt;</a>&nbsp;&nbsp;&nbsp;spi_tran
</UL>
<BR>[Called By]<UL><LI><a href="#[50]">&gt;&gt;</a>&nbsp;&nbsp;&nbsp;GLCD_DrawChar
<LI><a href="#[37]">&gt;&gt;</a>&nbsp;&nbsp;&nbsp;GLCD_Clear
<LI><a href="#[4c]">&gt;&gt;</a>&nbsp;&nbsp;&nbsp;GLCD_Bitmap
<LI><a href="#[4a]">&gt;&gt;</a>&nbsp;&nbsp;&nbsp;GLCD_Bargraph
</UL>

<P><STRONG><a name="[3c]"></a>wr_dat_stop</STRONG> (Thumb, 8 bytes, Stack size 0 bytes, glcd_spi_lpc1700.o(i.wr_dat_stop))
<BR><BR>[Called By]<UL><LI><a href="#[50]">&gt;&gt;</a>&nbsp;&nbsp;&nbsp;GLCD_DrawChar
<LI><a href="#[37]">&gt;&gt;</a>&nbsp;&nbsp;&nbsp;GLCD_Clear
<LI><a href="#[4c]">&gt;&gt;</a>&nbsp;&nbsp;&nbsp;GLCD_Bitmap
<LI><a href="#[4a]">&gt;&gt;</a>&nbsp;&nbsp;&nbsp;GLCD_Bargraph
</UL>

<P><STRONG><a name="[54]"></a>wr_reg</STRONG> (Thumb, 20 bytes, Stack size 16 bytes, glcd_spi_lpc1700.o(i.wr_reg))
<BR><BR>[Stack]<UL><LI>Max Depth = 24<LI>Call Chain = wr_reg &rArr; wr_dat
</UL>
<BR>[Calls]<UL><LI><a href="#[9e]">&gt;&gt;</a>&nbsp;&nbsp;&nbsp;wr_dat
<LI><a href="#[39]">&gt;&gt;</a>&nbsp;&nbsp;&nbsp;wr_cmd
</UL>
<BR>[Called By]<UL><LI><a href="#[4b]">&gt;&gt;</a>&nbsp;&nbsp;&nbsp;GLCD_SetWindow
<LI><a href="#[51]">&gt;&gt;</a>&nbsp;&nbsp;&nbsp;GLCD_Init
</UL>

<P><STRONG><a name="[99]"></a>menu_footer</STRONG> (Thumb, 60 bytes, Stack size 48 bytes, menu.o(i.menu_footer))
<BR><BR>[Stack]<UL><LI>Max Depth = 288<LI>Call Chain = menu_footer &rArr; GLCD_ClearLn &rArr; GLCD_DisplayString &rArr; GLCD_DisplayChar &rArr; GLCD_DrawChar &rArr; GLCD_SetWindow &rArr; wr_reg &rArr; wr_dat
</UL>
<BR>[Calls]<UL><LI><a href="#[90]">&gt;&gt;</a>&nbsp;&nbsp;&nbsp;GLCD_SetTextColor
<LI><a href="#[8f]">&gt;&gt;</a>&nbsp;&nbsp;&nbsp;GLCD_SetBackColor
<LI><a href="#[4e]">&gt;&gt;</a>&nbsp;&nbsp;&nbsp;GLCD_DisplayString
<LI><a href="#[4d]">&gt;&gt;</a>&nbsp;&nbsp;&nbsp;GLCD_ClearLn
<LI><a href="#[93]">&gt;&gt;</a>&nbsp;&nbsp;&nbsp;__2snprintf
</UL>
<BR>[Called By]<UL><LI><a href="#[96]">&gt;&gt;</a>&nbsp;&nbsp;&nbsp;selectMenu
</UL>

<P><STRONG><a name="[5f]"></a>__NVIC_DisableIRQ</STRONG> (Thumb, 54 bytes, Stack size 0 bytes, player.o(i.__NVIC_DisableIRQ))
<BR><BR>[Called By]<UL><LI><a href="#[b]">&gt;&gt;</a>&nbsp;&nbsp;&nbsp;TIMER0_IRQHandler
</UL>

<P><STRONG><a name="[5d]"></a>get_potval</STRONG> (Thumb, 58 bytes, Stack size 0 bytes, player.o(i.get_potval))
<BR><BR>[Called By]<UL><LI><a href="#[b]">&gt;&gt;</a>&nbsp;&nbsp;&nbsp;TIMER0_IRQHandler
</UL>

<P><STRONG><a name="[5e]"></a>media_update_volume_ui</STRONG> (Thumb, 102 bytes, Stack size 32 bytes, player.o(i.media_update_volume_ui))
<BR><BR>[Stack]<UL><LI>Max Depth = 192<LI>Call Chain = media_update_volume_ui &rArr; GLCD_DisplayString &rArr; GLCD_DisplayChar &rArr; GLCD_DrawChar &rArr; GLCD_SetWindow &rArr; wr_reg &rArr; wr_dat
</UL>
<BR>[Calls]<UL><LI><a href="#[90]">&gt;&gt;</a>&nbsp;&nbsp;&nbsp;GLCD_SetTextColor
<LI><a href="#[8f]">&gt;&gt;</a>&nbsp;&nbsp;&nbsp;GLCD_SetBackColor
<LI><a href="#[4e]">&gt;&gt;</a>&nbsp;&nbsp;&nbsp;GLCD_DisplayString
<LI><a href="#[4a]">&gt;&gt;</a>&nbsp;&nbsp;&nbsp;GLCD_Bargraph
<LI><a href="#[98]">&gt;&gt;</a>&nbsp;&nbsp;&nbsp;__2sprintf
</UL>
<BR>[Called By]<UL><LI><a href="#[b]">&gt;&gt;</a>&nbsp;&nbsp;&nbsp;TIMER0_IRQHandler
</UL>

<P><STRONG><a name="[57]"></a>gallery_draw_current</STRONG> (Thumb, 98 bytes, Stack size 16 bytes, gallery.o(i.gallery_draw_current))
<BR><BR>[Stack]<UL><LI>Max Depth = 264<LI>Call Chain = gallery_draw_current &rArr; ui_header &rArr; GLCD_ClearLn &rArr; GLCD_DisplayString &rArr; GLCD_DisplayChar &rArr; GLCD_DrawChar &rArr; GLCD_SetWindow &rArr; wr_reg &rArr; wr_dat
</UL>
<BR>[Calls]<UL><LI><a href="#[91]">&gt;&gt;</a>&nbsp;&nbsp;&nbsp;ui_header
<LI><a href="#[90]">&gt;&gt;</a>&nbsp;&nbsp;&nbsp;GLCD_SetTextColor
<LI><a href="#[4e]">&gt;&gt;</a>&nbsp;&nbsp;&nbsp;GLCD_DisplayString
<LI><a href="#[37]">&gt;&gt;</a>&nbsp;&nbsp;&nbsp;GLCD_Clear
<LI><a href="#[4c]">&gt;&gt;</a>&nbsp;&nbsp;&nbsp;GLCD_Bitmap
</UL>
<BR>[Called By]<UL><LI><a href="#[56]">&gt;&gt;</a>&nbsp;&nbsp;&nbsp;Gallery
</UL>

<P><STRONG><a name="[91]"></a>ui_header</STRONG> (Thumb, 54 bytes, Stack size 8 bytes, gallery.o(i.ui_header))
<BR><BR>[Stack]<UL><LI>Max Depth = 248<LI>Call Chain = ui_header &rArr; GLCD_ClearLn &rArr; GLCD_DisplayString &rArr; GLCD_DisplayChar &rArr; GLCD_DrawChar &rArr; GLCD_SetWindow &rArr; wr_reg &rArr; wr_dat
</UL>
<BR>[Calls]<UL><LI><a href="#[90]">&gt;&gt;</a>&nbsp;&nbsp;&nbsp;GLCD_SetTextColor
<LI><a href="#[8f]">&gt;&gt;</a>&nbsp;&nbsp;&nbsp;GLCD_SetBackColor
<LI><a href="#[4e]">&gt;&gt;</a>&nbsp;&nbsp;&nbsp;GLCD_DisplayString
<LI><a href="#[4d]">&gt;&gt;</a>&nbsp;&nbsp;&nbsp;GLCD_ClearLn
</UL>
<BR>[Called By]<UL><LI><a href="#[57]">&gt;&gt;</a>&nbsp;&nbsp;&nbsp;gallery_draw_current
</UL>

<P><STRONG><a name="[43]"></a>clear_bird</STRONG> (Thumb, 32 bytes, Stack size 16 bytes, flappy.o(i.clear_bird))
<BR><BR>[Stack]<UL><LI>Max Depth = 144<LI>Call Chain = clear_bird &rArr; draw_rect &rArr; GLCD_Bargraph &rArr; GLCD_SetWindow &rArr; wr_reg &rArr; wr_dat
</UL>
<BR>[Calls]<UL><LI><a href="#[8e]">&gt;&gt;</a>&nbsp;&nbsp;&nbsp;draw_rect
</UL>
<BR>[Called By]<UL><LI><a href="#[3f]">&gt;&gt;</a>&nbsp;&nbsp;&nbsp;Flappy_Run
</UL>

<P><STRONG><a name="[44]"></a>clear_pipe</STRONG> (Thumb, 90 bytes, Stack size 32 bytes, flappy.o(i.clear_pipe))
<BR><BR>[Stack]<UL><LI>Max Depth = 160<LI>Call Chain = clear_pipe &rArr; draw_rect &rArr; GLCD_Bargraph &rArr; GLCD_SetWindow &rArr; wr_reg &rArr; wr_dat
</UL>
<BR>[Calls]<UL><LI><a href="#[8e]">&gt;&gt;</a>&nbsp;&nbsp;&nbsp;draw_rect
</UL>
<BR>[Called By]<UL><LI><a href="#[3f]">&gt;&gt;</a>&nbsp;&nbsp;&nbsp;Flappy_Run
</UL>

<P><STRONG><a name="[46]"></a>collide</STRONG> (Thumb, 76 bytes, Stack size 12 bytes, flappy.o(i.collide))
<BR><BR>[Stack]<UL><LI>Max Depth = 12<LI>Call Chain = collide
</UL>
<BR>[Called By]<UL><LI><a href="#[3f]">&gt;&gt;</a>&nbsp;&nbsp;&nbsp;Flappy_Run
</UL>

<P><STRONG><a name="[47]"></a>draw_bird</STRONG> (Thumb, 36 bytes, Stack size 16 bytes, flappy.o(i.draw_bird))
<BR><BR>[Stack]<UL><LI>Max Depth = 144<LI>Call Chain = draw_bird &rArr; draw_rect &rArr; GLCD_Bargraph &rArr; GLCD_SetWindow &rArr; wr_reg &rArr; wr_dat
</UL>
<BR>[Calls]<UL><LI><a href="#[8e]">&gt;&gt;</a>&nbsp;&nbsp;&nbsp;draw_rect
</UL>
<BR>[Called By]<UL><LI><a href="#[3f]">&gt;&gt;</a>&nbsp;&nbsp;&nbsp;Flappy_Run
</UL>

<P><STRONG><a name="[45]"></a>draw_pipe</STRONG> (Thumb, 98 bytes, Stack size 32 bytes, flappy.o(i.draw_pipe))
<BR><BR>[Stack]<UL><LI>Max Depth = 160<LI>Call Chain = draw_pipe &rArr; draw_rect &rArr; GLCD_Bargraph &rArr; GLCD_SetWindow &rArr; wr_reg &rArr; wr_dat
</UL>
<BR>[Calls]<UL><LI><a href="#[8e]">&gt;&gt;</a>&nbsp;&nbsp;&nbsp;draw_rect
</UL>
<BR>[Called By]<UL><LI><a href="#[3f]">&gt;&gt;</a>&nbsp;&nbsp;&nbsp;Flappy_Run
</UL>

<P><STRONG><a name="[8e]"></a>draw_rect</STRONG> (Thumb, 62 bytes, Stack size 40 bytes, flappy.o(i.draw_rect))
<BR><BR>[Stack]<UL><LI>Max Depth = 128<LI>Call Chain = draw_rect &rArr; GLCD_Bargraph &rArr; GLCD_SetWindow &rArr; wr_reg &rArr; wr_dat
</UL>
<BR>[Calls]<UL><LI><a href="#[90]">&gt;&gt;</a>&nbsp;&nbsp;&nbsp;GLCD_SetTextColor
<LI><a href="#[8f]">&gt;&gt;</a>&nbsp;&nbsp;&nbsp;GLCD_SetBackColor
<LI><a href="#[4a]">&gt;&gt;</a>&nbsp;&nbsp;&nbsp;GLCD_Bargraph
</UL>
<BR>[Called By]<UL><LI><a href="#[45]">&gt;&gt;</a>&nbsp;&nbsp;&nbsp;draw_pipe
<LI><a href="#[47]">&gt;&gt;</a>&nbsp;&nbsp;&nbsp;draw_bird
<LI><a href="#[44]">&gt;&gt;</a>&nbsp;&nbsp;&nbsp;clear_pipe
<LI><a href="#[43]">&gt;&gt;</a>&nbsp;&nbsp;&nbsp;clear_bird
</UL>

<P><STRONG><a name="[49]"></a>game_over_screen</STRONG> (Thumb, 50 bytes, Stack size 8 bytes, flappy.o(i.game_over_screen))
<BR><BR>[Stack]<UL><LI>Max Depth = 168<LI>Call Chain = game_over_screen &rArr; GLCD_DisplayString &rArr; GLCD_DisplayChar &rArr; GLCD_DrawChar &rArr; GLCD_SetWindow &rArr; wr_reg &rArr; wr_dat
</UL>
<BR>[Calls]<UL><LI><a href="#[90]">&gt;&gt;</a>&nbsp;&nbsp;&nbsp;GLCD_SetTextColor
<LI><a href="#[8f]">&gt;&gt;</a>&nbsp;&nbsp;&nbsp;GLCD_SetBackColor
<LI><a href="#[4e]">&gt;&gt;</a>&nbsp;&nbsp;&nbsp;GLCD_DisplayString
</UL>
<BR>[Called By]<UL><LI><a href="#[3f]">&gt;&gt;</a>&nbsp;&nbsp;&nbsp;Flappy_Run
</UL>

<P><STRONG><a name="[41]"></a>hud_draw</STRONG> (Thumb, 70 bytes, Stack size 40 bytes, flappy.o(i.hud_draw))
<BR><BR>[Stack]<UL><LI>Max Depth = 280<LI>Call Chain = hud_draw &rArr; GLCD_ClearLn &rArr; GLCD_DisplayString &rArr; GLCD_DisplayChar &rArr; GLCD_DrawChar &rArr; GLCD_SetWindow &rArr; wr_reg &rArr; wr_dat
</UL>
<BR>[Calls]<UL><LI><a href="#[90]">&gt;&gt;</a>&nbsp;&nbsp;&nbsp;GLCD_SetTextColor
<LI><a href="#[8f]">&gt;&gt;</a>&nbsp;&nbsp;&nbsp;GLCD_SetBackColor
<LI><a href="#[4e]">&gt;&gt;</a>&nbsp;&nbsp;&nbsp;GLCD_DisplayString
<LI><a href="#[4d]">&gt;&gt;</a>&nbsp;&nbsp;&nbsp;GLCD_ClearLn
<LI><a href="#[93]">&gt;&gt;</a>&nbsp;&nbsp;&nbsp;__2snprintf
</UL>
<BR>[Called By]<UL><LI><a href="#[3f]">&gt;&gt;</a>&nbsp;&nbsp;&nbsp;Flappy_Run
</UL>

<P><STRONG><a name="[48]"></a>wait_short</STRONG> (Thumb, 28 bytes, Stack size 8 bytes, flappy.o(i.wait_short))
<BR><BR>[Stack]<UL><LI>Max Depth = 8<LI>Call Chain = wait_short
</UL>
<BR>[Called By]<UL><LI><a href="#[3f]">&gt;&gt;</a>&nbsp;&nbsp;&nbsp;Flappy_Run
</UL>

<P><STRONG><a name="[89]"></a>_printf_core</STRONG> (Thumb, 748 bytes, Stack size 96 bytes, printf6.o(i._printf_core), UNUSED)
<BR><BR>[Calls]<UL><LI><a href="#[8c]">&gt;&gt;</a>&nbsp;&nbsp;&nbsp;__aeabi_uidivmod
<LI><a href="#[8b]">&gt;&gt;</a>&nbsp;&nbsp;&nbsp;_printf_pre_padding
<LI><a href="#[8d]">&gt;&gt;</a>&nbsp;&nbsp;&nbsp;_printf_post_padding
</UL>
<BR>[Called By]<UL><LI><a href="#[8a]">&gt;&gt;</a>&nbsp;&nbsp;&nbsp;__0sprintf$6
<LI><a href="#[88]">&gt;&gt;</a>&nbsp;&nbsp;&nbsp;__0snprintf$6
</UL>

<P><STRONG><a name="[8d]"></a>_printf_post_padding</STRONG> (Thumb, 36 bytes, Stack size 24 bytes, printf6.o(i._printf_post_padding), UNUSED)
<BR><BR>[Called By]<UL><LI><a href="#[89]">&gt;&gt;</a>&nbsp;&nbsp;&nbsp;_printf_core
</UL>

<P><STRONG><a name="[8b]"></a>_printf_pre_padding</STRONG> (Thumb, 46 bytes, Stack size 24 bytes, printf6.o(i._printf_pre_padding), UNUSED)
<BR><BR>[Called By]<UL><LI><a href="#[89]">&gt;&gt;</a>&nbsp;&nbsp;&nbsp;_printf_core
</UL>

<P><STRONG><a name="[30]"></a>_snputc</STRONG> (Thumb, 22 bytes, Stack size 0 bytes, printf6.o(i._snputc))
<BR>[Address Reference Count : 1]<UL><LI> printf6.o(i.__0snprintf$6)
</UL>
<P><STRONG><a name="[31]"></a>_sputc</STRONG> (Thumb, 10 bytes, Stack size 0 bytes, printf6.o(i._sputc))
<BR><BR>[Called By]<UL><LI><a href="#[8a]">&gt;&gt;</a>&nbsp;&nbsp;&nbsp;__0sprintf$6
</UL>
<BR>[Address Reference Count : 1]<UL><LI> printf6.o(i.__0sprintf$6)
</UL><P>
<H3>
Undefined Global Symbols
</H3><HR></body></html>
